000 (11547051.000.000) 2026-07-28 10:19:36 Job submitted from host: <157.82.112.73:961?addrs=157.82.112.73-961&alias=lxmaster02.icepp.jp&noUDP&sock=schedd_16294_e83e>
...
001 (11547051.000.000) 2026-07-28 10:19:52 Job executing on host: <157.82.114.2:961?addrs=157.82.114.2-961+[2404-d540-1-589-3-2-1-572]-961&alias=lxb057-2.icepp.jp&noUDP&sock=startd_16793_2e00>
	SlotName: slot1_18@lxb057-2.icepp.jp
	CondorScratchDir = "/pool/condor/execute/dir_408434"
	Cpus = 1
	Disk = 2313
	GPUs = 0
	Memory = 5120
...
006 (11547051.000.000) 2026-07-28 10:20:01 Image size of job updated: 199292
	195  -  MemoryUsage of job (MB)
	199292  -  ResidentSetSize of job (KB)
...
006 (11547051.000.000) 2026-07-28 10:20:32 Image size of job updated: 915016
	894  -  MemoryUsage of job (MB)
	915016  -  ResidentSetSize of job (KB)
...
006 (11547051.000.000) 2026-07-28 10:21:02 Image size of job updated: 1068852
	1044  -  MemoryUsage of job (MB)
	1068852  -  ResidentSetSize of job (KB)
...
006 (11547051.000.000) 2026-07-28 10:21:32 Image size of job updated: 1506492
	1472  -  MemoryUsage of job (MB)
	1506492  -  ResidentSetSize of job (KB)
...
006 (11547051.000.000) 2026-07-28 10:22:02 Image size of job updated: 1511940
	1477  -  MemoryUsage of job (MB)
	1511940  -  ResidentSetSize of job (KB)
...
006 (11547051.000.000) 2026-07-28 10:22:14 Image size of job updated: 1512760
	1477  -  MemoryUsage of job (MB)
	1511940  -  ResidentSetSize of job (KB)
...
005 (11547051.000.000) 2026-07-28 10:22:14 Job terminated.
	(1) Normal termination (return value 0)
		Usr 0 00:02:04, Sys 0 00:00:03  -  Run Remote Usage
		Usr 0 00:00:00, Sys 0 00:00:00  -  Run Local Usage
		Usr 0 00:02:04, Sys 0 00:00:03  -  Total Remote Usage
		Usr 0 00:00:00, Sys 0 00:00:00  -  Total Local Usage
	0  -  Run Bytes Sent By Job
	0  -  Run Bytes Received By Job
	0  -  Total Bytes Sent By Job
	0  -  Total Bytes Received By Job
	Partitionable Resources :    Usage  Request Allocated 
	   Cpus                 :     0.94        1         1 
	   Disk (KB)            :     1           1      2313 
	   GPUs                 :                           0 
	   Memory (MB)          :  1477        5120      5120 
	   TimeExecute (s)      :   142                       
	   TimeSlotBusy (s)     :   142                       
...
