000 (11547052.000.000) 2026-07-28 13:02:15 Job submitted from host: <157.82.112.73:961?addrs=157.82.112.73-961&alias=lxmaster02.icepp.jp&noUDP&sock=schedd_16294_e83e>
...
001 (11547052.000.000) 2026-07-28 13:02:16 Job executing on host: <157.82.114.13:961?addrs=157.82.114.13-961+[2404-d540-1-589-3-2-1-601]-961&alias=lxb060-1.icepp.jp&noUDP&sock=startd_16647_092c>
	SlotName: slot1_30@lxb060-1.icepp.jp
	CondorScratchDir = "/pool/condor/execute/dir_2092558"
	Cpus = 1
	Disk = 2313
	GPUs = 0
	Memory = 5120
...
006 (11547052.000.000) 2026-07-28 13:02:25 Image size of job updated: 196992
	193  -  MemoryUsage of job (MB)
	196992  -  ResidentSetSize of job (KB)
...
006 (11547052.000.000) 2026-07-28 13:02:56 Image size of job updated: 919704
	899  -  MemoryUsage of job (MB)
	919704  -  ResidentSetSize of job (KB)
...
006 (11547052.000.000) 2026-07-28 13:03:27 Image size of job updated: 1251380
	1223  -  MemoryUsage of job (MB)
	1251380  -  ResidentSetSize of job (KB)
...
006 (11547052.000.000) 2026-07-28 13:03:58 Image size of job updated: 1503744
	1469  -  MemoryUsage of job (MB)
	1503744  -  ResidentSetSize of job (KB)
...
006 (11547052.000.000) 2026-07-28 13:04:28 Image size of job updated: 1506004
	1471  -  MemoryUsage of job (MB)
	1506004  -  ResidentSetSize of job (KB)
...
006 (11547052.000.000) 2026-07-28 13:04:32 Image size of job updated: 1506400
	1471  -  MemoryUsage of job (MB)
	1506004  -  ResidentSetSize of job (KB)
...
005 (11547052.000.000) 2026-07-28 13:04:33 Job terminated.
	(1) Normal termination (return value 0)
		Usr 0 00:01:58, Sys 0 00:00:03  -  Run Remote Usage
		Usr 0 00:00:00, Sys 0 00:00:00  -  Run Local Usage
		Usr 0 00:01:58, Sys 0 00:00:03  -  Total Remote Usage
		Usr 0 00:00:00, Sys 0 00:00:00  -  Total Local Usage
	0  -  Run Bytes Sent By Job
	0  -  Run Bytes Received By Job
	0  -  Total Bytes Sent By Job
	0  -  Total Bytes Received By Job
	Partitionable Resources :    Usage  Request Allocated 
	   Cpus                 :     0.95        1         1 
	   Disk (KB)            :     1           1      2313 
	   GPUs                 :                           0 
	   Memory (MB)          :  1471        5120      5120 
	   TimeExecute (s)      :   136                       
	   TimeSlotBusy (s)     :   136                       
...
