000 (11557700.000.000) 2026-07-30 21:50:12 Job submitted from host: <157.82.112.73:961?addrs=157.82.112.73-961&alias=lxmaster02.icepp.jp&noUDP&sock=schedd_16294_e83e>
...
000 (11557700.001.000) 2026-07-30 21:50:12 Job submitted from host: <157.82.112.73:961?addrs=157.82.112.73-961&alias=lxmaster02.icepp.jp&noUDP&sock=schedd_16294_e83e>
...
000 (11557700.002.000) 2026-07-30 21:50:12 Job submitted from host: <157.82.112.73:961?addrs=157.82.112.73-961&alias=lxmaster02.icepp.jp&noUDP&sock=schedd_16294_e83e>
...
000 (11557700.003.000) 2026-07-30 21:50:12 Job submitted from host: <157.82.112.73:961?addrs=157.82.112.73-961&alias=lxmaster02.icepp.jp&noUDP&sock=schedd_16294_e83e>
...
000 (11557700.004.000) 2026-07-30 21:50:12 Job submitted from host: <157.82.112.73:961?addrs=157.82.112.73-961&alias=lxmaster02.icepp.jp&noUDP&sock=schedd_16294_e83e>
...
000 (11557700.005.000) 2026-07-30 21:50:12 Job submitted from host: <157.82.112.73:961?addrs=157.82.112.73-961&alias=lxmaster02.icepp.jp&noUDP&sock=schedd_16294_e83e>
...
000 (11557700.006.000) 2026-07-30 21:50:12 Job submitted from host: <157.82.112.73:961?addrs=157.82.112.73-961&alias=lxmaster02.icepp.jp&noUDP&sock=schedd_16294_e83e>
...
000 (11557700.007.000) 2026-07-30 21:50:12 Job submitted from host: <157.82.112.73:961?addrs=157.82.112.73-961&alias=lxmaster02.icepp.jp&noUDP&sock=schedd_16294_e83e>
...
001 (11557700.000.000) 2026-07-30 21:50:13 Job executing on host: <157.82.114.7:961?addrs=157.82.114.7-961+[2404-d540-1-589-3-2-1-583]-961&alias=lxb058-3.icepp.jp&noUDP&sock=startd_16343_8462>
	SlotName: slot1_15@lxb058-3.icepp.jp
	CondorScratchDir = "/pool/condor/execute/dir_2286413"
	Cpus = 1
	Disk = 2313
	GPUs = 0
	Memory = 5120
...
001 (11557700.001.000) 2026-07-30 21:50:13 Job executing on host: <157.82.114.28:961?addrs=157.82.114.28-961+[2404-d540-1-589-3-2-1-634]-961&alias=lxb063-4.icepp.jp&noUDP&sock=startd_16431_e0b7>
	SlotName: slot1_29@lxb063-4.icepp.jp
	CondorScratchDir = "/pool/condor/execute/dir_1021100"
	Cpus = 1
	Disk = 2313
	GPUs = 0
	Memory = 5120
...
001 (11557700.002.000) 2026-07-30 21:50:13 Job executing on host: <157.82.114.21:961?addrs=157.82.114.21-961+[2404-d540-1-589-3-2-1-621]-961&alias=lxb062-1.icepp.jp&noUDP&sock=startd_16821_62a7>
	SlotName: slot1_4@lxb062-1.icepp.jp
	CondorScratchDir = "/pool/condor/execute/dir_2198321"
	Cpus = 1
	Disk = 2313
	GPUs = 0
	Memory = 5120
...
001 (11557700.003.000) 2026-07-30 21:50:13 Job executing on host: <157.82.114.27:961?addrs=157.82.114.27-961+[2404-d540-1-589-3-2-1-633]-961&alias=lxb063-3.icepp.jp&noUDP&sock=startd_16811_86b4>
	SlotName: slot1_13@lxb063-3.icepp.jp
	CondorScratchDir = "/pool/condor/execute/dir_3810952"
	Cpus = 1
	Disk = 2313
	GPUs = 0
	Memory = 5120
...
001 (11557700.004.000) 2026-07-30 21:50:13 Job executing on host: <157.82.114.13:961?addrs=157.82.114.13-961+[2404-d540-1-589-3-2-1-601]-961&alias=lxb060-1.icepp.jp&noUDP&sock=startd_16647_092c>
	SlotName: slot1_9@lxb060-1.icepp.jp
	CondorScratchDir = "/pool/condor/execute/dir_3782688"
	Cpus = 1
	Disk = 2313
	GPUs = 0
	Memory = 5120
...
001 (11557700.005.000) 2026-07-30 21:50:13 Job executing on host: <157.82.114.26:961?addrs=157.82.114.26-961+[2404-d540-1-589-3-2-1-632]-961&alias=lxb063-2.icepp.jp&noUDP&sock=startd_16465_32f0>
	SlotName: slot1_31@lxb063-2.icepp.jp
	CondorScratchDir = "/pool/condor/execute/dir_1609066"
	Cpus = 1
	Disk = 2313
	GPUs = 0
	Memory = 5120
...
001 (11557700.006.000) 2026-07-30 21:50:13 Job executing on host: <157.82.114.30:961?addrs=157.82.114.30-961+[2404-d540-1-589-3-2-1-642]-961&alias=lxb064-2.icepp.jp&noUDP&sock=startd_16301_b567>
	SlotName: slot1_33@lxb064-2.icepp.jp
	CondorScratchDir = "/pool/condor/execute/dir_884898"
	Cpus = 1
	Disk = 2313
	GPUs = 0
	Memory = 5120
...
001 (11557700.007.000) 2026-07-30 21:50:13 Job executing on host: <157.82.114.31:961?addrs=157.82.114.31-961+[2404-d540-1-589-3-2-1-643]-961&alias=lxb064-3.icepp.jp&noUDP&sock=startd_16286_6b7c>
	SlotName: slot1_42@lxb064-3.icepp.jp
	CondorScratchDir = "/pool/condor/execute/dir_3499201"
	Cpus = 1
	Disk = 2313
	GPUs = 0
	Memory = 5120
...
006 (11557700.000.000) 2026-07-30 21:50:21 Image size of job updated: 233744
	229  -  MemoryUsage of job (MB)
	233744  -  ResidentSetSize of job (KB)
...
006 (11557700.001.000) 2026-07-30 21:50:21 Image size of job updated: 254764
	249  -  MemoryUsage of job (MB)
	254764  -  ResidentSetSize of job (KB)
...
006 (11557700.003.000) 2026-07-30 21:50:21 Image size of job updated: 151424
	148  -  MemoryUsage of job (MB)
	151424  -  ResidentSetSize of job (KB)
...
006 (11557700.002.000) 2026-07-30 21:50:21 Image size of job updated: 274708
	269  -  MemoryUsage of job (MB)
	274708  -  ResidentSetSize of job (KB)
...
006 (11557700.004.000) 2026-07-30 21:50:21 Image size of job updated: 161068
	158  -  MemoryUsage of job (MB)
	161068  -  ResidentSetSize of job (KB)
...
006 (11557700.005.000) 2026-07-30 21:50:21 Image size of job updated: 197504
	193  -  MemoryUsage of job (MB)
	197504  -  ResidentSetSize of job (KB)
...
006 (11557700.006.000) 2026-07-30 21:50:21 Image size of job updated: 232300
	227  -  MemoryUsage of job (MB)
	232300  -  ResidentSetSize of job (KB)
...
006 (11557700.007.000) 2026-07-30 21:50:21 Image size of job updated: 216212
	212  -  MemoryUsage of job (MB)
	216212  -  ResidentSetSize of job (KB)
...
006 (11557700.000.000) 2026-07-30 21:50:51 Image size of job updated: 916508
	896  -  MemoryUsage of job (MB)
	916508  -  ResidentSetSize of job (KB)
...
006 (11557700.001.000) 2026-07-30 21:50:51 Image size of job updated: 917136
	896  -  MemoryUsage of job (MB)
	917136  -  ResidentSetSize of job (KB)
...
006 (11557700.003.000) 2026-07-30 21:50:51 Image size of job updated: 916924
	896  -  MemoryUsage of job (MB)
	916924  -  ResidentSetSize of job (KB)
...
006 (11557700.002.000) 2026-07-30 21:50:51 Image size of job updated: 917280
	896  -  MemoryUsage of job (MB)
	917280  -  ResidentSetSize of job (KB)
...
006 (11557700.004.000) 2026-07-30 21:50:51 Image size of job updated: 918728
	898  -  MemoryUsage of job (MB)
	918728  -  ResidentSetSize of job (KB)
...
006 (11557700.005.000) 2026-07-30 21:50:51 Image size of job updated: 916816
	896  -  MemoryUsage of job (MB)
	916816  -  ResidentSetSize of job (KB)
...
006 (11557700.006.000) 2026-07-30 21:50:51 Image size of job updated: 914372
	893  -  MemoryUsage of job (MB)
	914372  -  ResidentSetSize of job (KB)
...
006 (11557700.007.000) 2026-07-30 21:50:51 Image size of job updated: 916772
	896  -  MemoryUsage of job (MB)
	916772  -  ResidentSetSize of job (KB)
...
006 (11557700.000.000) 2026-07-30 21:51:21 Image size of job updated: 1215336
	1187  -  MemoryUsage of job (MB)
	1215336  -  ResidentSetSize of job (KB)
...
006 (11557700.001.000) 2026-07-30 21:51:21 Image size of job updated: 1257056
	1228  -  MemoryUsage of job (MB)
	1257056  -  ResidentSetSize of job (KB)
...
006 (11557700.003.000) 2026-07-30 21:51:21 Image size of job updated: 1208868
	1181  -  MemoryUsage of job (MB)
	1208868  -  ResidentSetSize of job (KB)
...
006 (11557700.002.000) 2026-07-30 21:51:21 Image size of job updated: 1253848
	1225  -  MemoryUsage of job (MB)
	1253848  -  ResidentSetSize of job (KB)
...
006 (11557700.004.000) 2026-07-30 21:51:21 Image size of job updated: 1210368
	1182  -  MemoryUsage of job (MB)
	1210368  -  ResidentSetSize of job (KB)
...
006 (11557700.005.000) 2026-07-30 21:51:21 Image size of job updated: 1209248
	1181  -  MemoryUsage of job (MB)
	1209248  -  ResidentSetSize of job (KB)
...
006 (11557700.006.000) 2026-07-30 21:51:21 Image size of job updated: 1251716
	1223  -  MemoryUsage of job (MB)
	1251716  -  ResidentSetSize of job (KB)
...
006 (11557700.007.000) 2026-07-30 21:51:21 Image size of job updated: 1228056
	1200  -  MemoryUsage of job (MB)
	1228056  -  ResidentSetSize of job (KB)
...
006 (11557700.000.000) 2026-07-30 21:51:51 Image size of job updated: 1497872
	1463  -  MemoryUsage of job (MB)
	1497872  -  ResidentSetSize of job (KB)
...
006 (11557700.001.000) 2026-07-30 21:51:51 Image size of job updated: 1519384
	1484  -  MemoryUsage of job (MB)
	1519384  -  ResidentSetSize of job (KB)
...
006 (11557700.003.000) 2026-07-30 21:51:51 Image size of job updated: 1512484
	1478  -  MemoryUsage of job (MB)
	1512484  -  ResidentSetSize of job (KB)
...
006 (11557700.002.000) 2026-07-30 21:51:51 Image size of job updated: 1514540
	1480  -  MemoryUsage of job (MB)
	1514540  -  ResidentSetSize of job (KB)
...
006 (11557700.004.000) 2026-07-30 21:51:51 Image size of job updated: 1494704
	1460  -  MemoryUsage of job (MB)
	1494704  -  ResidentSetSize of job (KB)
...
006 (11557700.005.000) 2026-07-30 21:51:51 Image size of job updated: 1494416
	1460  -  MemoryUsage of job (MB)
	1494416  -  ResidentSetSize of job (KB)
...
006 (11557700.006.000) 2026-07-30 21:51:51 Image size of job updated: 1494628
	1460  -  MemoryUsage of job (MB)
	1494628  -  ResidentSetSize of job (KB)
...
006 (11557700.007.000) 2026-07-30 21:51:51 Image size of job updated: 1495552
	1461  -  MemoryUsage of job (MB)
	1495552  -  ResidentSetSize of job (KB)
...
006 (11557700.000.000) 2026-07-30 21:52:21 Image size of job updated: 1524688
	1489  -  MemoryUsage of job (MB)
	1524688  -  ResidentSetSize of job (KB)
...
006 (11557700.001.000) 2026-07-30 21:52:21 Image size of job updated: 1523680
	1488  -  MemoryUsage of job (MB)
	1523680  -  ResidentSetSize of job (KB)
...
006 (11557700.003.000) 2026-07-30 21:52:21 Image size of job updated: 1518784
	1484  -  MemoryUsage of job (MB)
	1518784  -  ResidentSetSize of job (KB)
...
006 (11557700.002.000) 2026-07-30 21:52:21 Image size of job updated: 1519184
	1484  -  MemoryUsage of job (MB)
	1519184  -  ResidentSetSize of job (KB)
...
006 (11557700.004.000) 2026-07-30 21:52:21 Image size of job updated: 1502732
	1468  -  MemoryUsage of job (MB)
	1502732  -  ResidentSetSize of job (KB)
...
006 (11557700.005.000) 2026-07-30 21:52:21 Image size of job updated: 1522552
	1487  -  MemoryUsage of job (MB)
	1522552  -  ResidentSetSize of job (KB)
...
006 (11557700.006.000) 2026-07-30 21:52:21 Image size of job updated: 1519500
	1484  -  MemoryUsage of job (MB)
	1519500  -  ResidentSetSize of job (KB)
...
006 (11557700.007.000) 2026-07-30 21:52:21 Image size of job updated: 1520700
	1486  -  MemoryUsage of job (MB)
	1520700  -  ResidentSetSize of job (KB)
...
006 (11557700.007.000) 2026-07-30 21:52:39 Image size of job updated: 1521612
	1486  -  MemoryUsage of job (MB)
	1520700  -  ResidentSetSize of job (KB)
...
005 (11557700.007.000) 2026-07-30 21:52:39 Job terminated.
	(1) Normal termination (return value 0)
		Usr 0 00:02:06, Sys 0 00:00:03  -  Run Remote Usage
		Usr 0 00:00:00, Sys 0 00:00:00  -  Run Local Usage
		Usr 0 00:02:06, Sys 0 00:00:03  -  Total Remote Usage
		Usr 0 00:00:00, Sys 0 00:00:00  -  Total Local Usage
	0  -  Run Bytes Sent By Job
	0  -  Run Bytes Received By Job
	0  -  Total Bytes Sent By Job
	0  -  Total Bytes Received By Job
	Partitionable Resources :    Usage  Request Allocated 
	   Cpus                 :     0.52        1         1 
	   Disk (KB)            :     1           1      2313 
	   GPUs                 :                           0 
	   Memory (MB)          :  1486        5120      5120 
	   TimeExecute (s)      :   146                       
	   TimeSlotBusy (s)     :   146                       
...
006 (11557700.006.000) 2026-07-30 21:52:40 Image size of job updated: 1520608
	1484  -  MemoryUsage of job (MB)
	1519500  -  ResidentSetSize of job (KB)
...
005 (11557700.006.000) 2026-07-30 21:52:40 Job terminated.
	(1) Normal termination (return value 0)
		Usr 0 00:02:05, Sys 0 00:00:03  -  Run Remote Usage
		Usr 0 00:00:00, Sys 0 00:00:00  -  Run Local Usage
		Usr 0 00:02:05, Sys 0 00:00:03  -  Total Remote Usage
		Usr 0 00:00:00, Sys 0 00:00:00  -  Total Local Usage
	0  -  Run Bytes Sent By Job
	0  -  Run Bytes Received By Job
	0  -  Total Bytes Sent By Job
	0  -  Total Bytes Received By Job
	Partitionable Resources :    Usage  Request Allocated 
	   Cpus                 :     0.02        1         1 
	   Disk (KB)            :     1           1      2313 
	   GPUs                 :                           0 
	   Memory (MB)          :  1484        5120      5120 
	   TimeExecute (s)      :   147                       
	   TimeSlotBusy (s)     :   147                       
...
006 (11557700.004.000) 2026-07-30 21:52:40 Image size of job updated: 1524480
	1468  -  MemoryUsage of job (MB)
	1502732  -  ResidentSetSize of job (KB)
...
005 (11557700.004.000) 2026-07-30 21:52:40 Job terminated.
	(1) Normal termination (return value 0)
		Usr 0 00:02:04, Sys 0 00:00:03  -  Run Remote Usage
		Usr 0 00:00:00, Sys 0 00:00:00  -  Run Local Usage
		Usr 0 00:02:04, Sys 0 00:00:03  -  Total Remote Usage
		Usr 0 00:00:00, Sys 0 00:00:00  -  Total Local Usage
	0  -  Run Bytes Sent By Job
	0  -  Run Bytes Received By Job
	0  -  Total Bytes Sent By Job
	0  -  Total Bytes Received By Job
	Partitionable Resources :    Usage  Request Allocated 
	   Cpus                 :     0.50        1         1 
	   Disk (KB)            :     1           1      2313 
	   GPUs                 :                           0 
	   Memory (MB)          :  1468        5120      5120 
	   TimeExecute (s)      :   147                       
	   TimeSlotBusy (s)     :   147                       
...
006 (11557700.005.000) 2026-07-30 21:52:42 Image size of job updated: 1523816
	1487  -  MemoryUsage of job (MB)
	1522552  -  ResidentSetSize of job (KB)
...
005 (11557700.005.000) 2026-07-30 21:52:43 Job terminated.
	(1) Normal termination (return value 0)
		Usr 0 00:02:05, Sys 0 00:00:03  -  Run Remote Usage
		Usr 0 00:00:00, Sys 0 00:00:00  -  Run Local Usage
		Usr 0 00:02:05, Sys 0 00:00:03  -  Total Remote Usage
		Usr 0 00:00:00, Sys 0 00:00:00  -  Total Local Usage
	0  -  Run Bytes Sent By Job
	0  -  Run Bytes Received By Job
	0  -  Total Bytes Sent By Job
	0  -  Total Bytes Received By Job
	Partitionable Resources :    Usage  Request Allocated 
	   Cpus                 :     0.45        1         1 
	   Disk (KB)            :     1           1      2313 
	   GPUs                 :                           0 
	   Memory (MB)          :  1487        5120      5120 
	   TimeExecute (s)      :   149                       
	   TimeSlotBusy (s)     :   149                       
...
006 (11557700.003.000) 2026-07-30 21:52:43 Image size of job updated: 1520032
	1484  -  MemoryUsage of job (MB)
	1518784  -  ResidentSetSize of job (KB)
...
005 (11557700.003.000) 2026-07-30 21:52:43 Job terminated.
	(1) Normal termination (return value 0)
		Usr 0 00:02:04, Sys 0 00:00:03  -  Run Remote Usage
		Usr 0 00:00:00, Sys 0 00:00:00  -  Run Local Usage
		Usr 0 00:02:04, Sys 0 00:00:03  -  Total Remote Usage
		Usr 0 00:00:00, Sys 0 00:00:00  -  Total Local Usage
	0  -  Run Bytes Sent By Job
	0  -  Run Bytes Received By Job
	0  -  Total Bytes Sent By Job
	0  -  Total Bytes Received By Job
	Partitionable Resources :    Usage  Request Allocated 
	   Cpus                 :     0.87        1         1 
	   Disk (KB)            :     1           1      2313 
	   GPUs                 :                           0 
	   Memory (MB)          :  1484        5120      5120 
	   TimeExecute (s)      :   150                       
	   TimeSlotBusy (s)     :   150                       
...
006 (11557700.001.000) 2026-07-30 21:52:43 Image size of job updated: 1524920
	1488  -  MemoryUsage of job (MB)
	1523680  -  ResidentSetSize of job (KB)
...
005 (11557700.001.000) 2026-07-30 21:52:44 Job terminated.
	(1) Normal termination (return value 0)
		Usr 0 00:02:07, Sys 0 00:00:03  -  Run Remote Usage
		Usr 0 00:00:00, Sys 0 00:00:00  -  Run Local Usage
		Usr 0 00:02:07, Sys 0 00:00:03  -  Total Remote Usage
		Usr 0 00:00:00, Sys 0 00:00:00  -  Total Local Usage
	0  -  Run Bytes Sent By Job
	0  -  Run Bytes Received By Job
	0  -  Total Bytes Sent By Job
	0  -  Total Bytes Received By Job
	Partitionable Resources :    Usage  Request Allocated 
	   Cpus                 :     0.87        1         1 
	   Disk (KB)            :     1           1      2313 
	   GPUs                 :                           0 
	   Memory (MB)          :  1488        5120      5120 
	   TimeExecute (s)      :   150                       
	   TimeSlotBusy (s)     :   150                       
...
006 (11557700.002.000) 2026-07-30 21:52:44 Image size of job updated: 1520356
	1484  -  MemoryUsage of job (MB)
	1519184  -  ResidentSetSize of job (KB)
...
005 (11557700.002.000) 2026-07-30 21:52:44 Job terminated.
	(1) Normal termination (return value 0)
		Usr 0 00:02:07, Sys 0 00:00:03  -  Run Remote Usage
		Usr 0 00:00:00, Sys 0 00:00:00  -  Run Local Usage
		Usr 0 00:02:07, Sys 0 00:00:03  -  Total Remote Usage
		Usr 0 00:00:00, Sys 0 00:00:00  -  Total Local Usage
	0  -  Run Bytes Sent By Job
	0  -  Run Bytes Received By Job
	0  -  Total Bytes Sent By Job
	0  -  Total Bytes Received By Job
	Partitionable Resources :    Usage  Request Allocated 
	   Cpus                 :     0.68        1         1 
	   Disk (KB)            :     1           1      2313 
	   GPUs                 :                           0 
	   Memory (MB)          :  1484        5120      5120 
	   TimeExecute (s)      :   151                       
	   TimeSlotBusy (s)     :   151                       
...
006 (11557700.000.000) 2026-07-30 21:52:50 Image size of job updated: 1526196
	1489  -  MemoryUsage of job (MB)
	1524688  -  ResidentSetSize of job (KB)
...
005 (11557700.000.000) 2026-07-30 21:52:50 Job terminated.
	(1) Normal termination (return value 0)
		Usr 0 00:02:08, Sys 0 00:00:03  -  Run Remote Usage
		Usr 0 00:00:00, Sys 0 00:00:00  -  Run Local Usage
		Usr 0 00:02:08, Sys 0 00:00:03  -  Total Remote Usage
		Usr 0 00:00:00, Sys 0 00:00:00  -  Total Local Usage
	0  -  Run Bytes Sent By Job
	0  -  Run Bytes Received By Job
	0  -  Total Bytes Sent By Job
	0  -  Total Bytes Received By Job
	Partitionable Resources :    Usage  Request Allocated 
	   Cpus                 :     0.58        1         1 
	   Disk (KB)            :     1           1      2313 
	   GPUs                 :                           0 
	   Memory (MB)          :  1489        5120      5120 
	   TimeExecute (s)      :   157                       
	   TimeSlotBusy (s)     :   157                       
...
