000 (11557695.000.000) 2026-07-30 21:25:27 Job submitted from host: <157.82.112.73:961?addrs=157.82.112.73-961&alias=lxmaster02.icepp.jp&noUDP&sock=schedd_16294_e83e>
...
001 (11557695.000.000) 2026-07-30 21:25:30 Job executing on host: <157.82.114.8:961?addrs=157.82.114.8-961+[2404-d540-1-589-3-2-1-584]-961&alias=lxb058-4.icepp.jp&noUDP&sock=startd_16113_c199>
	SlotName: slot1_37@lxb058-4.icepp.jp
	CondorScratchDir = "/pool/condor/execute/dir_2827003"
	Cpus = 1
	Disk = 2313
	GPUs = 0
	Memory = 5120
...
006 (11557695.000.000) 2026-07-30 21:25:39 Image size of job updated: 216200
	212  -  MemoryUsage of job (MB)
	216200  -  ResidentSetSize of job (KB)
...
006 (11557695.000.000) 2026-07-30 21:26:10 Image size of job updated: 917124
	896  -  MemoryUsage of job (MB)
	917124  -  ResidentSetSize of job (KB)
...
006 (11557695.000.000) 2026-07-30 21:26:41 Image size of job updated: 1277680
	1248  -  MemoryUsage of job (MB)
	1277680  -  ResidentSetSize of job (KB)
...
006 (11557695.000.000) 2026-07-30 21:27:12 Image size of job updated: 1522400
	1487  -  MemoryUsage of job (MB)
	1522400  -  ResidentSetSize of job (KB)
...
006 (11557695.000.000) 2026-07-30 21:27:43 Image size of job updated: 1524828
	1490  -  MemoryUsage of job (MB)
	1524828  -  ResidentSetSize of job (KB)
...
006 (11557695.000.000) 2026-07-30 21:27:59 Image size of job updated: 1525780
	1490  -  MemoryUsage of job (MB)
	1524828  -  ResidentSetSize of job (KB)
...
005 (11557695.000.000) 2026-07-30 21:27:59 Job terminated.
	(1) Normal termination (return value 0)
		Usr 0 00:02:07, Sys 0 00:00:03  -  Run Remote Usage
		Usr 0 00:00:00, Sys 0 00:00:00  -  Run Local Usage
		Usr 0 00:02:07, Sys 0 00:00:03  -  Total Remote Usage
		Usr 0 00:00:00, Sys 0 00:00:00  -  Total Local Usage
	0  -  Run Bytes Sent By Job
	0  -  Run Bytes Received By Job
	0  -  Total Bytes Sent By Job
	0  -  Total Bytes Received By Job
	Partitionable Resources :    Usage  Request Allocated 
	   Cpus                 :     0.75        1         1 
	   Disk (KB)            :     1           1      2313 
	   GPUs                 :                           0 
	   Memory (MB)          :  1490        5120      5120 
	   TimeExecute (s)      :   149                       
	   TimeSlotBusy (s)     :   149                       
...
