000 (11557696.000.000) 2026-07-30 21:25:28 Job submitted from host: <157.82.112.73:961?addrs=157.82.112.73-961&alias=lxmaster02.icepp.jp&noUDP&sock=schedd_16294_e83e>
...
001 (11557696.000.000) 2026-07-30 21:25:30 Job executing on host: <157.82.114.8:961?addrs=157.82.114.8-961+[2404-d540-1-589-3-2-1-584]-961&alias=lxb058-4.icepp.jp&noUDP&sock=startd_16113_c199>
	SlotName: slot1_39@lxb058-4.icepp.jp
	CondorScratchDir = "/pool/condor/execute/dir_2827820"
	Cpus = 1
	Disk = 2313
	GPUs = 0
	Memory = 5120
...
006 (11557696.000.000) 2026-07-30 21:25:39 Image size of job updated: 214200
	210  -  MemoryUsage of job (MB)
	214200  -  ResidentSetSize of job (KB)
...
006 (11557696.000.000) 2026-07-30 21:26:10 Image size of job updated: 912424
	892  -  MemoryUsage of job (MB)
	912424  -  ResidentSetSize of job (KB)
...
006 (11557696.000.000) 2026-07-30 21:26:41 Image size of job updated: 1275460
	1246  -  MemoryUsage of job (MB)
	1275460  -  ResidentSetSize of job (KB)
...
006 (11557696.000.000) 2026-07-30 21:27:12 Image size of job updated: 1514336
	1479  -  MemoryUsage of job (MB)
	1514336  -  ResidentSetSize of job (KB)
...
006 (11557696.000.000) 2026-07-30 21:27:43 Image size of job updated: 1517380
	1482  -  MemoryUsage of job (MB)
	1517380  -  ResidentSetSize of job (KB)
...
006 (11557696.000.000) 2026-07-30 21:27:53 Image size of job updated: 1517664
	1482  -  MemoryUsage of job (MB)
	1517380  -  ResidentSetSize of job (KB)
...
005 (11557696.000.000) 2026-07-30 21:27:53 Job terminated.
	(1) Normal termination (return value 0)
		Usr 0 00:02:05, Sys 0 00:00:03  -  Run Remote Usage
		Usr 0 00:00:00, Sys 0 00:00:00  -  Run Local Usage
		Usr 0 00:02:05, Sys 0 00:00:03  -  Total Remote Usage
		Usr 0 00:00:00, Sys 0 00:00:00  -  Total Local Usage
	0  -  Run Bytes Sent By Job
	0  -  Run Bytes Received By Job
	0  -  Total Bytes Sent By Job
	0  -  Total Bytes Received By Job
	Partitionable Resources :    Usage  Request Allocated 
	   Cpus                 :     0.93        1         1 
	   Disk (KB)            :     1           1      2313 
	   GPUs                 :                           0 
	   Memory (MB)          :  1482        5120      5120 
	   TimeExecute (s)      :   143                       
	   TimeSlotBusy (s)     :   143                       
...
