000 (11549213.000.000) 2026-07-29 22:03:00 Job submitted from host: <157.82.112.73:961?addrs=157.82.112.73-961&alias=lxmaster02.icepp.jp&noUDP&sock=schedd_16294_e83e>
...
000 (11549213.001.000) 2026-07-29 22:03:00 Job submitted from host: <157.82.112.73:961?addrs=157.82.112.73-961&alias=lxmaster02.icepp.jp&noUDP&sock=schedd_16294_e83e>
...
000 (11549213.010.000) 2026-07-29 22:03:00 Job submitted from host: <157.82.112.73:961?addrs=157.82.112.73-961&alias=lxmaster02.icepp.jp&noUDP&sock=schedd_16294_e83e>
...
000 (11549213.011.000) 2026-07-29 22:03:00 Job submitted from host: <157.82.112.73:961?addrs=157.82.112.73-961&alias=lxmaster02.icepp.jp&noUDP&sock=schedd_16294_e83e>
...
000 (11549213.012.000) 2026-07-29 22:03:00 Job submitted from host: <157.82.112.73:961?addrs=157.82.112.73-961&alias=lxmaster02.icepp.jp&noUDP&sock=schedd_16294_e83e>
...
000 (11549213.013.000) 2026-07-29 22:03:00 Job submitted from host: <157.82.112.73:961?addrs=157.82.112.73-961&alias=lxmaster02.icepp.jp&noUDP&sock=schedd_16294_e83e>
...
000 (11549213.014.000) 2026-07-29 22:03:00 Job submitted from host: <157.82.112.73:961?addrs=157.82.112.73-961&alias=lxmaster02.icepp.jp&noUDP&sock=schedd_16294_e83e>
...
000 (11549213.015.000) 2026-07-29 22:03:00 Job submitted from host: <157.82.112.73:961?addrs=157.82.112.73-961&alias=lxmaster02.icepp.jp&noUDP&sock=schedd_16294_e83e>
...
000 (11549213.016.000) 2026-07-29 22:03:00 Job submitted from host: <157.82.112.73:961?addrs=157.82.112.73-961&alias=lxmaster02.icepp.jp&noUDP&sock=schedd_16294_e83e>
...
000 (11549213.017.000) 2026-07-29 22:03:00 Job submitted from host: <157.82.112.73:961?addrs=157.82.112.73-961&alias=lxmaster02.icepp.jp&noUDP&sock=schedd_16294_e83e>
...
000 (11549213.018.000) 2026-07-29 22:03:00 Job submitted from host: <157.82.112.73:961?addrs=157.82.112.73-961&alias=lxmaster02.icepp.jp&noUDP&sock=schedd_16294_e83e>
...
000 (11549213.019.000) 2026-07-29 22:03:00 Job submitted from host: <157.82.112.73:961?addrs=157.82.112.73-961&alias=lxmaster02.icepp.jp&noUDP&sock=schedd_16294_e83e>
...
000 (11549213.002.000) 2026-07-29 22:03:00 Job submitted from host: <157.82.112.73:961?addrs=157.82.112.73-961&alias=lxmaster02.icepp.jp&noUDP&sock=schedd_16294_e83e>
...
000 (11549213.020.000) 2026-07-29 22:03:00 Job submitted from host: <157.82.112.73:961?addrs=157.82.112.73-961&alias=lxmaster02.icepp.jp&noUDP&sock=schedd_16294_e83e>
...
000 (11549213.021.000) 2026-07-29 22:03:00 Job submitted from host: <157.82.112.73:961?addrs=157.82.112.73-961&alias=lxmaster02.icepp.jp&noUDP&sock=schedd_16294_e83e>
...
000 (11549213.022.000) 2026-07-29 22:03:00 Job submitted from host: <157.82.112.73:961?addrs=157.82.112.73-961&alias=lxmaster02.icepp.jp&noUDP&sock=schedd_16294_e83e>
...
000 (11549213.023.000) 2026-07-29 22:03:00 Job submitted from host: <157.82.112.73:961?addrs=157.82.112.73-961&alias=lxmaster02.icepp.jp&noUDP&sock=schedd_16294_e83e>
...
000 (11549213.024.000) 2026-07-29 22:03:00 Job submitted from host: <157.82.112.73:961?addrs=157.82.112.73-961&alias=lxmaster02.icepp.jp&noUDP&sock=schedd_16294_e83e>
...
000 (11549213.025.000) 2026-07-29 22:03:00 Job submitted from host: <157.82.112.73:961?addrs=157.82.112.73-961&alias=lxmaster02.icepp.jp&noUDP&sock=schedd_16294_e83e>
...
000 (11549213.026.000) 2026-07-29 22:03:00 Job submitted from host: <157.82.112.73:961?addrs=157.82.112.73-961&alias=lxmaster02.icepp.jp&noUDP&sock=schedd_16294_e83e>
...
000 (11549213.027.000) 2026-07-29 22:03:00 Job submitted from host: <157.82.112.73:961?addrs=157.82.112.73-961&alias=lxmaster02.icepp.jp&noUDP&sock=schedd_16294_e83e>
...
000 (11549213.028.000) 2026-07-29 22:03:00 Job submitted from host: <157.82.112.73:961?addrs=157.82.112.73-961&alias=lxmaster02.icepp.jp&noUDP&sock=schedd_16294_e83e>
...
000 (11549213.029.000) 2026-07-29 22:03:00 Job submitted from host: <157.82.112.73:961?addrs=157.82.112.73-961&alias=lxmaster02.icepp.jp&noUDP&sock=schedd_16294_e83e>
...
000 (11549213.003.000) 2026-07-29 22:03:00 Job submitted from host: <157.82.112.73:961?addrs=157.82.112.73-961&alias=lxmaster02.icepp.jp&noUDP&sock=schedd_16294_e83e>
...
000 (11549213.030.000) 2026-07-29 22:03:00 Job submitted from host: <157.82.112.73:961?addrs=157.82.112.73-961&alias=lxmaster02.icepp.jp&noUDP&sock=schedd_16294_e83e>
...
000 (11549213.031.000) 2026-07-29 22:03:00 Job submitted from host: <157.82.112.73:961?addrs=157.82.112.73-961&alias=lxmaster02.icepp.jp&noUDP&sock=schedd_16294_e83e>
...
000 (11549213.032.000) 2026-07-29 22:03:00 Job submitted from host: <157.82.112.73:961?addrs=157.82.112.73-961&alias=lxmaster02.icepp.jp&noUDP&sock=schedd_16294_e83e>
...
000 (11549213.033.000) 2026-07-29 22:03:00 Job submitted from host: <157.82.112.73:961?addrs=157.82.112.73-961&alias=lxmaster02.icepp.jp&noUDP&sock=schedd_16294_e83e>
...
000 (11549213.004.000) 2026-07-29 22:03:00 Job submitted from host: <157.82.112.73:961?addrs=157.82.112.73-961&alias=lxmaster02.icepp.jp&noUDP&sock=schedd_16294_e83e>
...
000 (11549213.005.000) 2026-07-29 22:03:00 Job submitted from host: <157.82.112.73:961?addrs=157.82.112.73-961&alias=lxmaster02.icepp.jp&noUDP&sock=schedd_16294_e83e>
...
000 (11549213.006.000) 2026-07-29 22:03:00 Job submitted from host: <157.82.112.73:961?addrs=157.82.112.73-961&alias=lxmaster02.icepp.jp&noUDP&sock=schedd_16294_e83e>
...
000 (11549213.007.000) 2026-07-29 22:03:00 Job submitted from host: <157.82.112.73:961?addrs=157.82.112.73-961&alias=lxmaster02.icepp.jp&noUDP&sock=schedd_16294_e83e>
...
000 (11549213.008.000) 2026-07-29 22:03:00 Job submitted from host: <157.82.112.73:961?addrs=157.82.112.73-961&alias=lxmaster02.icepp.jp&noUDP&sock=schedd_16294_e83e>
...
000 (11549213.009.000) 2026-07-29 22:03:00 Job submitted from host: <157.82.112.73:961?addrs=157.82.112.73-961&alias=lxmaster02.icepp.jp&noUDP&sock=schedd_16294_e83e>
...
001 (11549213.000.000) 2026-07-29 22:03:01 Job executing on host: <157.82.114.29:961?addrs=157.82.114.29-961+[2404-d540-1-589-3-2-1-641]-961&alias=lxb064-1.icepp.jp&noUDP&sock=startd_16330_99a7>
	SlotName: slot1_17@lxb064-1.icepp.jp
	CondorScratchDir = "/pool/condor/execute/dir_2105706"
	Cpus = 1
	Disk = 2313
	GPUs = 0
	Memory = 5120
...
001 (11549213.001.000) 2026-07-29 22:03:02 Job executing on host: <157.82.114.25:961?addrs=157.82.114.25-961+[2404-d540-1-589-3-2-1-631]-961&alias=lxb063-1.icepp.jp&noUDP&sock=startd_16090_faec>
	SlotName: slot1_16@lxb063-1.icepp.jp
	CondorScratchDir = "/pool/condor/execute/dir_2923212"
	Cpus = 1
	Disk = 2313
	GPUs = 0
	Memory = 5120
...
006 (11549213.001.000) 2026-07-29 22:03:10 Image size of job updated: 152980
	150  -  MemoryUsage of job (MB)
	152980  -  ResidentSetSize of job (KB)
...
006 (11549213.000.000) 2026-07-29 22:03:10 Image size of job updated: 336172
	329  -  MemoryUsage of job (MB)
	336172  -  ResidentSetSize of job (KB)
...
001 (11549213.002.000) 2026-07-29 22:03:31 Job executing on host: <157.82.114.3:961?addrs=157.82.114.3-961+[2404-d540-1-589-3-2-1-573]-961&alias=lxb057-3.icepp.jp&noUDP&sock=startd_16816_f4ae>
	SlotName: slot1_14@lxb057-3.icepp.jp
	CondorScratchDir = "/pool/condor/execute/dir_2495938"
	Cpus = 1
	Disk = 2313
	GPUs = 0
	Memory = 5120
...
001 (11549213.003.000) 2026-07-29 22:03:31 Job executing on host: <157.82.114.4:961?addrs=157.82.114.4-961+[2404-d540-1-589-3-2-1-574]-961&alias=lxb057-4.icepp.jp&noUDP&sock=startd_16458_65c6>
	SlotName: slot1_2@lxb057-4.icepp.jp
	CondorScratchDir = "/pool/condor/execute/dir_3733583"
	Cpus = 1
	Disk = 2313
	GPUs = 0
	Memory = 5120
...
001 (11549213.004.000) 2026-07-29 22:03:31 Job executing on host: <157.82.114.13:961?addrs=157.82.114.13-961+[2404-d540-1-589-3-2-1-601]-961&alias=lxb060-1.icepp.jp&noUDP&sock=startd_16647_092c>
	SlotName: slot1_6@lxb060-1.icepp.jp
	CondorScratchDir = "/pool/condor/execute/dir_3745681"
	Cpus = 1
	Disk = 2313
	GPUs = 0
	Memory = 5120
...
006 (11549213.002.000) 2026-07-29 22:03:39 Image size of job updated: 257704
	252  -  MemoryUsage of job (MB)
	257704  -  ResidentSetSize of job (KB)
...
006 (11549213.003.000) 2026-07-29 22:03:39 Image size of job updated: 161024
	158  -  MemoryUsage of job (MB)
	161024  -  ResidentSetSize of job (KB)
...
006 (11549213.001.000) 2026-07-29 22:03:40 Image size of job updated: 916708
	896  -  MemoryUsage of job (MB)
	916708  -  ResidentSetSize of job (KB)
...
006 (11549213.004.000) 2026-07-29 22:03:40 Image size of job updated: 263416
	258  -  MemoryUsage of job (MB)
	263416  -  ResidentSetSize of job (KB)
...
006 (11549213.000.000) 2026-07-29 22:03:41 Image size of job updated: 911108
	890  -  MemoryUsage of job (MB)
	911108  -  ResidentSetSize of job (KB)
...
001 (11549213.005.000) 2026-07-29 22:04:01 Job executing on host: <157.82.114.29:961?addrs=157.82.114.29-961+[2404-d540-1-589-3-2-1-641]-961&alias=lxb064-1.icepp.jp&noUDP&sock=startd_16330_99a7>
	SlotName: slot1_9@lxb064-1.icepp.jp
	CondorScratchDir = "/pool/condor/execute/dir_2110649"
	Cpus = 1
	Disk = 2313
	GPUs = 0
	Memory = 5120
...
001 (11549213.006.000) 2026-07-29 22:04:01 Job executing on host: <157.82.114.30:961?addrs=157.82.114.30-961+[2404-d540-1-589-3-2-1-642]-961&alias=lxb064-2.icepp.jp&noUDP&sock=startd_16301_b567>
	SlotName: slot1_6@lxb064-2.icepp.jp
	CondorScratchDir = "/pool/condor/execute/dir_3062243"
	Cpus = 1
	Disk = 2313
	GPUs = 0
	Memory = 5120
...
001 (11549213.007.000) 2026-07-29 22:04:01 Job executing on host: <157.82.114.29:961?addrs=157.82.114.29-961+[2404-d540-1-589-3-2-1-641]-961&alias=lxb064-1.icepp.jp&noUDP&sock=startd_16330_99a7>
	SlotName: slot1_20@lxb064-1.icepp.jp
	CondorScratchDir = "/pool/condor/execute/dir_2110669"
	Cpus = 1
	Disk = 2313
	GPUs = 0
	Memory = 5120
...
001 (11549213.008.000) 2026-07-29 22:04:01 Job executing on host: <157.82.114.16:961?addrs=157.82.114.16-961+[2404-d540-1-589-3-2-1-604]-961&alias=lxb060-4.icepp.jp&noUDP&sock=startd_16266_b397>
	SlotName: slot1_6@lxb060-4.icepp.jp
	CondorScratchDir = "/pool/condor/execute/dir_1530879"
	Cpus = 1
	Disk = 2313
	GPUs = 0
	Memory = 5120
...
001 (11549213.009.000) 2026-07-29 22:04:02 Job executing on host: <157.82.114.8:961?addrs=157.82.114.8-961+[2404-d540-1-589-3-2-1-584]-961&alias=lxb058-4.icepp.jp&noUDP&sock=startd_16113_c199>
	SlotName: slot1_13@lxb058-4.icepp.jp
	CondorScratchDir = "/pool/condor/execute/dir_1044329"
	Cpus = 1
	Disk = 2313
	GPUs = 0
	Memory = 5120
...
006 (11549213.002.000) 2026-07-29 22:04:09 Image size of job updated: 915940
	895  -  MemoryUsage of job (MB)
	915940  -  ResidentSetSize of job (KB)
...
006 (11549213.003.000) 2026-07-29 22:04:09 Image size of job updated: 919660
	899  -  MemoryUsage of job (MB)
	919660  -  ResidentSetSize of job (KB)
...
006 (11549213.005.000) 2026-07-29 22:04:09 Image size of job updated: 317456
	311  -  MemoryUsage of job (MB)
	317456  -  ResidentSetSize of job (KB)
...
006 (11549213.006.000) 2026-07-29 22:04:09 Image size of job updated: 284056
	278  -  MemoryUsage of job (MB)
	284056  -  ResidentSetSize of job (KB)
...
006 (11549213.008.000) 2026-07-29 22:04:10 Image size of job updated: 200352
	196  -  MemoryUsage of job (MB)
	200352  -  ResidentSetSize of job (KB)
...
006 (11549213.009.000) 2026-07-29 22:04:10 Image size of job updated: 264336
	259  -  MemoryUsage of job (MB)
	264336  -  ResidentSetSize of job (KB)
...
006 (11549213.007.000) 2026-07-29 22:04:10 Image size of job updated: 373180
	365  -  MemoryUsage of job (MB)
	373180  -  ResidentSetSize of job (KB)
...
006 (11549213.001.000) 2026-07-29 22:04:11 Image size of job updated: 1238800
	1210  -  MemoryUsage of job (MB)
	1238800  -  ResidentSetSize of job (KB)
...
006 (11549213.004.000) 2026-07-29 22:04:11 Image size of job updated: 915868
	895  -  MemoryUsage of job (MB)
	915868  -  ResidentSetSize of job (KB)
...
006 (11549213.000.000) 2026-07-29 22:04:12 Image size of job updated: 1359456
	1328  -  MemoryUsage of job (MB)
	1359456  -  ResidentSetSize of job (KB)
...
001 (11549213.010.000) 2026-07-29 22:04:30 Job executing on host: <157.82.114.30:961?addrs=157.82.114.30-961+[2404-d540-1-589-3-2-1-642]-961&alias=lxb064-2.icepp.jp&noUDP&sock=startd_16301_b567>
	SlotName: slot1_3@lxb064-2.icepp.jp
	CondorScratchDir = "/pool/condor/execute/dir_3066555"
	Cpus = 1
	Disk = 2313
	GPUs = 0
	Memory = 5120
...
001 (11549213.011.000) 2026-07-29 22:04:30 Job executing on host: <157.82.114.4:961?addrs=157.82.114.4-961+[2404-d540-1-589-3-2-1-574]-961&alias=lxb057-4.icepp.jp&noUDP&sock=startd_16458_65c6>
	SlotName: slot1_6@lxb057-4.icepp.jp
	CondorScratchDir = "/pool/condor/execute/dir_3737617"
	Cpus = 1
	Disk = 2313
	GPUs = 0
	Memory = 5120
...
001 (11549213.012.000) 2026-07-29 22:04:31 Job executing on host: <157.82.114.30:961?addrs=157.82.114.30-961+[2404-d540-1-589-3-2-1-642]-961&alias=lxb064-2.icepp.jp&noUDP&sock=startd_16301_b567>
	SlotName: slot1_14@lxb064-2.icepp.jp
	CondorScratchDir = "/pool/condor/execute/dir_3066628"
	Cpus = 1
	Disk = 2313
	GPUs = 0
	Memory = 5120
...
006 (11549213.002.000) 2026-07-29 22:04:39 Image size of job updated: 1306616
	1276  -  MemoryUsage of job (MB)
	1306616  -  ResidentSetSize of job (KB)
...
006 (11549213.003.000) 2026-07-29 22:04:39 Image size of job updated: 1275888
	1246  -  MemoryUsage of job (MB)
	1275888  -  ResidentSetSize of job (KB)
...
006 (11549213.005.000) 2026-07-29 22:04:39 Image size of job updated: 913696
	893  -  MemoryUsage of job (MB)
	913696  -  ResidentSetSize of job (KB)
...
006 (11549213.012.000) 2026-07-29 22:04:39 Image size of job updated: 284348
	278  -  MemoryUsage of job (MB)
	284348  -  ResidentSetSize of job (KB)
...
006 (11549213.006.000) 2026-07-29 22:04:39 Image size of job updated: 917060
	896  -  MemoryUsage of job (MB)
	917060  -  ResidentSetSize of job (KB)
...
006 (11549213.010.000) 2026-07-29 22:04:39 Image size of job updated: 324584
	317  -  MemoryUsage of job (MB)
	324584  -  ResidentSetSize of job (KB)
...
006 (11549213.011.000) 2026-07-29 22:04:39 Image size of job updated: 288252
	282  -  MemoryUsage of job (MB)
	288252  -  ResidentSetSize of job (KB)
...
006 (11549213.008.000) 2026-07-29 22:04:40 Image size of job updated: 914988
	894  -  MemoryUsage of job (MB)
	914988  -  ResidentSetSize of job (KB)
...
006 (11549213.009.000) 2026-07-29 22:04:40 Image size of job updated: 917088
	896  -  MemoryUsage of job (MB)
	917088  -  ResidentSetSize of job (KB)
...
006 (11549213.007.000) 2026-07-29 22:04:41 Image size of job updated: 915540
	895  -  MemoryUsage of job (MB)
	915540  -  ResidentSetSize of job (KB)
...
006 (11549213.001.000) 2026-07-29 22:04:42 Image size of job updated: 1517480
	1482  -  MemoryUsage of job (MB)
	1517480  -  ResidentSetSize of job (KB)
...
006 (11549213.004.000) 2026-07-29 22:04:42 Image size of job updated: 1391856
	1360  -  MemoryUsage of job (MB)
	1391856  -  ResidentSetSize of job (KB)
...
006 (11549213.000.000) 2026-07-29 22:04:43 Image size of job updated: 1515512
	1480  -  MemoryUsage of job (MB)
	1515512  -  ResidentSetSize of job (KB)
...
001 (11549213.013.000) 2026-07-29 22:05:01 Job executing on host: <157.82.114.32:961?addrs=157.82.114.32-961+[2404-d540-1-589-3-2-1-644]-961&alias=lxb064-4.icepp.jp&noUDP&sock=startd_16440_0d11>
	SlotName: slot1_1@lxb064-4.icepp.jp
	CondorScratchDir = "/pool/condor/execute/dir_3203531"
	Cpus = 1
	Disk = 2313
	GPUs = 0
	Memory = 5120
...
001 (11549213.014.000) 2026-07-29 22:05:01 Job executing on host: <157.82.114.15:961?addrs=157.82.114.15-961+[2404-d540-1-589-3-2-1-603]-961&alias=lxb060-3.icepp.jp&noUDP&sock=startd_16822_123f>
	SlotName: slot1_37@lxb060-3.icepp.jp
	CondorScratchDir = "/pool/condor/execute/dir_3590848"
	Cpus = 1
	Disk = 2313
	GPUs = 0
	Memory = 5120
...
006 (11549213.002.000) 2026-07-29 22:05:09 Image size of job updated: 1521284
	1486  -  MemoryUsage of job (MB)
	1521284  -  ResidentSetSize of job (KB)
...
006 (11549213.003.000) 2026-07-29 22:05:09 Image size of job updated: 1519664
	1485  -  MemoryUsage of job (MB)
	1519664  -  ResidentSetSize of job (KB)
...
006 (11549213.013.000) 2026-07-29 22:05:09 Image size of job updated: 281332
	275  -  MemoryUsage of job (MB)
	281332  -  ResidentSetSize of job (KB)
...
006 (11549213.005.000) 2026-07-29 22:05:09 Image size of job updated: 1347836
	1317  -  MemoryUsage of job (MB)
	1347836  -  ResidentSetSize of job (KB)
...
006 (11549213.011.000) 2026-07-29 22:05:10 Image size of job updated: 914324
	893  -  MemoryUsage of job (MB)
	914324  -  ResidentSetSize of job (KB)
...
006 (11549213.008.000) 2026-07-29 22:05:10 Image size of job updated: 1379452
	1348  -  MemoryUsage of job (MB)
	1379452  -  ResidentSetSize of job (KB)
...
006 (11549213.009.000) 2026-07-29 22:05:10 Image size of job updated: 1348740
	1318  -  MemoryUsage of job (MB)
	1348740  -  ResidentSetSize of job (KB)
...
006 (11549213.006.000) 2026-07-29 22:05:10 Image size of job updated: 1347288
	1316  -  MemoryUsage of job (MB)
	1347288  -  ResidentSetSize of job (KB)
...
006 (11549213.012.000) 2026-07-29 22:05:10 Image size of job updated: 907112
	886  -  MemoryUsage of job (MB)
	907112  -  ResidentSetSize of job (KB)
...
006 (11549213.010.000) 2026-07-29 22:05:10 Image size of job updated: 916104
	895  -  MemoryUsage of job (MB)
	916104  -  ResidentSetSize of job (KB)
...
006 (11549213.014.000) 2026-07-29 22:05:10 Image size of job updated: 243832
	239  -  MemoryUsage of job (MB)
	243832  -  ResidentSetSize of job (KB)
...
006 (11549213.007.000) 2026-07-29 22:05:12 Image size of job updated: 1362032
	1331  -  MemoryUsage of job (MB)
	1362032  -  ResidentSetSize of job (KB)
...
006 (11549213.001.000) 2026-07-29 22:05:13 Image size of job updated: 1520484
	1485  -  MemoryUsage of job (MB)
	1520484  -  ResidentSetSize of job (KB)
...
006 (11549213.004.000) 2026-07-29 22:05:13 Image size of job updated: 1519764
	1485  -  MemoryUsage of job (MB)
	1519764  -  ResidentSetSize of job (KB)
...
006 (11549213.000.000) 2026-07-29 22:05:14 Image size of job updated: 1518456
	1483  -  MemoryUsage of job (MB)
	1518456  -  ResidentSetSize of job (KB)
...
006 (11549213.000.000) 2026-07-29 22:05:25 Image size of job updated: 1518804
	1483  -  MemoryUsage of job (MB)
	1518456  -  ResidentSetSize of job (KB)
...
005 (11549213.000.000) 2026-07-29 22:05:25 Job terminated.
	(1) Normal termination (return value 0)
		Usr 0 00:02:06, Sys 0 00:00:03  -  Run Remote Usage
		Usr 0 00:00:00, Sys 0 00:00:00  -  Run Local Usage
		Usr 0 00:02:06, Sys 0 00:00:03  -  Total Remote Usage
		Usr 0 00:00:00, Sys 0 00:00:00  -  Total Local Usage
	0  -  Run Bytes Sent By Job
	0  -  Run Bytes Received By Job
	0  -  Total Bytes Sent By Job
	0  -  Total Bytes Received By Job
	Partitionable Resources :    Usage  Request Allocated 
	   Cpus                 :     0.99        1         1 
	   Disk (KB)            :     1           1      2313 
	   GPUs                 :                           0 
	   Memory (MB)          :  1483        5120      5120 
	   TimeExecute (s)      :   144                       
	   TimeSlotBusy (s)     :   144                       
...
001 (11549213.015.000) 2026-07-29 22:05:25 Job executing on host: <157.82.114.29:961?addrs=157.82.114.29-961+[2404-d540-1-589-3-2-1-641]-961&alias=lxb064-1.icepp.jp&noUDP&sock=startd_16330_99a7>
	SlotName: slot1_17@lxb064-1.icepp.jp
	CondorScratchDir = "/pool/condor/execute/dir_2118738"
	Cpus = 1
	Disk = 2313
	GPUs = 0
	Memory = 5120
...
006 (11549213.001.000) 2026-07-29 22:05:30 Image size of job updated: 1521500
	1485  -  MemoryUsage of job (MB)
	1520484  -  ResidentSetSize of job (KB)
...
005 (11549213.001.000) 2026-07-29 22:05:30 Job terminated.
	(1) Normal termination (return value 0)
		Usr 0 00:02:07, Sys 0 00:00:03  -  Run Remote Usage
		Usr 0 00:00:00, Sys 0 00:00:00  -  Run Local Usage
		Usr 0 00:02:07, Sys 0 00:00:03  -  Total Remote Usage
		Usr 0 00:00:00, Sys 0 00:00:00  -  Total Local Usage
	0  -  Run Bytes Sent By Job
	0  -  Run Bytes Received By Job
	0  -  Total Bytes Sent By Job
	0  -  Total Bytes Received By Job
	Partitionable Resources :    Usage  Request Allocated 
	   Cpus                 :     0.99        1         1 
	   Disk (KB)            :     1           1      2313 
	   GPUs                 :                           0 
	   Memory (MB)          :  1485        5120      5120 
	   TimeExecute (s)      :   148                       
	   TimeSlotBusy (s)     :   148                       
...
001 (11549213.016.000) 2026-07-29 22:05:30 Job executing on host: <157.82.114.25:961?addrs=157.82.114.25-961+[2404-d540-1-589-3-2-1-631]-961&alias=lxb063-1.icepp.jp&noUDP&sock=startd_16090_faec>
	SlotName: slot1_16@lxb063-1.icepp.jp
	CondorScratchDir = "/pool/condor/execute/dir_2933538"
	Cpus = 1
	Disk = 2313
	GPUs = 0
	Memory = 5120
...
001 (11549213.017.000) 2026-07-29 22:05:31 Job executing on host: <157.82.114.4:961?addrs=157.82.114.4-961+[2404-d540-1-589-3-2-1-574]-961&alias=lxb057-4.icepp.jp&noUDP&sock=startd_16458_65c6>
	SlotName: slot1_19@lxb057-4.icepp.jp
	CondorScratchDir = "/pool/condor/execute/dir_3746614"
	Cpus = 1
	Disk = 2313
	GPUs = 0
	Memory = 5120
...
001 (11549213.018.000) 2026-07-29 22:05:31 Job executing on host: <157.82.114.22:961?addrs=157.82.114.22-961+[2404-d540-1-589-3-2-1-622]-961&alias=lxb062-2.icepp.jp&noUDP&sock=startd_16439_5d79>
	SlotName: slot1_8@lxb062-2.icepp.jp
	CondorScratchDir = "/pool/condor/execute/dir_3517062"
	Cpus = 1
	Disk = 2313
	GPUs = 0
	Memory = 5120
...
001 (11549213.019.000) 2026-07-29 22:05:32 Job executing on host: <157.82.114.11:961?addrs=157.82.114.11-961+[2404-d540-1-589-3-2-1-593]-961&alias=lxb059-3.icepp.jp&noUDP&sock=startd_16431_e0b7>
	SlotName: slot1_4@lxb059-3.icepp.jp
	CondorScratchDir = "/pool/condor/execute/dir_1755567"
	Cpus = 1
	Disk = 2313
	GPUs = 0
	Memory = 5120
...
006 (11549213.015.000) 2026-07-29 22:05:33 Image size of job updated: 328144
	321  -  MemoryUsage of job (MB)
	328144  -  ResidentSetSize of job (KB)
...
006 (11549213.002.000) 2026-07-29 22:05:39 Image size of job updated: 1525720
	1490  -  MemoryUsage of job (MB)
	1525720  -  ResidentSetSize of job (KB)
...
006 (11549213.003.000) 2026-07-29 22:05:39 Image size of job updated: 1522524
	1487  -  MemoryUsage of job (MB)
	1522524  -  ResidentSetSize of job (KB)
...
006 (11549213.013.000) 2026-07-29 22:05:39 Image size of job updated: 914936
	894  -  MemoryUsage of job (MB)
	914936  -  ResidentSetSize of job (KB)
...
006 (11549213.017.000) 2026-07-29 22:05:39 Image size of job updated: 247356
	242  -  MemoryUsage of job (MB)
	247356  -  ResidentSetSize of job (KB)
...
006 (11549213.005.000) 2026-07-29 22:05:39 Image size of job updated: 1518844
	1484  -  MemoryUsage of job (MB)
	1518844  -  ResidentSetSize of job (KB)
...
006 (11549213.016.000) 2026-07-29 22:05:39 Image size of job updated: 318088
	311  -  MemoryUsage of job (MB)
	318088  -  ResidentSetSize of job (KB)
...
006 (11549213.011.000) 2026-07-29 22:05:40 Image size of job updated: 1346460
	1315  -  MemoryUsage of job (MB)
	1346460  -  ResidentSetSize of job (KB)
...
006 (11549213.008.000) 2026-07-29 22:05:40 Image size of job updated: 1518672
	1484  -  MemoryUsage of job (MB)
	1518672  -  ResidentSetSize of job (KB)
...
006 (11549213.019.000) 2026-07-29 22:05:40 Image size of job updated: 274484
	269  -  MemoryUsage of job (MB)
	274484  -  ResidentSetSize of job (KB)
...
006 (11549213.009.000) 2026-07-29 22:05:40 Image size of job updated: 1520756
	1486  -  MemoryUsage of job (MB)
	1520756  -  ResidentSetSize of job (KB)
...
006 (11549213.018.000) 2026-07-29 22:05:40 Image size of job updated: 268996
	263  -  MemoryUsage of job (MB)
	268996  -  ResidentSetSize of job (KB)
...
006 (11549213.014.000) 2026-07-29 22:05:41 Image size of job updated: 915112
	894  -  MemoryUsage of job (MB)
	915112  -  ResidentSetSize of job (KB)
...
006 (11549213.012.000) 2026-07-29 22:05:41 Image size of job updated: 1342528
	1312  -  MemoryUsage of job (MB)
	1342528  -  ResidentSetSize of job (KB)
...
006 (11549213.006.000) 2026-07-29 22:05:41 Image size of job updated: 1521508
	1486  -  MemoryUsage of job (MB)
	1521508  -  ResidentSetSize of job (KB)
...
006 (11549213.010.000) 2026-07-29 22:05:41 Image size of job updated: 1362496
	1331  -  MemoryUsage of job (MB)
	1362496  -  ResidentSetSize of job (KB)
...
006 (11549213.007.000) 2026-07-29 22:05:43 Image size of job updated: 1519964
	1485  -  MemoryUsage of job (MB)
	1519964  -  ResidentSetSize of job (KB)
...
006 (11549213.004.000) 2026-07-29 22:05:44 Image size of job updated: 1523164
	1488  -  MemoryUsage of job (MB)
	1523164  -  ResidentSetSize of job (KB)
...
006 (11549213.004.000) 2026-07-29 22:05:50 Image size of job updated: 1523208
	1488  -  MemoryUsage of job (MB)
	1523164  -  ResidentSetSize of job (KB)
...
005 (11549213.004.000) 2026-07-29 22:05:50 Job terminated.
	(1) Normal termination (return value 0)
		Usr 0 00:01:58, Sys 0 00:00:03  -  Run Remote Usage
		Usr 0 00:00:00, Sys 0 00:00:00  -  Run Local Usage
		Usr 0 00:01:58, Sys 0 00:00:03  -  Total Remote Usage
		Usr 0 00:00:00, Sys 0 00:00:00  -  Total Local Usage
	0  -  Run Bytes Sent By Job
	0  -  Run Bytes Received By Job
	0  -  Total Bytes Sent By Job
	0  -  Total Bytes Received By Job
	Partitionable Resources :    Usage  Request Allocated 
	   Cpus                 :     0.79        1         1 
	   Disk (KB)            :     1           1      2313 
	   GPUs                 :                           0 
	   Memory (MB)          :  1488        5120      5120 
	   TimeExecute (s)      :   139                       
	   TimeSlotBusy (s)     :   139                       
...
001 (11549213.020.000) 2026-07-29 22:05:51 Job executing on host: <157.82.114.13:961?addrs=157.82.114.13-961+[2404-d540-1-589-3-2-1-601]-961&alias=lxb060-1.icepp.jp&noUDP&sock=startd_16647_092c>
	SlotName: slot1_6@lxb060-1.icepp.jp
	CondorScratchDir = "/pool/condor/execute/dir_3749398"
	Cpus = 1
	Disk = 2313
	GPUs = 0
	Memory = 5120
...
006 (11549213.002.000) 2026-07-29 22:05:54 Image size of job updated: 1526704
	1490  -  MemoryUsage of job (MB)
	1525720  -  ResidentSetSize of job (KB)
...
005 (11549213.002.000) 2026-07-29 22:05:54 Job terminated.
	(1) Normal termination (return value 0)
		Usr 0 00:02:03, Sys 0 00:00:03  -  Run Remote Usage
		Usr 0 00:00:00, Sys 0 00:00:00  -  Run Local Usage
		Usr 0 00:02:03, Sys 0 00:00:03  -  Total Remote Usage
		Usr 0 00:00:00, Sys 0 00:00:00  -  Total Local Usage
	0  -  Run Bytes Sent By Job
	0  -  Run Bytes Received By Job
	0  -  Total Bytes Sent By Job
	0  -  Total Bytes Received By Job
	Partitionable Resources :    Usage  Request Allocated 
	   Cpus                 :     0.77        1         1 
	   Disk (KB)            :     1           1      2313 
	   GPUs                 :                           0 
	   Memory (MB)          :  1490        5120      5120 
	   TimeExecute (s)      :   143                       
	   TimeSlotBusy (s)     :   144                       
...
001 (11549213.021.000) 2026-07-29 22:05:54 Job executing on host: <157.82.114.3:961?addrs=157.82.114.3-961+[2404-d540-1-589-3-2-1-573]-961&alias=lxb057-3.icepp.jp&noUDP&sock=startd_16816_f4ae>
	SlotName: slot1_14@lxb057-3.icepp.jp
	CondorScratchDir = "/pool/condor/execute/dir_2503981"
	Cpus = 1
	Disk = 2313
	GPUs = 0
	Memory = 5120
...
006 (11549213.003.000) 2026-07-29 22:05:58 Image size of job updated: 1523480
	1487  -  MemoryUsage of job (MB)
	1522524  -  ResidentSetSize of job (KB)
...
005 (11549213.003.000) 2026-07-29 22:05:58 Job terminated.
	(1) Normal termination (return value 0)
		Usr 0 00:02:04, Sys 0 00:00:03  -  Run Remote Usage
		Usr 0 00:00:00, Sys 0 00:00:00  -  Run Local Usage
		Usr 0 00:02:04, Sys 0 00:00:03  -  Total Remote Usage
		Usr 0 00:00:00, Sys 0 00:00:00  -  Total Local Usage
	0  -  Run Bytes Sent By Job
	0  -  Run Bytes Received By Job
	0  -  Total Bytes Sent By Job
	0  -  Total Bytes Received By Job
	Partitionable Resources :    Usage  Request Allocated 
	   Cpus                 :     0.96        1         1 
	   Disk (KB)            :     1           1      2313 
	   GPUs                 :                           0 
	   Memory (MB)          :  1487        5120      5120 
	   TimeExecute (s)      :   147                       
	   TimeSlotBusy (s)     :   147                       
...
001 (11549213.022.000) 2026-07-29 22:05:58 Job executing on host: <157.82.114.4:961?addrs=157.82.114.4-961+[2404-d540-1-589-3-2-1-574]-961&alias=lxb057-4.icepp.jp&noUDP&sock=startd_16458_65c6>
	SlotName: slot1_2@lxb057-4.icepp.jp
	CondorScratchDir = "/pool/condor/execute/dir_3749856"
	Cpus = 1
	Disk = 2313
	GPUs = 0
	Memory = 5120
...
006 (11549213.020.000) 2026-07-29 22:05:59 Image size of job updated: 332536
	325  -  MemoryUsage of job (MB)
	332536  -  ResidentSetSize of job (KB)
...
001 (11549213.023.000) 2026-07-29 22:06:00 Job executing on host: <157.82.114.4:961?addrs=157.82.114.4-961+[2404-d540-1-589-3-2-1-574]-961&alias=lxb057-4.icepp.jp&noUDP&sock=startd_16458_65c6>
	SlotName: slot1_13@lxb057-4.icepp.jp
	CondorScratchDir = "/pool/condor/execute/dir_3749914"
	Cpus = 1
	Disk = 2313
	GPUs = 0
	Memory = 5120
...
001 (11549213.024.000) 2026-07-29 22:06:01 Job executing on host: <157.82.114.4:961?addrs=157.82.114.4-961+[2404-d540-1-589-3-2-1-574]-961&alias=lxb057-4.icepp.jp&noUDP&sock=startd_16458_65c6>
	SlotName: slot1_20@lxb057-4.icepp.jp
	CondorScratchDir = "/pool/condor/execute/dir_3749937"
	Cpus = 1
	Disk = 2313
	GPUs = 0
	Memory = 5120
...
006 (11549213.021.000) 2026-07-29 22:06:02 Image size of job updated: 288564
	282  -  MemoryUsage of job (MB)
	288564  -  ResidentSetSize of job (KB)
...
006 (11549213.015.000) 2026-07-29 22:06:03 Image size of job updated: 914392
	893  -  MemoryUsage of job (MB)
	914392  -  ResidentSetSize of job (KB)
...
006 (11549213.022.000) 2026-07-29 22:06:06 Image size of job updated: 253992
	249  -  MemoryUsage of job (MB)
	253992  -  ResidentSetSize of job (KB)
...
006 (11549213.013.000) 2026-07-29 22:06:09 Image size of job updated: 1306308
	1276  -  MemoryUsage of job (MB)
	1306308  -  ResidentSetSize of job (KB)
...
006 (11549213.024.000) 2026-07-29 22:06:09 Image size of job updated: 265696
	260  -  MemoryUsage of job (MB)
	265696  -  ResidentSetSize of job (KB)
...
006 (11549213.017.000) 2026-07-29 22:06:09 Image size of job updated: 909256
	888  -  MemoryUsage of job (MB)
	909256  -  ResidentSetSize of job (KB)
...
006 (11549213.023.000) 2026-07-29 22:06:09 Image size of job updated: 392312
	384  -  MemoryUsage of job (MB)
	392312  -  ResidentSetSize of job (KB)
...
006 (11549213.011.000) 2026-07-29 22:06:10 Image size of job updated: 1516292
	1481  -  MemoryUsage of job (MB)
	1516292  -  ResidentSetSize of job (KB)
...
006 (11549213.008.000) 2026-07-29 22:06:10 Image size of job updated: 1521460
	1486  -  MemoryUsage of job (MB)
	1521460  -  ResidentSetSize of job (KB)
...
006 (11549213.019.000) 2026-07-29 22:06:10 Image size of job updated: 907152
	886  -  MemoryUsage of job (MB)
	907152  -  ResidentSetSize of job (KB)
...
006 (11549213.009.000) 2026-07-29 22:06:10 Image size of job updated: 1522984
	1488  -  MemoryUsage of job (MB)
	1522984  -  ResidentSetSize of job (KB)
...
006 (11549213.005.000) 2026-07-29 22:06:10 Image size of job updated: 1521500
	1486  -  MemoryUsage of job (MB)
	1521500  -  ResidentSetSize of job (KB)
...
006 (11549213.016.000) 2026-07-29 22:06:10 Image size of job updated: 915756
	895  -  MemoryUsage of job (MB)
	915756  -  ResidentSetSize of job (KB)
...
006 (11549213.014.000) 2026-07-29 22:06:11 Image size of job updated: 1230360
	1202  -  MemoryUsage of job (MB)
	1230360  -  ResidentSetSize of job (KB)
...
006 (11549213.018.000) 2026-07-29 22:06:11 Image size of job updated: 907120
	886  -  MemoryUsage of job (MB)
	907120  -  ResidentSetSize of job (KB)
...
006 (11549213.006.000) 2026-07-29 22:06:12 Image size of job updated: 1523716
	1489  -  MemoryUsage of job (MB)
	1523716  -  ResidentSetSize of job (KB)
...
006 (11549213.012.000) 2026-07-29 22:06:12 Image size of job updated: 1511492
	1477  -  MemoryUsage of job (MB)
	1511492  -  ResidentSetSize of job (KB)
...
006 (11549213.010.000) 2026-07-29 22:06:12 Image size of job updated: 1521612
	1486  -  MemoryUsage of job (MB)
	1521612  -  ResidentSetSize of job (KB)
...
006 (11549213.007.000) 2026-07-29 22:06:14 Image size of job updated: 1523592
	1488  -  MemoryUsage of job (MB)
	1523592  -  ResidentSetSize of job (KB)
...
006 (11549213.008.000) 2026-07-29 22:06:20 Image size of job updated: 1521720
	1486  -  MemoryUsage of job (MB)
	1521460  -  ResidentSetSize of job (KB)
...
005 (11549213.008.000) 2026-07-29 22:06:20 Job terminated.
	(1) Normal termination (return value 0)
		Usr 0 00:01:54, Sys 0 00:00:03  -  Run Remote Usage
		Usr 0 00:00:00, Sys 0 00:00:00  -  Run Local Usage
		Usr 0 00:01:54, Sys 0 00:00:03  -  Total Remote Usage
		Usr 0 00:00:00, Sys 0 00:00:00  -  Total Local Usage
	0  -  Run Bytes Sent By Job
	0  -  Run Bytes Received By Job
	0  -  Total Bytes Sent By Job
	0  -  Total Bytes Received By Job
	Partitionable Resources :    Usage  Request Allocated 
	   Cpus                 :     0.83        1         1 
	   Disk (KB)            :     1           1      2313 
	   GPUs                 :                           0 
	   Memory (MB)          :  1486        5120      5120 
	   TimeExecute (s)      :   139                       
	   TimeSlotBusy (s)     :   139                       
...
001 (11549213.025.000) 2026-07-29 22:06:20 Job executing on host: <157.82.114.16:961?addrs=157.82.114.16-961+[2404-d540-1-589-3-2-1-604]-961&alias=lxb060-4.icepp.jp&noUDP&sock=startd_16266_b397>
	SlotName: slot1_6@lxb060-4.icepp.jp
	CondorScratchDir = "/pool/condor/execute/dir_1538161"
	Cpus = 1
	Disk = 2313
	GPUs = 0
	Memory = 5120
...
006 (11549213.005.000) 2026-07-29 22:06:25 Image size of job updated: 1524504
	1486  -  MemoryUsage of job (MB)
	1521500  -  ResidentSetSize of job (KB)
...
005 (11549213.005.000) 2026-07-29 22:06:26 Job terminated.
	(1) Normal termination (return value 0)
		Usr 0 00:02:05, Sys 0 00:00:03  -  Run Remote Usage
		Usr 0 00:00:00, Sys 0 00:00:00  -  Run Local Usage
		Usr 0 00:02:05, Sys 0 00:00:03  -  Total Remote Usage
		Usr 0 00:00:00, Sys 0 00:00:00  -  Total Local Usage
	0  -  Run Bytes Sent By Job
	0  -  Run Bytes Received By Job
	0  -  Total Bytes Sent By Job
	0  -  Total Bytes Received By Job
	Partitionable Resources :    Usage  Request Allocated 
	   Cpus                 :     0.90        1         1 
	   Disk (KB)            :     1           1      2313 
	   GPUs                 :                           0 
	   Memory (MB)          :  1486        5120      5120 
	   TimeExecute (s)      :   144                       
	   TimeSlotBusy (s)     :   144                       
...
001 (11549213.026.000) 2026-07-29 22:06:26 Job executing on host: <157.82.114.29:961?addrs=157.82.114.29-961+[2404-d540-1-589-3-2-1-641]-961&alias=lxb064-1.icepp.jp&noUDP&sock=startd_16330_99a7>
	SlotName: slot1_9@lxb064-1.icepp.jp
	CondorScratchDir = "/pool/condor/execute/dir_2128888"
	Cpus = 1
	Disk = 2313
	GPUs = 0
	Memory = 5120
...
006 (11549213.009.000) 2026-07-29 22:06:26 Image size of job updated: 1523936
	1488  -  MemoryUsage of job (MB)
	1522984  -  ResidentSetSize of job (KB)
...
005 (11549213.009.000) 2026-07-29 22:06:26 Job terminated.
	(1) Normal termination (return value 0)
		Usr 0 00:02:01, Sys 0 00:00:03  -  Run Remote Usage
		Usr 0 00:00:00, Sys 0 00:00:00  -  Run Local Usage
		Usr 0 00:02:01, Sys 0 00:00:03  -  Total Remote Usage
		Usr 0 00:00:00, Sys 0 00:00:00  -  Total Local Usage
	0  -  Run Bytes Sent By Job
	0  -  Run Bytes Received By Job
	0  -  Total Bytes Sent By Job
	0  -  Total Bytes Received By Job
	Partitionable Resources :    Usage  Request Allocated 
	   Cpus                 :     0.85        1         1 
	   Disk (KB)            :     1           1      2313 
	   GPUs                 :                           0 
	   Memory (MB)          :  1488        5120      5120 
	   TimeExecute (s)      :   144                       
	   TimeSlotBusy (s)     :   144                       
...
001 (11549213.027.000) 2026-07-29 22:06:26 Job executing on host: <157.82.114.8:961?addrs=157.82.114.8-961+[2404-d540-1-589-3-2-1-584]-961&alias=lxb058-4.icepp.jp&noUDP&sock=startd_16113_c199>
	SlotName: slot1_13@lxb058-4.icepp.jp
	CondorScratchDir = "/pool/condor/execute/dir_1054379"
	Cpus = 1
	Disk = 2313
	GPUs = 0
	Memory = 5120
...
006 (11549213.006.000) 2026-07-29 22:06:27 Image size of job updated: 1524628
	1489  -  MemoryUsage of job (MB)
	1523716  -  ResidentSetSize of job (KB)
...
005 (11549213.006.000) 2026-07-29 22:06:27 Job terminated.
	(1) Normal termination (return value 0)
		Usr 0 00:02:06, Sys 0 00:00:03  -  Run Remote Usage
		Usr 0 00:00:00, Sys 0 00:00:00  -  Run Local Usage
		Usr 0 00:02:06, Sys 0 00:00:03  -  Total Remote Usage
		Usr 0 00:00:00, Sys 0 00:00:00  -  Total Local Usage
	0  -  Run Bytes Sent By Job
	0  -  Run Bytes Received By Job
	0  -  Total Bytes Sent By Job
	0  -  Total Bytes Received By Job
	Partitionable Resources :    Usage  Request Allocated 
	   Cpus                 :     0.91        1         1 
	   Disk (KB)            :     1           1      2313 
	   GPUs                 :                           0 
	   Memory (MB)          :  1489        5120      5120 
	   TimeExecute (s)      :   146                       
	   TimeSlotBusy (s)     :   146                       
...
001 (11549213.028.000) 2026-07-29 22:06:27 Job executing on host: <157.82.114.30:961?addrs=157.82.114.30-961+[2404-d540-1-589-3-2-1-642]-961&alias=lxb064-2.icepp.jp&noUDP&sock=startd_16301_b567>
	SlotName: slot1_6@lxb064-2.icepp.jp
	CondorScratchDir = "/pool/condor/execute/dir_3079513"
	Cpus = 1
	Disk = 2313
	GPUs = 0
	Memory = 5120
...
006 (11549213.007.000) 2026-07-29 22:06:28 Image size of job updated: 1523884
	1488  -  MemoryUsage of job (MB)
	1523592  -  ResidentSetSize of job (KB)
...
006 (11549213.025.000) 2026-07-29 22:06:28 Image size of job updated: 263140
	257  -  MemoryUsage of job (MB)
	263140  -  ResidentSetSize of job (KB)
...
005 (11549213.007.000) 2026-07-29 22:06:28 Job terminated.
	(1) Normal termination (return value 0)
		Usr 0 00:02:07, Sys 0 00:00:03  -  Run Remote Usage
		Usr 0 00:00:00, Sys 0 00:00:00  -  Run Local Usage
		Usr 0 00:02:07, Sys 0 00:00:03  -  Total Remote Usage
		Usr 0 00:00:00, Sys 0 00:00:00  -  Total Local Usage
	0  -  Run Bytes Sent By Job
	0  -  Run Bytes Received By Job
	0  -  Total Bytes Sent By Job
	0  -  Total Bytes Received By Job
	Partitionable Resources :    Usage  Request Allocated 
	   Cpus                 :     0.74        1         1 
	   Disk (KB)            :     1           1      2313 
	   GPUs                 :                           0 
	   Memory (MB)          :  1488        5120      5120 
	   TimeExecute (s)      :   147                       
	   TimeSlotBusy (s)     :   147                       
...
001 (11549213.029.000) 2026-07-29 22:06:28 Job executing on host: <157.82.114.29:961?addrs=157.82.114.29-961+[2404-d540-1-589-3-2-1-641]-961&alias=lxb064-1.icepp.jp&noUDP&sock=startd_16330_99a7>
	SlotName: slot1_20@lxb064-1.icepp.jp
	CondorScratchDir = "/pool/condor/execute/dir_2129045"
	Cpus = 1
	Disk = 2313
	GPUs = 0
	Memory = 5120
...
006 (11549213.020.000) 2026-07-29 22:06:29 Image size of job updated: 917448
	896  -  MemoryUsage of job (MB)
	917448  -  ResidentSetSize of job (KB)
...
001 (11549213.030.000) 2026-07-29 22:06:30 Job executing on host: <157.82.114.22:961?addrs=157.82.114.22-961+[2404-d540-1-589-3-2-1-622]-961&alias=lxb062-2.icepp.jp&noUDP&sock=startd_16439_5d79>
	SlotName: slot1_12@lxb062-2.icepp.jp
	CondorScratchDir = "/pool/condor/execute/dir_3528636"
	Cpus = 1
	Disk = 2313
	GPUs = 0
	Memory = 5120
...
001 (11549213.031.000) 2026-07-29 22:06:31 Job executing on host: <157.82.114.23:961?addrs=157.82.114.23-961+[2404-d540-1-589-3-2-1-623]-961&alias=lxb062-3.icepp.jp&noUDP&sock=startd_16828_2fd1>
	SlotName: slot1_6@lxb062-3.icepp.jp
	CondorScratchDir = "/pool/condor/execute/dir_3490070"
	Cpus = 1
	Disk = 2313
	GPUs = 0
	Memory = 5120
...
001 (11549213.032.000) 2026-07-29 22:06:31 Job executing on host: <157.82.114.25:961?addrs=157.82.114.25-961+[2404-d540-1-589-3-2-1-631]-961&alias=lxb063-1.icepp.jp&noUDP&sock=startd_16090_faec>
	SlotName: slot1_8@lxb063-1.icepp.jp
	CondorScratchDir = "/pool/condor/execute/dir_2940747"
	Cpus = 1
	Disk = 2313
	GPUs = 0
	Memory = 5120
...
001 (11549213.033.000) 2026-07-29 22:06:31 Job executing on host: <157.82.114.16:961?addrs=157.82.114.16-961+[2404-d540-1-589-3-2-1-604]-961&alias=lxb060-4.icepp.jp&noUDP&sock=startd_16266_b397>
	SlotName: slot1_8@lxb060-4.icepp.jp
	CondorScratchDir = "/pool/condor/execute/dir_1540545"
	Cpus = 1
	Disk = 2313
	GPUs = 0
	Memory = 5120
...
006 (11549213.021.000) 2026-07-29 22:06:32 Image size of job updated: 916836
	896  -  MemoryUsage of job (MB)
	916836  -  ResidentSetSize of job (KB)
...
006 (11549213.015.000) 2026-07-29 22:06:33 Image size of job updated: 1307528
	1277  -  MemoryUsage of job (MB)
	1307528  -  ResidentSetSize of job (KB)
...
006 (11549213.026.000) 2026-07-29 22:06:34 Image size of job updated: 244888
	240  -  MemoryUsage of job (MB)
	244888  -  ResidentSetSize of job (KB)
...
006 (11549213.027.000) 2026-07-29 22:06:34 Image size of job updated: 326720
	320  -  MemoryUsage of job (MB)
	326720  -  ResidentSetSize of job (KB)
...
006 (11549213.022.000) 2026-07-29 22:06:36 Image size of job updated: 918792
	898  -  MemoryUsage of job (MB)
	918792  -  ResidentSetSize of job (KB)
...
006 (11549213.029.000) 2026-07-29 22:06:36 Image size of job updated: 325312
	318  -  MemoryUsage of job (MB)
	325312  -  ResidentSetSize of job (KB)
...
006 (11549213.028.000) 2026-07-29 22:06:36 Image size of job updated: 281256
	275  -  MemoryUsage of job (MB)
	281256  -  ResidentSetSize of job (KB)
...
006 (11549213.031.000) 2026-07-29 22:06:39 Image size of job updated: 261156
	256  -  MemoryUsage of job (MB)
	261156  -  ResidentSetSize of job (KB)
...
006 (11549213.032.000) 2026-07-29 22:06:39 Image size of job updated: 315644
	309  -  MemoryUsage of job (MB)
	315644  -  ResidentSetSize of job (KB)
...
006 (11549213.013.000) 2026-07-29 22:06:39 Image size of job updated: 1518560
	1483  -  MemoryUsage of job (MB)
	1518560  -  ResidentSetSize of job (KB)
...
006 (11549213.030.000) 2026-07-29 22:06:39 Image size of job updated: 370120
	362  -  MemoryUsage of job (MB)
	370120  -  ResidentSetSize of job (KB)
...
006 (11549213.011.000) 2026-07-29 22:06:40 Image size of job updated: 1519408
	1484  -  MemoryUsage of job (MB)
	1519408  -  ResidentSetSize of job (KB)
...
006 (11549213.019.000) 2026-07-29 22:06:40 Image size of job updated: 1342564
	1312  -  MemoryUsage of job (MB)
	1342564  -  ResidentSetSize of job (KB)
...
006 (11549213.024.000) 2026-07-29 22:06:40 Image size of job updated: 917516
	897  -  MemoryUsage of job (MB)
	917516  -  ResidentSetSize of job (KB)
...
006 (11549213.017.000) 2026-07-29 22:06:40 Image size of job updated: 1301296
	1271  -  MemoryUsage of job (MB)
	1301296  -  ResidentSetSize of job (KB)
...
006 (11549213.033.000) 2026-07-29 22:06:40 Image size of job updated: 388032
	379  -  MemoryUsage of job (MB)
	388032  -  ResidentSetSize of job (KB)
...
006 (11549213.023.000) 2026-07-29 22:06:40 Image size of job updated: 918220
	897  -  MemoryUsage of job (MB)
	918220  -  ResidentSetSize of job (KB)
...
006 (11549213.014.000) 2026-07-29 22:06:41 Image size of job updated: 1514532
	1480  -  MemoryUsage of job (MB)
	1514532  -  ResidentSetSize of job (KB)
...
006 (11549213.016.000) 2026-07-29 22:06:41 Image size of job updated: 1362468
	1331  -  MemoryUsage of job (MB)
	1362468  -  ResidentSetSize of job (KB)
...
006 (11549213.018.000) 2026-07-29 22:06:42 Image size of job updated: 1299740
	1270  -  MemoryUsage of job (MB)
	1299740  -  ResidentSetSize of job (KB)
...
006 (11549213.012.000) 2026-07-29 22:06:43 Image size of job updated: 1514620
	1480  -  MemoryUsage of job (MB)
	1514620  -  ResidentSetSize of job (KB)
...
006 (11549213.010.000) 2026-07-29 22:06:43 Image size of job updated: 1528428
	1493  -  MemoryUsage of job (MB)
	1528428  -  ResidentSetSize of job (KB)
...
006 (11549213.012.000) 2026-07-29 22:06:55 Image size of job updated: 1514944
	1480  -  MemoryUsage of job (MB)
	1514620  -  ResidentSetSize of job (KB)
...
005 (11549213.012.000) 2026-07-29 22:06:55 Job terminated.
	(1) Normal termination (return value 0)
		Usr 0 00:02:06, Sys 0 00:00:03  -  Run Remote Usage
		Usr 0 00:00:00, Sys 0 00:00:00  -  Run Local Usage
		Usr 0 00:02:06, Sys 0 00:00:03  -  Total Remote Usage
		Usr 0 00:00:00, Sys 0 00:00:00  -  Total Local Usage
	0  -  Run Bytes Sent By Job
	0  -  Run Bytes Received By Job
	0  -  Total Bytes Sent By Job
	0  -  Total Bytes Received By Job
	Partitionable Resources :    Usage  Request Allocated 
	   Cpus                 :     0.74        1         1 
	   Disk (KB)            :     1           1      2313 
	   GPUs                 :                           0 
	   Memory (MB)          :  1480        5120      5120 
	   TimeExecute (s)      :   144                       
	   TimeSlotBusy (s)     :   144                       
...
006 (11549213.011.000) 2026-07-29 22:06:56 Image size of job updated: 1520396
	1484  -  MemoryUsage of job (MB)
	1519408  -  ResidentSetSize of job (KB)
...
005 (11549213.011.000) 2026-07-29 22:06:56 Job terminated.
	(1) Normal termination (return value 0)
		Usr 0 00:02:04, Sys 0 00:00:03  -  Run Remote Usage
		Usr 0 00:00:00, Sys 0 00:00:00  -  Run Local Usage
		Usr 0 00:02:04, Sys 0 00:00:03  -  Total Remote Usage
		Usr 0 00:00:00, Sys 0 00:00:00  -  Total Local Usage
	0  -  Run Bytes Sent By Job
	0  -  Run Bytes Received By Job
	0  -  Total Bytes Sent By Job
	0  -  Total Bytes Received By Job
	Partitionable Resources :    Usage  Request Allocated 
	   Cpus                 :     0.86        1         1 
	   Disk (KB)            :     1           1      2313 
	   GPUs                 :                           0 
	   Memory (MB)          :  1484        5120      5120 
	   TimeExecute (s)      :   146                       
	   TimeSlotBusy (s)     :   146                       
...
006 (11549213.010.000) 2026-07-29 22:06:57 Image size of job updated: 1528836
	1493  -  MemoryUsage of job (MB)
	1528428  -  ResidentSetSize of job (KB)
...
005 (11549213.010.000) 2026-07-29 22:06:57 Job terminated.
	(1) Normal termination (return value 0)
		Usr 0 00:02:07, Sys 0 00:00:03  -  Run Remote Usage
		Usr 0 00:00:00, Sys 0 00:00:00  -  Run Local Usage
		Usr 0 00:02:07, Sys 0 00:00:03  -  Total Remote Usage
		Usr 0 00:00:00, Sys 0 00:00:00  -  Total Local Usage
	0  -  Run Bytes Sent By Job
	0  -  Run Bytes Received By Job
	0  -  Total Bytes Sent By Job
	0  -  Total Bytes Received By Job
	Partitionable Resources :    Usage  Request Allocated 
	   Cpus                 :     0.68        1         1 
	   Disk (KB)            :     1           1      2313 
	   GPUs                 :                           0 
	   Memory (MB)          :  1493        5120      5120 
	   TimeExecute (s)      :   147                       
	   TimeSlotBusy (s)     :   147                       
...
006 (11549213.025.000) 2026-07-29 22:06:58 Image size of job updated: 915880
	895  -  MemoryUsage of job (MB)
	915880  -  ResidentSetSize of job (KB)
...
006 (11549213.020.000) 2026-07-29 22:06:59 Image size of job updated: 1413824
	1381  -  MemoryUsage of job (MB)
	1413824  -  ResidentSetSize of job (KB)
...
006 (11549213.021.000) 2026-07-29 22:07:02 Image size of job updated: 1321580
	1291  -  MemoryUsage of job (MB)
	1321580  -  ResidentSetSize of job (KB)
...
006 (11549213.015.000) 2026-07-29 22:07:03 Image size of job updated: 1520564
	1485  -  MemoryUsage of job (MB)
	1520564  -  ResidentSetSize of job (KB)
...
006 (11549213.026.000) 2026-07-29 22:07:04 Image size of job updated: 918608
	898  -  MemoryUsage of job (MB)
	918608  -  ResidentSetSize of job (KB)
...
006 (11549213.027.000) 2026-07-29 22:07:04 Image size of job updated: 918920
	898  -  MemoryUsage of job (MB)
	918920  -  ResidentSetSize of job (KB)
...
006 (11549213.022.000) 2026-07-29 22:07:06 Image size of job updated: 1291192
	1261  -  MemoryUsage of job (MB)
	1291192  -  ResidentSetSize of job (KB)
...
006 (11549213.029.000) 2026-07-29 22:07:06 Image size of job updated: 918560
	898  -  MemoryUsage of job (MB)
	918560  -  ResidentSetSize of job (KB)
...
006 (11549213.028.000) 2026-07-29 22:07:07 Image size of job updated: 918848
	898  -  MemoryUsage of job (MB)
	918848  -  ResidentSetSize of job (KB)
...
006 (11549213.031.000) 2026-07-29 22:07:09 Image size of job updated: 919860
	899  -  MemoryUsage of job (MB)
	919860  -  ResidentSetSize of job (KB)
...
006 (11549213.032.000) 2026-07-29 22:07:09 Image size of job updated: 914436
	894  -  MemoryUsage of job (MB)
	914436  -  ResidentSetSize of job (KB)
...
006 (11549213.013.000) 2026-07-29 22:07:09 Image size of job updated: 1521008
	1486  -  MemoryUsage of job (MB)
	1521008  -  ResidentSetSize of job (KB)
...
006 (11549213.030.000) 2026-07-29 22:07:10 Image size of job updated: 916640
	896  -  MemoryUsage of job (MB)
	916640  -  ResidentSetSize of job (KB)
...
006 (11549213.019.000) 2026-07-29 22:07:10 Image size of job updated: 1509768
	1475  -  MemoryUsage of job (MB)
	1509768  -  ResidentSetSize of job (KB)
...
006 (11549213.014.000) 2026-07-29 22:07:11 Image size of job updated: 1517320
	1482  -  MemoryUsage of job (MB)
	1517320  -  ResidentSetSize of job (KB)
...
006 (11549213.024.000) 2026-07-29 22:07:11 Image size of job updated: 1366776
	1335  -  MemoryUsage of job (MB)
	1366776  -  ResidentSetSize of job (KB)
...
006 (11549213.017.000) 2026-07-29 22:07:11 Image size of job updated: 1513016
	1478  -  MemoryUsage of job (MB)
	1513016  -  ResidentSetSize of job (KB)
...
006 (11549213.033.000) 2026-07-29 22:07:11 Image size of job updated: 916424
	895  -  MemoryUsage of job (MB)
	916424  -  ResidentSetSize of job (KB)
...
006 (11549213.023.000) 2026-07-29 22:07:11 Image size of job updated: 1428544
	1396  -  MemoryUsage of job (MB)
	1428544  -  ResidentSetSize of job (KB)
...
006 (11549213.016.000) 2026-07-29 22:07:12 Image size of job updated: 1520572
	1485  -  MemoryUsage of job (MB)
	1520572  -  ResidentSetSize of job (KB)
...
006 (11549213.018.000) 2026-07-29 22:07:13 Image size of job updated: 1510288
	1475  -  MemoryUsage of job (MB)
	1510288  -  ResidentSetSize of job (KB)
...
006 (11549213.013.000) 2026-07-29 22:07:22 Image size of job updated: 1521992
	1486  -  MemoryUsage of job (MB)
	1521008  -  ResidentSetSize of job (KB)
...
005 (11549213.013.000) 2026-07-29 22:07:23 Job terminated.
	(1) Normal termination (return value 0)
		Usr 0 00:02:05, Sys 0 00:00:03  -  Run Remote Usage
		Usr 0 00:00:00, Sys 0 00:00:00  -  Run Local Usage
		Usr 0 00:02:05, Sys 0 00:00:03  -  Total Remote Usage
		Usr 0 00:00:00, Sys 0 00:00:00  -  Total Local Usage
	0  -  Run Bytes Sent By Job
	0  -  Run Bytes Received By Job
	0  -  Total Bytes Sent By Job
	0  -  Total Bytes Received By Job
	Partitionable Resources :    Usage  Request Allocated 
	   Cpus                 :     0.81        1         1 
	   Disk (KB)            :     1           1      2313 
	   GPUs                 :                           0 
	   Memory (MB)          :  1486        5120      5120 
	   TimeExecute (s)      :   141                       
	   TimeSlotBusy (s)     :   141                       
...
006 (11549213.025.000) 2026-07-29 22:07:28 Image size of job updated: 1402528
	1370  -  MemoryUsage of job (MB)
	1402528  -  ResidentSetSize of job (KB)
...
006 (11549213.020.000) 2026-07-29 22:07:29 Image size of job updated: 1524624
	1489  -  MemoryUsage of job (MB)
	1524624  -  ResidentSetSize of job (KB)
...
006 (11549213.021.000) 2026-07-29 22:07:32 Image size of job updated: 1521148
	1486  -  MemoryUsage of job (MB)
	1521148  -  ResidentSetSize of job (KB)
...
006 (11549213.015.000) 2026-07-29 22:07:33 Image size of job updated: 1523520
	1488  -  MemoryUsage of job (MB)
	1523520  -  ResidentSetSize of job (KB)
...
006 (11549213.014.000) 2026-07-29 22:07:33 Image size of job updated: 1518784
	1482  -  MemoryUsage of job (MB)
	1517320  -  ResidentSetSize of job (KB)
...
005 (11549213.014.000) 2026-07-29 22:07:33 Job terminated.
	(1) Normal termination (return value 0)
		Usr 0 00:02:09, Sys 0 00:00:03  -  Run Remote Usage
		Usr 0 00:00:00, Sys 0 00:00:00  -  Run Local Usage
		Usr 0 00:02:09, Sys 0 00:00:03  -  Total Remote Usage
		Usr 0 00:00:00, Sys 0 00:00:00  -  Total Local Usage
	0  -  Run Bytes Sent By Job
	0  -  Run Bytes Received By Job
	0  -  Total Bytes Sent By Job
	0  -  Total Bytes Received By Job
	Partitionable Resources :    Usage  Request Allocated 
	   Cpus                 :     0.95        1         1 
	   Disk (KB)            :     1           1      2313 
	   GPUs                 :                           0 
	   Memory (MB)          :  1482        5120      5120 
	   TimeExecute (s)      :   152                       
	   TimeSlotBusy (s)     :   152                       
...
006 (11549213.026.000) 2026-07-29 22:07:34 Image size of job updated: 1305524
	1275  -  MemoryUsage of job (MB)
	1305524  -  ResidentSetSize of job (KB)
...
006 (11549213.027.000) 2026-07-29 22:07:34 Image size of job updated: 1433728
	1401  -  MemoryUsage of job (MB)
	1433728  -  ResidentSetSize of job (KB)
...
006 (11549213.022.000) 2026-07-29 22:07:36 Image size of job updated: 1518560
	1483  -  MemoryUsage of job (MB)
	1518560  -  ResidentSetSize of job (KB)
...
006 (11549213.029.000) 2026-07-29 22:07:36 Image size of job updated: 1350172
	1319  -  MemoryUsage of job (MB)
	1350172  -  ResidentSetSize of job (KB)
...
006 (11549213.028.000) 2026-07-29 22:07:38 Image size of job updated: 1349440
	1318  -  MemoryUsage of job (MB)
	1349440  -  ResidentSetSize of job (KB)
...
006 (11549213.031.000) 2026-07-29 22:07:39 Image size of job updated: 1419052
	1386  -  MemoryUsage of job (MB)
	1419052  -  ResidentSetSize of job (KB)
...
006 (11549213.032.000) 2026-07-29 22:07:39 Image size of job updated: 1348180
	1317  -  MemoryUsage of job (MB)
	1348180  -  ResidentSetSize of job (KB)
...
006 (11549213.030.000) 2026-07-29 22:07:40 Image size of job updated: 1358080
	1327  -  MemoryUsage of job (MB)
	1358080  -  ResidentSetSize of job (KB)
...
006 (11549213.019.000) 2026-07-29 22:07:40 Image size of job updated: 1512724
	1478  -  MemoryUsage of job (MB)
	1512724  -  ResidentSetSize of job (KB)
...
006 (11549213.024.000) 2026-07-29 22:07:42 Image size of job updated: 1518000
	1483  -  MemoryUsage of job (MB)
	1518000  -  ResidentSetSize of job (KB)
...
006 (11549213.017.000) 2026-07-29 22:07:42 Image size of job updated: 1515472
	1480  -  MemoryUsage of job (MB)
	1515472  -  ResidentSetSize of job (KB)
...
006 (11549213.033.000) 2026-07-29 22:07:42 Image size of job updated: 1440280
	1407  -  MemoryUsage of job (MB)
	1440280  -  ResidentSetSize of job (KB)
...
006 (11549213.023.000) 2026-07-29 22:07:42 Image size of job updated: 1519376
	1484  -  MemoryUsage of job (MB)
	1519376  -  ResidentSetSize of job (KB)
...
006 (11549213.016.000) 2026-07-29 22:07:43 Image size of job updated: 1524368
	1489  -  MemoryUsage of job (MB)
	1524368  -  ResidentSetSize of job (KB)
...
006 (11549213.018.000) 2026-07-29 22:07:44 Image size of job updated: 1513028
	1478  -  MemoryUsage of job (MB)
	1513028  -  ResidentSetSize of job (KB)
...
006 (11549213.015.000) 2026-07-29 22:07:49 Image size of job updated: 1524556
	1488  -  MemoryUsage of job (MB)
	1523520  -  ResidentSetSize of job (KB)
...
005 (11549213.015.000) 2026-07-29 22:07:49 Job terminated.
	(1) Normal termination (return value 0)
		Usr 0 00:02:06, Sys 0 00:00:03  -  Run Remote Usage
		Usr 0 00:00:00, Sys 0 00:00:00  -  Run Local Usage
		Usr 0 00:02:06, Sys 0 00:00:03  -  Total Remote Usage
		Usr 0 00:00:00, Sys 0 00:00:00  -  Total Local Usage
	0  -  Run Bytes Sent By Job
	0  -  Run Bytes Received By Job
	0  -  Total Bytes Sent By Job
	0  -  Total Bytes Received By Job
	Partitionable Resources :    Usage  Request Allocated 
	   Cpus                 :     0.85        1         1 
	   Disk (KB)            :     1           1      2313 
	   GPUs                 :                           0 
	   Memory (MB)          :  1488        5120      5120 
	   TimeExecute (s)      :   144                       
	   TimeSlotBusy (s)     :   144                       
...
006 (11549213.033.000) 2026-07-29 22:07:51 Image size of job updated: 1490716
	1407  -  MemoryUsage of job (MB)
	1440280  -  ResidentSetSize of job (KB)
...
005 (11549213.033.000) 2026-07-29 22:07:51 Job terminated.
	(1) Normal termination (return value 0)
		Usr 0 00:01:12, Sys 0 00:00:02  -  Run Remote Usage
		Usr 0 00:00:00, Sys 0 00:00:00  -  Run Local Usage
		Usr 0 00:01:12, Sys 0 00:00:02  -  Total Remote Usage
		Usr 0 00:00:00, Sys 0 00:00:00  -  Total Local Usage
	0  -  Run Bytes Sent By Job
	0  -  Run Bytes Received By Job
	0  -  Total Bytes Sent By Job
	0  -  Total Bytes Received By Job
	Partitionable Resources :    Usage  Request Allocated 
	   Cpus                 :     0.88        1         1 
	   Disk (KB)            :     1           1      2313 
	   GPUs                 :                           0 
	   Memory (MB)          :  1407        5120      5120 
	   TimeExecute (s)      :    80                       
	   TimeSlotBusy (s)     :    80                       
...
006 (11549213.016.000) 2026-07-29 22:07:53 Image size of job updated: 1524676
	1489  -  MemoryUsage of job (MB)
	1524368  -  ResidentSetSize of job (KB)
...
005 (11549213.016.000) 2026-07-29 22:07:53 Job terminated.
	(1) Normal termination (return value 0)
		Usr 0 00:02:05, Sys 0 00:00:03  -  Run Remote Usage
		Usr 0 00:00:00, Sys 0 00:00:00  -  Run Local Usage
		Usr 0 00:02:05, Sys 0 00:00:03  -  Total Remote Usage
		Usr 0 00:00:00, Sys 0 00:00:00  -  Total Local Usage
	0  -  Run Bytes Sent By Job
	0  -  Run Bytes Received By Job
	0  -  Total Bytes Sent By Job
	0  -  Total Bytes Received By Job
	Partitionable Resources :    Usage  Request Allocated 
	   Cpus                 :     0.80        1         1 
	   Disk (KB)            :     1           1      2313 
	   GPUs                 :                           0 
	   Memory (MB)          :  1489        5120      5120 
	   TimeExecute (s)      :   143                       
	   TimeSlotBusy (s)     :   143                       
...
006 (11549213.017.000) 2026-07-29 22:07:55 Image size of job updated: 1516504
	1480  -  MemoryUsage of job (MB)
	1515472  -  ResidentSetSize of job (KB)
...
005 (11549213.017.000) 2026-07-29 22:07:55 Job terminated.
	(1) Normal termination (return value 0)
		Usr 0 00:02:04, Sys 0 00:00:03  -  Run Remote Usage
		Usr 0 00:00:00, Sys 0 00:00:00  -  Run Local Usage
		Usr 0 00:02:04, Sys 0 00:00:03  -  Total Remote Usage
		Usr 0 00:00:00, Sys 0 00:00:00  -  Total Local Usage
	0  -  Run Bytes Sent By Job
	0  -  Run Bytes Received By Job
	0  -  Total Bytes Sent By Job
	0  -  Total Bytes Received By Job
	Partitionable Resources :    Usage  Request Allocated 
	   Cpus                 :     0.82        1         1 
	   Disk (KB)            :     1           1      2313 
	   GPUs                 :                           0 
	   Memory (MB)          :  1480        5120      5120 
	   TimeExecute (s)      :   144                       
	   TimeSlotBusy (s)     :   144                       
...
006 (11549213.019.000) 2026-07-29 22:07:56 Image size of job updated: 1513844
	1478  -  MemoryUsage of job (MB)
	1512724  -  ResidentSetSize of job (KB)
...
005 (11549213.019.000) 2026-07-29 22:07:56 Job terminated.
	(1) Normal termination (return value 0)
		Usr 0 00:02:01, Sys 0 00:00:03  -  Run Remote Usage
		Usr 0 00:00:00, Sys 0 00:00:00  -  Run Local Usage
		Usr 0 00:02:01, Sys 0 00:00:03  -  Total Remote Usage
		Usr 0 00:00:00, Sys 0 00:00:00  -  Total Local Usage
	0  -  Run Bytes Sent By Job
	0  -  Run Bytes Received By Job
	0  -  Total Bytes Sent By Job
	0  -  Total Bytes Received By Job
	Partitionable Resources :    Usage  Request Allocated 
	   Cpus                 :     0.92        1         1 
	   Disk (KB)            :     1           1      2313 
	   GPUs                 :                           0 
	   Memory (MB)          :  1478        5120      5120 
	   TimeExecute (s)      :   144                       
	   TimeSlotBusy (s)     :   144                       
...
006 (11549213.025.000) 2026-07-29 22:07:58 Image size of job updated: 1519532
	1484  -  MemoryUsage of job (MB)
	1519532  -  ResidentSetSize of job (KB)
...
006 (11549213.020.000) 2026-07-29 22:07:59 Image size of job updated: 1526504
	1491  -  MemoryUsage of job (MB)
	1526504  -  ResidentSetSize of job (KB)
...
006 (11549213.018.000) 2026-07-29 22:08:00 Image size of job updated: 1514452
	1478  -  MemoryUsage of job (MB)
	1513028  -  ResidentSetSize of job (KB)
...
005 (11549213.018.000) 2026-07-29 22:08:00 Job terminated.
	(1) Normal termination (return value 0)
		Usr 0 00:02:09, Sys 0 00:00:04  -  Run Remote Usage
		Usr 0 00:00:00, Sys 0 00:00:00  -  Run Local Usage
		Usr 0 00:02:09, Sys 0 00:00:04  -  Total Remote Usage
		Usr 0 00:00:00, Sys 0 00:00:00  -  Total Local Usage
	0  -  Run Bytes Sent By Job
	0  -  Run Bytes Received By Job
	0  -  Total Bytes Sent By Job
	0  -  Total Bytes Received By Job
	Partitionable Resources :    Usage  Request Allocated 
	   Cpus                 :     0.87        1         1 
	   Disk (KB)            :     1           1      2313 
	   GPUs                 :                           0 
	   Memory (MB)          :  1478        5120      5120 
	   TimeExecute (s)      :   149                       
	   TimeSlotBusy (s)     :   149                       
...
006 (11549213.021.000) 2026-07-29 22:08:02 Image size of job updated: 1523336
	1488  -  MemoryUsage of job (MB)
	1523336  -  ResidentSetSize of job (KB)
...
006 (11549213.026.000) 2026-07-29 22:08:04 Image size of job updated: 1518436
	1483  -  MemoryUsage of job (MB)
	1518436  -  ResidentSetSize of job (KB)
...
006 (11549213.027.000) 2026-07-29 22:08:04 Image size of job updated: 1521940
	1487  -  MemoryUsage of job (MB)
	1521940  -  ResidentSetSize of job (KB)
...
006 (11549213.022.000) 2026-07-29 22:08:06 Image size of job updated: 1522164
	1487  -  MemoryUsage of job (MB)
	1522164  -  ResidentSetSize of job (KB)
...
006 (11549213.029.000) 2026-07-29 22:08:07 Image size of job updated: 1520976
	1486  -  MemoryUsage of job (MB)
	1520976  -  ResidentSetSize of job (KB)
...
006 (11549213.031.000) 2026-07-29 22:08:09 Image size of job updated: 1521468
	1486  -  MemoryUsage of job (MB)
	1521468  -  ResidentSetSize of job (KB)
...
006 (11549213.020.000) 2026-07-29 22:08:09 Image size of job updated: 1526788
	1491  -  MemoryUsage of job (MB)
	1526504  -  ResidentSetSize of job (KB)
...
006 (11549213.032.000) 2026-07-29 22:08:09 Image size of job updated: 1524264
	1489  -  MemoryUsage of job (MB)
	1524264  -  ResidentSetSize of job (KB)
...
005 (11549213.020.000) 2026-07-29 22:08:09 Job terminated.
	(1) Normal termination (return value 0)
		Usr 0 00:01:57, Sys 0 00:00:03  -  Run Remote Usage
		Usr 0 00:00:00, Sys 0 00:00:00  -  Run Local Usage
		Usr 0 00:01:57, Sys 0 00:00:03  -  Total Remote Usage
		Usr 0 00:00:00, Sys 0 00:00:00  -  Total Local Usage
	0  -  Run Bytes Sent By Job
	0  -  Run Bytes Received By Job
	0  -  Total Bytes Sent By Job
	0  -  Total Bytes Received By Job
	Partitionable Resources :    Usage  Request Allocated 
	   Cpus                 :     0.70        1         1 
	   Disk (KB)            :     1           1      2313 
	   GPUs                 :                           0 
	   Memory (MB)          :  1491        5120      5120 
	   TimeExecute (s)      :   138                       
	   TimeSlotBusy (s)     :   139                       
...
006 (11549213.028.000) 2026-07-29 22:08:09 Image size of job updated: 1520980
	1486  -  MemoryUsage of job (MB)
	1520980  -  ResidentSetSize of job (KB)
...
006 (11549213.030.000) 2026-07-29 22:08:10 Image size of job updated: 1523012
	1488  -  MemoryUsage of job (MB)
	1523012  -  ResidentSetSize of job (KB)
...
006 (11549213.024.000) 2026-07-29 22:08:13 Image size of job updated: 1521596
	1486  -  MemoryUsage of job (MB)
	1521596  -  ResidentSetSize of job (KB)
...
006 (11549213.023.000) 2026-07-29 22:08:13 Image size of job updated: 1523308
	1488  -  MemoryUsage of job (MB)
	1523308  -  ResidentSetSize of job (KB)
...
006 (11549213.021.000) 2026-07-29 22:08:16 Image size of job updated: 1524268
	1488  -  MemoryUsage of job (MB)
	1523336  -  ResidentSetSize of job (KB)
...
005 (11549213.021.000) 2026-07-29 22:08:16 Job terminated.
	(1) Normal termination (return value 0)
		Usr 0 00:02:02, Sys 0 00:00:03  -  Run Remote Usage
		Usr 0 00:00:00, Sys 0 00:00:00  -  Run Local Usage
		Usr 0 00:02:02, Sys 0 00:00:03  -  Total Remote Usage
		Usr 0 00:00:00, Sys 0 00:00:00  -  Total Local Usage
	0  -  Run Bytes Sent By Job
	0  -  Run Bytes Received By Job
	0  -  Total Bytes Sent By Job
	0  -  Total Bytes Received By Job
	Partitionable Resources :    Usage  Request Allocated 
	   Cpus                 :     0.80        1         1 
	   Disk (KB)            :     1           1      2313 
	   GPUs                 :                           0 
	   Memory (MB)          :  1488        5120      5120 
	   TimeExecute (s)      :   142                       
	   TimeSlotBusy (s)     :   142                       
...
006 (11549213.023.000) 2026-07-29 22:08:21 Image size of job updated: 1523676
	1488  -  MemoryUsage of job (MB)
	1523308  -  ResidentSetSize of job (KB)
...
005 (11549213.023.000) 2026-07-29 22:08:21 Job terminated.
	(1) Normal termination (return value 0)
		Usr 0 00:02:03, Sys 0 00:00:03  -  Run Remote Usage
		Usr 0 00:00:00, Sys 0 00:00:00  -  Run Local Usage
		Usr 0 00:02:03, Sys 0 00:00:03  -  Total Remote Usage
		Usr 0 00:00:00, Sys 0 00:00:00  -  Total Local Usage
	0  -  Run Bytes Sent By Job
	0  -  Run Bytes Received By Job
	0  -  Total Bytes Sent By Job
	0  -  Total Bytes Received By Job
	Partitionable Resources :    Usage  Request Allocated 
	   Cpus                 :     0.84        1         1 
	   Disk (KB)            :     1           1      2313 
	   GPUs                 :                           0 
	   Memory (MB)          :  1488        5120      5120 
	   TimeExecute (s)      :   141                       
	   TimeSlotBusy (s)     :   141                       
...
006 (11549213.024.000) 2026-07-29 22:08:21 Image size of job updated: 1521884
	1486  -  MemoryUsage of job (MB)
	1521596  -  ResidentSetSize of job (KB)
...
005 (11549213.024.000) 2026-07-29 22:08:21 Job terminated.
	(1) Normal termination (return value 0)
		Usr 0 00:02:03, Sys 0 00:00:03  -  Run Remote Usage
		Usr 0 00:00:00, Sys 0 00:00:00  -  Run Local Usage
		Usr 0 00:02:03, Sys 0 00:00:03  -  Total Remote Usage
		Usr 0 00:00:00, Sys 0 00:00:00  -  Total Local Usage
	0  -  Run Bytes Sent By Job
	0  -  Run Bytes Received By Job
	0  -  Total Bytes Sent By Job
	0  -  Total Bytes Received By Job
	Partitionable Resources :    Usage  Request Allocated 
	   Cpus                 :     0.89        1         1 
	   Disk (KB)            :     1           1      2313 
	   GPUs                 :                           0 
	   Memory (MB)          :  1486        5120      5120 
	   TimeExecute (s)      :   140                       
	   TimeSlotBusy (s)     :   140                       
...
006 (11549213.022.000) 2026-07-29 22:08:23 Image size of job updated: 1523172
	1487  -  MemoryUsage of job (MB)
	1522164  -  ResidentSetSize of job (KB)
...
005 (11549213.022.000) 2026-07-29 22:08:23 Job terminated.
	(1) Normal termination (return value 0)
		Usr 0 00:02:05, Sys 0 00:00:03  -  Run Remote Usage
		Usr 0 00:00:00, Sys 0 00:00:00  -  Run Local Usage
		Usr 0 00:02:05, Sys 0 00:00:03  -  Total Remote Usage
		Usr 0 00:00:00, Sys 0 00:00:00  -  Total Local Usage
	0  -  Run Bytes Sent By Job
	0  -  Run Bytes Received By Job
	0  -  Total Bytes Sent By Job
	0  -  Total Bytes Received By Job
	Partitionable Resources :    Usage  Request Allocated 
	   Cpus                 :     0.84        1         1 
	   Disk (KB)            :     1           1      2313 
	   GPUs                 :                           0 
	   Memory (MB)          :  1487        5120      5120 
	   TimeExecute (s)      :   145                       
	   TimeSlotBusy (s)     :   145                       
...
006 (11549213.025.000) 2026-07-29 22:08:28 Image size of job updated: 1521684
	1487  -  MemoryUsage of job (MB)
	1521684  -  ResidentSetSize of job (KB)
...
006 (11549213.026.000) 2026-07-29 22:08:34 Image size of job updated: 1521264
	1486  -  MemoryUsage of job (MB)
	1521264  -  ResidentSetSize of job (KB)
...
006 (11549213.027.000) 2026-07-29 22:08:34 Image size of job updated: 1524068
	1489  -  MemoryUsage of job (MB)
	1524068  -  ResidentSetSize of job (KB)
...
006 (11549213.025.000) 2026-07-29 22:08:35 Image size of job updated: 1522016
	1487  -  MemoryUsage of job (MB)
	1521684  -  ResidentSetSize of job (KB)
...
005 (11549213.025.000) 2026-07-29 22:08:35 Job terminated.
	(1) Normal termination (return value 0)
		Usr 0 00:01:57, Sys 0 00:00:03  -  Run Remote Usage
		Usr 0 00:00:00, Sys 0 00:00:00  -  Run Local Usage
		Usr 0 00:01:57, Sys 0 00:00:03  -  Total Remote Usage
		Usr 0 00:00:00, Sys 0 00:00:00  -  Total Local Usage
	0  -  Run Bytes Sent By Job
	0  -  Run Bytes Received By Job
	0  -  Total Bytes Sent By Job
	0  -  Total Bytes Received By Job
	Partitionable Resources :    Usage  Request Allocated 
	   Cpus                 :     0.88        1         1 
	   Disk (KB)            :     1           1      2313 
	   GPUs                 :                           0 
	   Memory (MB)          :  1487        5120      5120 
	   TimeExecute (s)      :   135                       
	   TimeSlotBusy (s)     :   135                       
...
006 (11549213.031.000) 2026-07-29 22:08:38 Image size of job updated: 1523496
	1486  -  MemoryUsage of job (MB)
	1521536  -  ResidentSetSize of job (KB)
...
005 (11549213.031.000) 2026-07-29 22:08:38 Job terminated.
	(1) Normal termination (return value 0)
		Usr 0 00:01:52, Sys 0 00:00:03  -  Run Remote Usage
		Usr 0 00:00:00, Sys 0 00:00:00  -  Run Local Usage
		Usr 0 00:01:52, Sys 0 00:00:03  -  Total Remote Usage
		Usr 0 00:00:00, Sys 0 00:00:00  -  Total Local Usage
	0  -  Run Bytes Sent By Job
	0  -  Run Bytes Received By Job
	0  -  Total Bytes Sent By Job
	0  -  Total Bytes Received By Job
	Partitionable Resources :    Usage  Request Allocated 
	   Cpus                 :     0.97        1         1 
	   Disk (KB)            :     1           1      2313 
	   GPUs                 :                           0 
	   Memory (MB)          :  1486        5120      5120 
	   TimeExecute (s)      :   127                       
	   TimeSlotBusy (s)     :   128                       
...
006 (11549213.029.000) 2026-07-29 22:08:38 Image size of job updated: 1523432
	1488  -  MemoryUsage of job (MB)
	1523432  -  ResidentSetSize of job (KB)
...
006 (11549213.032.000) 2026-07-29 22:08:39 Image size of job updated: 1526952
	1492  -  MemoryUsage of job (MB)
	1526952  -  ResidentSetSize of job (KB)
...
006 (11549213.030.000) 2026-07-29 22:08:40 Image size of job updated: 1525764
	1491  -  MemoryUsage of job (MB)
	1525764  -  ResidentSetSize of job (KB)
...
006 (11549213.028.000) 2026-07-29 22:08:40 Image size of job updated: 1523680
	1488  -  MemoryUsage of job (MB)
	1523680  -  ResidentSetSize of job (KB)
...
006 (11549213.027.000) 2026-07-29 22:08:41 Image size of job updated: 1524296
	1489  -  MemoryUsage of job (MB)
	1524068  -  ResidentSetSize of job (KB)
...
005 (11549213.027.000) 2026-07-29 22:08:41 Job terminated.
	(1) Normal termination (return value 0)
		Usr 0 00:01:57, Sys 0 00:00:03  -  Run Remote Usage
		Usr 0 00:00:00, Sys 0 00:00:00  -  Run Local Usage
		Usr 0 00:01:57, Sys 0 00:00:03  -  Total Remote Usage
		Usr 0 00:00:00, Sys 0 00:00:00  -  Total Local Usage
	0  -  Run Bytes Sent By Job
	0  -  Run Bytes Received By Job
	0  -  Total Bytes Sent By Job
	0  -  Total Bytes Received By Job
	Partitionable Resources :    Usage  Request Allocated 
	   Cpus                 :     0.98        1         1 
	   Disk (KB)            :     1           1      2313 
	   GPUs                 :                           0 
	   Memory (MB)          :  1489        5120      5120 
	   TimeExecute (s)      :   135                       
	   TimeSlotBusy (s)     :   135                       
...
006 (11549213.026.000) 2026-07-29 22:08:50 Image size of job updated: 1524288
	1486  -  MemoryUsage of job (MB)
	1521264  -  ResidentSetSize of job (KB)
...
006 (11549213.032.000) 2026-07-29 22:08:50 Image size of job updated: 1527348
	1492  -  MemoryUsage of job (MB)
	1526952  -  ResidentSetSize of job (KB)
...
006 (11549213.030.000) 2026-07-29 22:08:50 Image size of job updated: 1526040
	1491  -  MemoryUsage of job (MB)
	1525764  -  ResidentSetSize of job (KB)
...
005 (11549213.026.000) 2026-07-29 22:08:50 Job terminated.
	(1) Normal termination (return value 0)
		Usr 0 00:02:05, Sys 0 00:00:03  -  Run Remote Usage
		Usr 0 00:00:00, Sys 0 00:00:00  -  Run Local Usage
		Usr 0 00:02:05, Sys 0 00:00:03  -  Total Remote Usage
		Usr 0 00:00:00, Sys 0 00:00:00  -  Total Local Usage
	0  -  Run Bytes Sent By Job
	0  -  Run Bytes Received By Job
	0  -  Total Bytes Sent By Job
	0  -  Total Bytes Received By Job
	Partitionable Resources :    Usage  Request Allocated 
	   Cpus                 :     0.98        1         1 
	   Disk (KB)            :     1           1      2313 
	   GPUs                 :                           0 
	   Memory (MB)          :  1486        5120      5120 
	   TimeExecute (s)      :   144                       
	   TimeSlotBusy (s)     :   144                       
...
005 (11549213.032.000) 2026-07-29 22:08:50 Job terminated.
	(1) Normal termination (return value 0)
		Usr 0 00:02:07, Sys 0 00:00:03  -  Run Remote Usage
		Usr 0 00:00:00, Sys 0 00:00:00  -  Run Local Usage
		Usr 0 00:02:07, Sys 0 00:00:03  -  Total Remote Usage
		Usr 0 00:00:00, Sys 0 00:00:00  -  Total Local Usage
	0  -  Run Bytes Sent By Job
	0  -  Run Bytes Received By Job
	0  -  Total Bytes Sent By Job
	0  -  Total Bytes Received By Job
	Partitionable Resources :    Usage  Request Allocated 
	   Cpus                 :     0.98        1         1 
	   Disk (KB)            :     1           1      2313 
	   GPUs                 :                           0 
	   Memory (MB)          :  1492        5120      5120 
	   TimeExecute (s)      :   139                       
	   TimeSlotBusy (s)     :   139                       
...
005 (11549213.030.000) 2026-07-29 22:08:50 Job terminated.
	(1) Normal termination (return value 0)
		Usr 0 00:02:05, Sys 0 00:00:03  -  Run Remote Usage
		Usr 0 00:00:00, Sys 0 00:00:00  -  Run Local Usage
		Usr 0 00:02:05, Sys 0 00:00:03  -  Total Remote Usage
		Usr 0 00:00:00, Sys 0 00:00:00  -  Total Local Usage
	0  -  Run Bytes Sent By Job
	0  -  Run Bytes Received By Job
	0  -  Total Bytes Sent By Job
	0  -  Total Bytes Received By Job
	Partitionable Resources :    Usage  Request Allocated 
	   Cpus                 :     0.99        1         1 
	   Disk (KB)            :     1           1      2313 
	   GPUs                 :                           0 
	   Memory (MB)          :  1491        5120      5120 
	   TimeExecute (s)      :   140                       
	   TimeSlotBusy (s)     :   140                       
...
006 (11549213.029.000) 2026-07-29 22:08:55 Image size of job updated: 1524364
	1488  -  MemoryUsage of job (MB)
	1523432  -  ResidentSetSize of job (KB)
...
005 (11549213.029.000) 2026-07-29 22:08:55 Job terminated.
	(1) Normal termination (return value 0)
		Usr 0 00:02:05, Sys 0 00:00:03  -  Run Remote Usage
		Usr 0 00:00:00, Sys 0 00:00:00  -  Run Local Usage
		Usr 0 00:02:05, Sys 0 00:00:03  -  Total Remote Usage
		Usr 0 00:00:00, Sys 0 00:00:00  -  Total Local Usage
	0  -  Run Bytes Sent By Job
	0  -  Run Bytes Received By Job
	0  -  Total Bytes Sent By Job
	0  -  Total Bytes Received By Job
	Partitionable Resources :    Usage  Request Allocated 
	   Cpus                 :     0.99        1         1 
	   Disk (KB)            :     1           1      2313 
	   GPUs                 :                           0 
	   Memory (MB)          :  1488        5120      5120 
	   TimeExecute (s)      :   147                       
	   TimeSlotBusy (s)     :   147                       
...
006 (11549213.028.000) 2026-07-29 22:08:57 Image size of job updated: 1524644
	1488  -  MemoryUsage of job (MB)
	1523680  -  ResidentSetSize of job (KB)
...
005 (11549213.028.000) 2026-07-29 22:08:57 Job terminated.
	(1) Normal termination (return value 0)
		Usr 0 00:02:06, Sys 0 00:00:03  -  Run Remote Usage
		Usr 0 00:00:00, Sys 0 00:00:00  -  Run Local Usage
		Usr 0 00:02:06, Sys 0 00:00:03  -  Total Remote Usage
		Usr 0 00:00:00, Sys 0 00:00:00  -  Total Local Usage
	0  -  Run Bytes Sent By Job
	0  -  Run Bytes Received By Job
	0  -  Total Bytes Sent By Job
	0  -  Total Bytes Received By Job
	Partitionable Resources :    Usage  Request Allocated 
	   Cpus                 :     0.98        1         1 
	   Disk (KB)            :     1           1      2313 
	   GPUs                 :                           0 
	   Memory (MB)          :  1488        5120      5120 
	   TimeExecute (s)      :   150                       
	   TimeSlotBusy (s)     :   150                       
...
