000 (11549214.000.000) 2026-07-29 22:03:00 Job submitted from host: <157.82.112.73:961?addrs=157.82.112.73-961&alias=lxmaster02.icepp.jp&noUDP&sock=schedd_16294_e83e>
...
000 (11549214.001.000) 2026-07-29 22:03:00 Job submitted from host: <157.82.112.73:961?addrs=157.82.112.73-961&alias=lxmaster02.icepp.jp&noUDP&sock=schedd_16294_e83e>
...
000 (11549214.010.000) 2026-07-29 22:03:00 Job submitted from host: <157.82.112.73:961?addrs=157.82.112.73-961&alias=lxmaster02.icepp.jp&noUDP&sock=schedd_16294_e83e>
...
000 (11549214.011.000) 2026-07-29 22:03:00 Job submitted from host: <157.82.112.73:961?addrs=157.82.112.73-961&alias=lxmaster02.icepp.jp&noUDP&sock=schedd_16294_e83e>
...
000 (11549214.012.000) 2026-07-29 22:03:00 Job submitted from host: <157.82.112.73:961?addrs=157.82.112.73-961&alias=lxmaster02.icepp.jp&noUDP&sock=schedd_16294_e83e>
...
000 (11549214.013.000) 2026-07-29 22:03:00 Job submitted from host: <157.82.112.73:961?addrs=157.82.112.73-961&alias=lxmaster02.icepp.jp&noUDP&sock=schedd_16294_e83e>
...
000 (11549214.014.000) 2026-07-29 22:03:00 Job submitted from host: <157.82.112.73:961?addrs=157.82.112.73-961&alias=lxmaster02.icepp.jp&noUDP&sock=schedd_16294_e83e>
...
000 (11549214.015.000) 2026-07-29 22:03:00 Job submitted from host: <157.82.112.73:961?addrs=157.82.112.73-961&alias=lxmaster02.icepp.jp&noUDP&sock=schedd_16294_e83e>
...
000 (11549214.016.000) 2026-07-29 22:03:00 Job submitted from host: <157.82.112.73:961?addrs=157.82.112.73-961&alias=lxmaster02.icepp.jp&noUDP&sock=schedd_16294_e83e>
...
000 (11549214.017.000) 2026-07-29 22:03:00 Job submitted from host: <157.82.112.73:961?addrs=157.82.112.73-961&alias=lxmaster02.icepp.jp&noUDP&sock=schedd_16294_e83e>
...
000 (11549214.018.000) 2026-07-29 22:03:00 Job submitted from host: <157.82.112.73:961?addrs=157.82.112.73-961&alias=lxmaster02.icepp.jp&noUDP&sock=schedd_16294_e83e>
...
000 (11549214.019.000) 2026-07-29 22:03:00 Job submitted from host: <157.82.112.73:961?addrs=157.82.112.73-961&alias=lxmaster02.icepp.jp&noUDP&sock=schedd_16294_e83e>
...
000 (11549214.002.000) 2026-07-29 22:03:00 Job submitted from host: <157.82.112.73:961?addrs=157.82.112.73-961&alias=lxmaster02.icepp.jp&noUDP&sock=schedd_16294_e83e>
...
000 (11549214.020.000) 2026-07-29 22:03:00 Job submitted from host: <157.82.112.73:961?addrs=157.82.112.73-961&alias=lxmaster02.icepp.jp&noUDP&sock=schedd_16294_e83e>
...
000 (11549214.021.000) 2026-07-29 22:03:00 Job submitted from host: <157.82.112.73:961?addrs=157.82.112.73-961&alias=lxmaster02.icepp.jp&noUDP&sock=schedd_16294_e83e>
...
000 (11549214.022.000) 2026-07-29 22:03:00 Job submitted from host: <157.82.112.73:961?addrs=157.82.112.73-961&alias=lxmaster02.icepp.jp&noUDP&sock=schedd_16294_e83e>
...
000 (11549214.023.000) 2026-07-29 22:03:00 Job submitted from host: <157.82.112.73:961?addrs=157.82.112.73-961&alias=lxmaster02.icepp.jp&noUDP&sock=schedd_16294_e83e>
...
000 (11549214.024.000) 2026-07-29 22:03:00 Job submitted from host: <157.82.112.73:961?addrs=157.82.112.73-961&alias=lxmaster02.icepp.jp&noUDP&sock=schedd_16294_e83e>
...
000 (11549214.025.000) 2026-07-29 22:03:00 Job submitted from host: <157.82.112.73:961?addrs=157.82.112.73-961&alias=lxmaster02.icepp.jp&noUDP&sock=schedd_16294_e83e>
...
000 (11549214.026.000) 2026-07-29 22:03:00 Job submitted from host: <157.82.112.73:961?addrs=157.82.112.73-961&alias=lxmaster02.icepp.jp&noUDP&sock=schedd_16294_e83e>
...
000 (11549214.027.000) 2026-07-29 22:03:00 Job submitted from host: <157.82.112.73:961?addrs=157.82.112.73-961&alias=lxmaster02.icepp.jp&noUDP&sock=schedd_16294_e83e>
...
000 (11549214.028.000) 2026-07-29 22:03:00 Job submitted from host: <157.82.112.73:961?addrs=157.82.112.73-961&alias=lxmaster02.icepp.jp&noUDP&sock=schedd_16294_e83e>
...
000 (11549214.029.000) 2026-07-29 22:03:00 Job submitted from host: <157.82.112.73:961?addrs=157.82.112.73-961&alias=lxmaster02.icepp.jp&noUDP&sock=schedd_16294_e83e>
...
000 (11549214.003.000) 2026-07-29 22:03:00 Job submitted from host: <157.82.112.73:961?addrs=157.82.112.73-961&alias=lxmaster02.icepp.jp&noUDP&sock=schedd_16294_e83e>
...
000 (11549214.004.000) 2026-07-29 22:03:00 Job submitted from host: <157.82.112.73:961?addrs=157.82.112.73-961&alias=lxmaster02.icepp.jp&noUDP&sock=schedd_16294_e83e>
...
000 (11549214.005.000) 2026-07-29 22:03:00 Job submitted from host: <157.82.112.73:961?addrs=157.82.112.73-961&alias=lxmaster02.icepp.jp&noUDP&sock=schedd_16294_e83e>
...
000 (11549214.006.000) 2026-07-29 22:03:00 Job submitted from host: <157.82.112.73:961?addrs=157.82.112.73-961&alias=lxmaster02.icepp.jp&noUDP&sock=schedd_16294_e83e>
...
000 (11549214.007.000) 2026-07-29 22:03:00 Job submitted from host: <157.82.112.73:961?addrs=157.82.112.73-961&alias=lxmaster02.icepp.jp&noUDP&sock=schedd_16294_e83e>
...
000 (11549214.008.000) 2026-07-29 22:03:00 Job submitted from host: <157.82.112.73:961?addrs=157.82.112.73-961&alias=lxmaster02.icepp.jp&noUDP&sock=schedd_16294_e83e>
...
000 (11549214.009.000) 2026-07-29 22:03:00 Job submitted from host: <157.82.112.73:961?addrs=157.82.112.73-961&alias=lxmaster02.icepp.jp&noUDP&sock=schedd_16294_e83e>
...
001 (11549214.000.000) 2026-07-29 22:06:51 Job executing on host: <157.82.114.22:961?addrs=157.82.114.22-961+[2404-d540-1-589-3-2-1-622]-961&alias=lxb062-2.icepp.jp&noUDP&sock=startd_16439_5d79>
	SlotName: slot1_14@lxb062-2.icepp.jp
	CondorScratchDir = "/pool/condor/execute/dir_3532906"
	Cpus = 1
	Disk = 2313
	GPUs = 0
	Memory = 5120
...
001 (11549214.001.000) 2026-07-29 22:06:53 Job executing on host: <157.82.114.18:961?addrs=157.82.114.18-961+[2404-d540-1-589-3-2-1-612]-961&alias=lxb061-2.icepp.jp&noUDP&sock=startd_16392_2086>
	SlotName: slot1_40@lxb061-2.icepp.jp
	CondorScratchDir = "/pool/condor/execute/dir_3267450"
	Cpus = 1
	Disk = 2313
	GPUs = 0
	Memory = 5120
...
001 (11549214.002.000) 2026-07-29 22:06:55 Job executing on host: <157.82.114.30:961?addrs=157.82.114.30-961+[2404-d540-1-589-3-2-1-642]-961&alias=lxb064-2.icepp.jp&noUDP&sock=startd_16301_b567>
	SlotName: slot1_14@lxb064-2.icepp.jp
	CondorScratchDir = "/pool/condor/execute/dir_3085769"
	Cpus = 1
	Disk = 2313
	GPUs = 0
	Memory = 5120
...
001 (11549214.003.000) 2026-07-29 22:06:56 Job executing on host: <157.82.114.4:961?addrs=157.82.114.4-961+[2404-d540-1-589-3-2-1-574]-961&alias=lxb057-4.icepp.jp&noUDP&sock=startd_16458_65c6>
	SlotName: slot1_6@lxb057-4.icepp.jp
	CondorScratchDir = "/pool/condor/execute/dir_3757818"
	Cpus = 1
	Disk = 2313
	GPUs = 0
	Memory = 5120
...
001 (11549214.004.000) 2026-07-29 22:06:57 Job executing on host: <157.82.114.30:961?addrs=157.82.114.30-961+[2404-d540-1-589-3-2-1-642]-961&alias=lxb064-2.icepp.jp&noUDP&sock=startd_16301_b567>
	SlotName: slot1_3@lxb064-2.icepp.jp
	CondorScratchDir = "/pool/condor/execute/dir_3086586"
	Cpus = 1
	Disk = 2313
	GPUs = 0
	Memory = 5120
...
006 (11549214.000.000) 2026-07-29 22:07:00 Image size of job updated: 374652
	366  -  MemoryUsage of job (MB)
	374652  -  ResidentSetSize of job (KB)
...
006 (11549214.001.000) 2026-07-29 22:07:01 Image size of job updated: 203072
	199  -  MemoryUsage of job (MB)
	203072  -  ResidentSetSize of job (KB)
...
006 (11549214.003.000) 2026-07-29 22:07:04 Image size of job updated: 287604
	281  -  MemoryUsage of job (MB)
	287604  -  ResidentSetSize of job (KB)
...
006 (11549214.002.000) 2026-07-29 22:07:04 Image size of job updated: 408392
	399  -  MemoryUsage of job (MB)
	408392  -  ResidentSetSize of job (KB)
...
006 (11549214.004.000) 2026-07-29 22:07:06 Image size of job updated: 287876
	282  -  MemoryUsage of job (MB)
	287876  -  ResidentSetSize of job (KB)
...
001 (11549214.005.000) 2026-07-29 22:07:12 Job executing on host: <157.82.114.29:961?addrs=157.82.114.29-961+[2404-d540-1-589-3-2-1-641]-961&alias=lxb064-1.icepp.jp&noUDP&sock=startd_16330_99a7>
	SlotName: slot1_18@lxb064-1.icepp.jp
	CondorScratchDir = "/pool/condor/execute/dir_2136073"
	Cpus = 1
	Disk = 2313
	GPUs = 0
	Memory = 5120
...
001 (11549214.006.000) 2026-07-29 22:07:12 Job executing on host: <157.82.114.30:961?addrs=157.82.114.30-961+[2404-d540-1-589-3-2-1-642]-961&alias=lxb064-2.icepp.jp&noUDP&sock=startd_16301_b567>
	SlotName: slot1_1@lxb064-2.icepp.jp
	CondorScratchDir = "/pool/condor/execute/dir_3090812"
	Cpus = 1
	Disk = 2313
	GPUs = 0
	Memory = 5120
...
001 (11549214.007.000) 2026-07-29 22:07:13 Job executing on host: <157.82.114.29:961?addrs=157.82.114.29-961+[2404-d540-1-589-3-2-1-641]-961&alias=lxb064-1.icepp.jp&noUDP&sock=startd_16330_99a7>
	SlotName: slot1_21@lxb064-1.icepp.jp
	CondorScratchDir = "/pool/condor/execute/dir_2136172"
	Cpus = 1
	Disk = 2313
	GPUs = 0
	Memory = 5120
...
006 (11549214.005.000) 2026-07-29 22:07:21 Image size of job updated: 326728
	320  -  MemoryUsage of job (MB)
	326728  -  ResidentSetSize of job (KB)
...
006 (11549214.006.000) 2026-07-29 22:07:21 Image size of job updated: 331256
	324  -  MemoryUsage of job (MB)
	331256  -  ResidentSetSize of job (KB)
...
006 (11549214.007.000) 2026-07-29 22:07:22 Image size of job updated: 373068
	365  -  MemoryUsage of job (MB)
	373068  -  ResidentSetSize of job (KB)
...
001 (11549214.008.000) 2026-07-29 22:07:23 Job executing on host: <157.82.114.32:961?addrs=157.82.114.32-961+[2404-d540-1-589-3-2-1-644]-961&alias=lxb064-4.icepp.jp&noUDP&sock=startd_16440_0d11>
	SlotName: slot1_1@lxb064-4.icepp.jp
	CondorScratchDir = "/pool/condor/execute/dir_3214827"
	Cpus = 1
	Disk = 2313
	GPUs = 0
	Memory = 5120
...
006 (11549214.001.000) 2026-07-29 22:07:31 Image size of job updated: 916064
	895  -  MemoryUsage of job (MB)
	916064  -  ResidentSetSize of job (KB)
...
006 (11549214.008.000) 2026-07-29 22:07:31 Image size of job updated: 313864
	307  -  MemoryUsage of job (MB)
	313864  -  ResidentSetSize of job (KB)
...
006 (11549214.000.000) 2026-07-29 22:07:31 Image size of job updated: 920068
	899  -  MemoryUsage of job (MB)
	920068  -  ResidentSetSize of job (KB)
...
001 (11549214.009.000) 2026-07-29 22:07:33 Job executing on host: <157.82.114.15:961?addrs=157.82.114.15-961+[2404-d540-1-589-3-2-1-603]-961&alias=lxb060-3.icepp.jp&noUDP&sock=startd_16822_123f>
	SlotName: slot1_37@lxb060-3.icepp.jp
	CondorScratchDir = "/pool/condor/execute/dir_3620774"
	Cpus = 1
	Disk = 2313
	GPUs = 0
	Memory = 5120
...
006 (11549214.003.000) 2026-07-29 22:07:34 Image size of job updated: 915060
	894  -  MemoryUsage of job (MB)
	915060  -  ResidentSetSize of job (KB)
...
006 (11549214.002.000) 2026-07-29 22:07:36 Image size of job updated: 913668
	893  -  MemoryUsage of job (MB)
	913668  -  ResidentSetSize of job (KB)
...
006 (11549214.004.000) 2026-07-29 22:07:37 Image size of job updated: 917160
	896  -  MemoryUsage of job (MB)
	917160  -  ResidentSetSize of job (KB)
...
006 (11549214.009.000) 2026-07-29 22:07:42 Image size of job updated: 280660
	275  -  MemoryUsage of job (MB)
	280660  -  ResidentSetSize of job (KB)
...
001 (11549214.010.000) 2026-07-29 22:07:43 Job executing on host: <157.82.114.3:961?addrs=157.82.114.3-961+[2404-d540-1-589-3-2-1-573]-961&alias=lxb057-3.icepp.jp&noUDP&sock=startd_16816_f4ae>
	SlotName: slot1_6@lxb057-3.icepp.jp
	CondorScratchDir = "/pool/condor/execute/dir_2515813"
	Cpus = 1
	Disk = 2313
	GPUs = 0
	Memory = 5120
...
001 (11549214.011.000) 2026-07-29 22:07:43 Job executing on host: <157.82.114.30:961?addrs=157.82.114.30-961+[2404-d540-1-589-3-2-1-642]-961&alias=lxb064-2.icepp.jp&noUDP&sock=startd_16301_b567>
	SlotName: slot1_7@lxb064-2.icepp.jp
	CondorScratchDir = "/pool/condor/execute/dir_3094517"
	Cpus = 1
	Disk = 2313
	GPUs = 0
	Memory = 5120
...
001 (11549214.012.000) 2026-07-29 22:07:44 Job executing on host: <157.82.114.13:961?addrs=157.82.114.13-961+[2404-d540-1-589-3-2-1-601]-961&alias=lxb060-1.icepp.jp&noUDP&sock=startd_16647_092c>
	SlotName: slot1_5@lxb060-1.icepp.jp
	CondorScratchDir = "/pool/condor/execute/dir_3755007"
	Cpus = 1
	Disk = 2313
	GPUs = 0
	Memory = 5120
...
001 (11549214.013.000) 2026-07-29 22:07:49 Job executing on host: <157.82.114.29:961?addrs=157.82.114.29-961+[2404-d540-1-589-3-2-1-641]-961&alias=lxb064-1.icepp.jp&noUDP&sock=startd_16330_99a7>
	SlotName: slot1_17@lxb064-1.icepp.jp
	CondorScratchDir = "/pool/condor/execute/dir_2142543"
	Cpus = 1
	Disk = 2313
	GPUs = 0
	Memory = 5120
...
001 (11549214.014.000) 2026-07-29 22:07:51 Job executing on host: <157.82.114.16:961?addrs=157.82.114.16-961+[2404-d540-1-589-3-2-1-604]-961&alias=lxb060-4.icepp.jp&noUDP&sock=startd_16266_b397>
	SlotName: slot1_8@lxb060-4.icepp.jp
	CondorScratchDir = "/pool/condor/execute/dir_1544358"
	Cpus = 1
	Disk = 2313
	GPUs = 0
	Memory = 5120
...
006 (11549214.010.000) 2026-07-29 22:07:51 Image size of job updated: 310316
	304  -  MemoryUsage of job (MB)
	310316  -  ResidentSetSize of job (KB)
...
006 (11549214.011.000) 2026-07-29 22:07:51 Image size of job updated: 289580
	283  -  MemoryUsage of job (MB)
	289580  -  ResidentSetSize of job (KB)
...
006 (11549214.012.000) 2026-07-29 22:07:52 Image size of job updated: 288332
	282  -  MemoryUsage of job (MB)
	288332  -  ResidentSetSize of job (KB)
...
006 (11549214.005.000) 2026-07-29 22:07:52 Image size of job updated: 918288
	897  -  MemoryUsage of job (MB)
	918288  -  ResidentSetSize of job (KB)
...
006 (11549214.006.000) 2026-07-29 22:07:52 Image size of job updated: 913268
	892  -  MemoryUsage of job (MB)
	913268  -  ResidentSetSize of job (KB)
...
001 (11549214.015.000) 2026-07-29 22:07:53 Job executing on host: <157.82.114.25:961?addrs=157.82.114.25-961+[2404-d540-1-589-3-2-1-631]-961&alias=lxb063-1.icepp.jp&noUDP&sock=startd_16090_faec>
	SlotName: slot1_16@lxb063-1.icepp.jp
	CondorScratchDir = "/pool/condor/execute/dir_2949206"
	Cpus = 1
	Disk = 2313
	GPUs = 0
	Memory = 5120
...
006 (11549214.007.000) 2026-07-29 22:07:53 Image size of job updated: 915572
	895  -  MemoryUsage of job (MB)
	915572  -  ResidentSetSize of job (KB)
...
001 (11549214.016.000) 2026-07-29 22:07:55 Job executing on host: <157.82.114.4:961?addrs=157.82.114.4-961+[2404-d540-1-589-3-2-1-574]-961&alias=lxb057-4.icepp.jp&noUDP&sock=startd_16458_65c6>
	SlotName: slot1_19@lxb057-4.icepp.jp
	CondorScratchDir = "/pool/condor/execute/dir_3764058"
	Cpus = 1
	Disk = 2313
	GPUs = 0
	Memory = 5120
...
001 (11549214.017.000) 2026-07-29 22:07:56 Job executing on host: <157.82.114.11:961?addrs=157.82.114.11-961+[2404-d540-1-589-3-2-1-593]-961&alias=lxb059-3.icepp.jp&noUDP&sock=startd_16431_e0b7>
	SlotName: slot1_4@lxb059-3.icepp.jp
	CondorScratchDir = "/pool/condor/execute/dir_1762629"
	Cpus = 1
	Disk = 2313
	GPUs = 0
	Memory = 5120
...
006 (11549214.013.000) 2026-07-29 22:07:58 Image size of job updated: 374872
	367  -  MemoryUsage of job (MB)
	374872  -  ResidentSetSize of job (KB)
...
006 (11549214.014.000) 2026-07-29 22:07:59 Image size of job updated: 289644
	283  -  MemoryUsage of job (MB)
	289644  -  ResidentSetSize of job (KB)
...
001 (11549214.018.000) 2026-07-29 22:08:00 Job executing on host: <157.82.114.22:961?addrs=157.82.114.22-961+[2404-d540-1-589-3-2-1-622]-961&alias=lxb062-2.icepp.jp&noUDP&sock=startd_16439_5d79>
	SlotName: slot1_8@lxb062-2.icepp.jp
	CondorScratchDir = "/pool/condor/execute/dir_3544674"
	Cpus = 1
	Disk = 2313
	GPUs = 0
	Memory = 5120
...
006 (11549214.001.000) 2026-07-29 22:08:01 Image size of job updated: 1179024
	1152  -  MemoryUsage of job (MB)
	1179024  -  ResidentSetSize of job (KB)
...
006 (11549214.008.000) 2026-07-29 22:08:01 Image size of job updated: 914636
	894  -  MemoryUsage of job (MB)
	914636  -  ResidentSetSize of job (KB)
...
006 (11549214.015.000) 2026-07-29 22:08:02 Image size of job updated: 286692
	280  -  MemoryUsage of job (MB)
	286692  -  ResidentSetSize of job (KB)
...
006 (11549214.000.000) 2026-07-29 22:08:02 Image size of job updated: 1392912
	1361  -  MemoryUsage of job (MB)
	1392912  -  ResidentSetSize of job (KB)
...
006 (11549214.003.000) 2026-07-29 22:08:04 Image size of job updated: 1347108
	1316  -  MemoryUsage of job (MB)
	1347108  -  ResidentSetSize of job (KB)
...
006 (11549214.016.000) 2026-07-29 22:08:04 Image size of job updated: 284252
	278  -  MemoryUsage of job (MB)
	284252  -  ResidentSetSize of job (KB)
...
006 (11549214.017.000) 2026-07-29 22:08:05 Image size of job updated: 343996
	336  -  MemoryUsage of job (MB)
	343996  -  ResidentSetSize of job (KB)
...
006 (11549214.002.000) 2026-07-29 22:08:06 Image size of job updated: 1414936
	1382  -  MemoryUsage of job (MB)
	1414936  -  ResidentSetSize of job (KB)
...
006 (11549214.018.000) 2026-07-29 22:08:08 Image size of job updated: 311404
	305  -  MemoryUsage of job (MB)
	311404  -  ResidentSetSize of job (KB)
...
006 (11549214.004.000) 2026-07-29 22:08:08 Image size of job updated: 1346644
	1316  -  MemoryUsage of job (MB)
	1346644  -  ResidentSetSize of job (KB)
...
001 (11549214.019.000) 2026-07-29 22:08:09 Job executing on host: <157.82.114.13:961?addrs=157.82.114.13-961+[2404-d540-1-589-3-2-1-601]-961&alias=lxb060-1.icepp.jp&noUDP&sock=startd_16647_092c>
	SlotName: slot1_6@lxb060-1.icepp.jp
	CondorScratchDir = "/pool/condor/execute/dir_3757397"
	Cpus = 1
	Disk = 2313
	GPUs = 0
	Memory = 5120
...
001 (11549214.020.000) 2026-07-29 22:08:13 Job executing on host: <157.82.114.15:961?addrs=157.82.114.15-961+[2404-d540-1-589-3-2-1-603]-961&alias=lxb060-3.icepp.jp&noUDP&sock=startd_16822_123f>
	SlotName: slot1_1@lxb060-3.icepp.jp
	CondorScratchDir = "/pool/condor/execute/dir_3631107"
	Cpus = 1
	Disk = 2313
	GPUs = 0
	Memory = 5120
...
001 (11549214.021.000) 2026-07-29 22:08:13 Job executing on host: <157.82.114.21:961?addrs=157.82.114.21-961+[2404-d540-1-589-3-2-1-621]-961&alias=lxb062-1.icepp.jp&noUDP&sock=startd_16821_62a7>
	SlotName: slot1_19@lxb062-1.icepp.jp
	CondorScratchDir = "/pool/condor/execute/dir_2906722"
	Cpus = 1
	Disk = 2313
	GPUs = 0
	Memory = 5120
...
006 (11549214.009.000) 2026-07-29 22:08:13 Image size of job updated: 916972
	896  -  MemoryUsage of job (MB)
	916972  -  ResidentSetSize of job (KB)
...
001 (11549214.022.000) 2026-07-29 22:08:14 Job executing on host: <157.82.114.22:961?addrs=157.82.114.22-961+[2404-d540-1-589-3-2-1-622]-961&alias=lxb062-2.icepp.jp&noUDP&sock=startd_16439_5d79>
	SlotName: slot1_26@lxb062-2.icepp.jp
	CondorScratchDir = "/pool/condor/execute/dir_3548325"
	Cpus = 1
	Disk = 2313
	GPUs = 0
	Memory = 5120
...
001 (11549214.023.000) 2026-07-29 22:08:16 Job executing on host: <157.82.114.3:961?addrs=157.82.114.3-961+[2404-d540-1-589-3-2-1-573]-961&alias=lxb057-3.icepp.jp&noUDP&sock=startd_16816_f4ae>
	SlotName: slot1_14@lxb057-3.icepp.jp
	CondorScratchDir = "/pool/condor/execute/dir_2520013"
	Cpus = 1
	Disk = 2313
	GPUs = 0
	Memory = 5120
...
006 (11549214.019.000) 2026-07-29 22:08:17 Image size of job updated: 348820
	341  -  MemoryUsage of job (MB)
	348820  -  ResidentSetSize of job (KB)
...
006 (11549214.020.000) 2026-07-29 22:08:21 Image size of job updated: 239172
	234  -  MemoryUsage of job (MB)
	239172  -  ResidentSetSize of job (KB)
...
006 (11549214.010.000) 2026-07-29 22:08:21 Image size of job updated: 918552
	898  -  MemoryUsage of job (MB)
	918552  -  ResidentSetSize of job (KB)
...
006 (11549214.021.000) 2026-07-29 22:08:21 Image size of job updated: 262472
	257  -  MemoryUsage of job (MB)
	262472  -  ResidentSetSize of job (KB)
...
006 (11549214.011.000) 2026-07-29 22:08:21 Image size of job updated: 911144
	890  -  MemoryUsage of job (MB)
	911144  -  ResidentSetSize of job (KB)
...
001 (11549214.024.000) 2026-07-29 22:08:21 Job executing on host: <157.82.114.4:961?addrs=157.82.114.4-961+[2404-d540-1-589-3-2-1-574]-961&alias=lxb057-4.icepp.jp&noUDP&sock=startd_16458_65c6>
	SlotName: slot1_13@lxb057-4.icepp.jp
	CondorScratchDir = "/pool/condor/execute/dir_3766773"
	Cpus = 1
	Disk = 2313
	GPUs = 0
	Memory = 5120
...
001 (11549214.025.000) 2026-07-29 22:08:22 Job executing on host: <157.82.114.4:961?addrs=157.82.114.4-961+[2404-d540-1-589-3-2-1-574]-961&alias=lxb057-4.icepp.jp&noUDP&sock=startd_16458_65c6>
	SlotName: slot1_20@lxb057-4.icepp.jp
	CondorScratchDir = "/pool/condor/execute/dir_3766810"
	Cpus = 1
	Disk = 2313
	GPUs = 0
	Memory = 5120
...
006 (11549214.012.000) 2026-07-29 22:08:22 Image size of job updated: 915508
	895  -  MemoryUsage of job (MB)
	915508  -  ResidentSetSize of job (KB)
...
006 (11549214.022.000) 2026-07-29 22:08:22 Image size of job updated: 253408
	248  -  MemoryUsage of job (MB)
	253408  -  ResidentSetSize of job (KB)
...
006 (11549214.005.000) 2026-07-29 22:08:23 Image size of job updated: 1366092
	1335  -  MemoryUsage of job (MB)
	1366092  -  ResidentSetSize of job (KB)
...
001 (11549214.026.000) 2026-07-29 22:08:23 Job executing on host: <157.82.114.4:961?addrs=157.82.114.4-961+[2404-d540-1-589-3-2-1-574]-961&alias=lxb057-4.icepp.jp&noUDP&sock=startd_16458_65c6>
	SlotName: slot1_2@lxb057-4.icepp.jp
	CondorScratchDir = "/pool/condor/execute/dir_3770127"
	Cpus = 1
	Disk = 2313
	GPUs = 0
	Memory = 5120
...
006 (11549214.006.000) 2026-07-29 22:08:24 Image size of job updated: 1386688
	1355  -  MemoryUsage of job (MB)
	1386688  -  ResidentSetSize of job (KB)
...
006 (11549214.023.000) 2026-07-29 22:08:24 Image size of job updated: 348228
	341  -  MemoryUsage of job (MB)
	348228  -  ResidentSetSize of job (KB)
...
006 (11549214.007.000) 2026-07-29 22:08:24 Image size of job updated: 1390412
	1358  -  MemoryUsage of job (MB)
	1390412  -  ResidentSetSize of job (KB)
...
006 (11549214.014.000) 2026-07-29 22:08:29 Image size of job updated: 914324
	893  -  MemoryUsage of job (MB)
	914324  -  ResidentSetSize of job (KB)
...
006 (11549214.013.000) 2026-07-29 22:08:29 Image size of job updated: 917152
	896  -  MemoryUsage of job (MB)
	917152  -  ResidentSetSize of job (KB)
...
006 (11549214.025.000) 2026-07-29 22:08:30 Image size of job updated: 381112
	373  -  MemoryUsage of job (MB)
	381112  -  ResidentSetSize of job (KB)
...
006 (11549214.024.000) 2026-07-29 22:08:30 Image size of job updated: 384140
	376  -  MemoryUsage of job (MB)
	384140  -  ResidentSetSize of job (KB)
...
006 (11549214.001.000) 2026-07-29 22:08:31 Image size of job updated: 1509496
	1475  -  MemoryUsage of job (MB)
	1509496  -  ResidentSetSize of job (KB)
...
006 (11549214.008.000) 2026-07-29 22:08:31 Image size of job updated: 1362896
	1331  -  MemoryUsage of job (MB)
	1362896  -  ResidentSetSize of job (KB)
...
006 (11549214.026.000) 2026-07-29 22:08:32 Image size of job updated: 329468
	322  -  MemoryUsage of job (MB)
	329468  -  ResidentSetSize of job (KB)
...
006 (11549214.015.000) 2026-07-29 22:08:33 Image size of job updated: 916540
	896  -  MemoryUsage of job (MB)
	916540  -  ResidentSetSize of job (KB)
...
006 (11549214.000.000) 2026-07-29 22:08:33 Image size of job updated: 1517812
	1483  -  MemoryUsage of job (MB)
	1517812  -  ResidentSetSize of job (KB)
...
006 (11549214.003.000) 2026-07-29 22:08:34 Image size of job updated: 1519720
	1485  -  MemoryUsage of job (MB)
	1519720  -  ResidentSetSize of job (KB)
...
001 (11549214.027.000) 2026-07-29 22:08:35 Job executing on host: <157.82.114.16:961?addrs=157.82.114.16-961+[2404-d540-1-589-3-2-1-604]-961&alias=lxb060-4.icepp.jp&noUDP&sock=startd_16266_b397>
	SlotName: slot1_6@lxb060-4.icepp.jp
	CondorScratchDir = "/pool/condor/execute/dir_1547339"
	Cpus = 1
	Disk = 2313
	GPUs = 0
	Memory = 5120
...
006 (11549214.016.000) 2026-07-29 22:08:35 Image size of job updated: 918632
	898  -  MemoryUsage of job (MB)
	918632  -  ResidentSetSize of job (KB)
...
006 (11549214.002.000) 2026-07-29 22:08:36 Image size of job updated: 1513632
	1479  -  MemoryUsage of job (MB)
	1513632  -  ResidentSetSize of job (KB)
...
006 (11549214.017.000) 2026-07-29 22:08:36 Image size of job updated: 911456
	891  -  MemoryUsage of job (MB)
	911456  -  ResidentSetSize of job (KB)
...
001 (11549214.028.000) 2026-07-29 22:08:38 Job executing on host: <157.82.114.23:961?addrs=157.82.114.23-961+[2404-d540-1-589-3-2-1-623]-961&alias=lxb062-3.icepp.jp&noUDP&sock=startd_16828_2fd1>
	SlotName: slot1_6@lxb062-3.icepp.jp
	CondorScratchDir = "/pool/condor/execute/dir_3495125"
	Cpus = 1
	Disk = 2313
	GPUs = 0
	Memory = 5120
...
006 (11549214.018.000) 2026-07-29 22:08:38 Image size of job updated: 908532
	888  -  MemoryUsage of job (MB)
	908532  -  ResidentSetSize of job (KB)
...
006 (11549214.004.000) 2026-07-29 22:08:39 Image size of job updated: 1516952
	1482  -  MemoryUsage of job (MB)
	1516952  -  ResidentSetSize of job (KB)
...
001 (11549214.029.000) 2026-07-29 22:08:41 Job executing on host: <157.82.114.8:961?addrs=157.82.114.8-961+[2404-d540-1-589-3-2-1-584]-961&alias=lxb058-4.icepp.jp&noUDP&sock=startd_16113_c199>
	SlotName: slot1_13@lxb058-4.icepp.jp
	CondorScratchDir = "/pool/condor/execute/dir_1061662"
	Cpus = 1
	Disk = 2313
	GPUs = 0
	Memory = 5120
...
006 (11549214.027.000) 2026-07-29 22:08:44 Image size of job updated: 295072
	289  -  MemoryUsage of job (MB)
	295072  -  ResidentSetSize of job (KB)
...
006 (11549214.009.000) 2026-07-29 22:08:44 Image size of job updated: 1297640
	1268  -  MemoryUsage of job (MB)
	1297640  -  ResidentSetSize of job (KB)
...
006 (11549214.028.000) 2026-07-29 22:08:46 Image size of job updated: 310396
	304  -  MemoryUsage of job (MB)
	310396  -  ResidentSetSize of job (KB)
...
006 (11549214.019.000) 2026-07-29 22:08:47 Image size of job updated: 917724
	897  -  MemoryUsage of job (MB)
	917724  -  ResidentSetSize of job (KB)
...
006 (11549214.029.000) 2026-07-29 22:08:50 Image size of job updated: 372104
	364  -  MemoryUsage of job (MB)
	372104  -  ResidentSetSize of job (KB)
...
006 (11549214.020.000) 2026-07-29 22:08:51 Image size of job updated: 907164
	886  -  MemoryUsage of job (MB)
	907164  -  ResidentSetSize of job (KB)
...
006 (11549214.010.000) 2026-07-29 22:08:51 Image size of job updated: 1345496
	1314  -  MemoryUsage of job (MB)
	1345496  -  ResidentSetSize of job (KB)
...
006 (11549214.021.000) 2026-07-29 22:08:51 Image size of job updated: 909268
	888  -  MemoryUsage of job (MB)
	909268  -  ResidentSetSize of job (KB)
...
006 (11549214.012.000) 2026-07-29 22:08:52 Image size of job updated: 1393540
	1361  -  MemoryUsage of job (MB)
	1393540  -  ResidentSetSize of job (KB)
...
006 (11549214.022.000) 2026-07-29 22:08:52 Image size of job updated: 909180
	888  -  MemoryUsage of job (MB)
	909180  -  ResidentSetSize of job (KB)
...
006 (11549214.011.000) 2026-07-29 22:08:52 Image size of job updated: 1324464
	1294  -  MemoryUsage of job (MB)
	1324464  -  ResidentSetSize of job (KB)
...
006 (11549214.006.000) 2026-07-29 22:08:54 Image size of job updated: 1512412
	1477  -  MemoryUsage of job (MB)
	1512412  -  ResidentSetSize of job (KB)
...
006 (11549214.023.000) 2026-07-29 22:08:54 Image size of job updated: 915824
	895  -  MemoryUsage of job (MB)
	915824  -  ResidentSetSize of job (KB)
...
006 (11549214.005.000) 2026-07-29 22:08:54 Image size of job updated: 1519200
	1484  -  MemoryUsage of job (MB)
	1519200  -  ResidentSetSize of job (KB)
...
006 (11549214.007.000) 2026-07-29 22:08:55 Image size of job updated: 1518016
	1483  -  MemoryUsage of job (MB)
	1518016  -  ResidentSetSize of job (KB)
...
006 (11549214.014.000) 2026-07-29 22:08:59 Image size of job updated: 1379268
	1347  -  MemoryUsage of job (MB)
	1379268  -  ResidentSetSize of job (KB)
...
006 (11549214.025.000) 2026-07-29 22:09:00 Image size of job updated: 915344
	894  -  MemoryUsage of job (MB)
	915344  -  ResidentSetSize of job (KB)
...
006 (11549214.013.000) 2026-07-29 22:09:00 Image size of job updated: 1368848
	1337  -  MemoryUsage of job (MB)
	1368848  -  ResidentSetSize of job (KB)
...
006 (11549214.001.000) 2026-07-29 22:09:01 Image size of job updated: 1518968
	1484  -  MemoryUsage of job (MB)
	1518968  -  ResidentSetSize of job (KB)
...
006 (11549214.008.000) 2026-07-29 22:09:01 Image size of job updated: 1518548
	1483  -  MemoryUsage of job (MB)
	1518548  -  ResidentSetSize of job (KB)
...
006 (11549214.024.000) 2026-07-29 22:09:01 Image size of job updated: 917656
	897  -  MemoryUsage of job (MB)
	917656  -  ResidentSetSize of job (KB)
...
006 (11549214.026.000) 2026-07-29 22:09:03 Image size of job updated: 917408
	896  -  MemoryUsage of job (MB)
	917408  -  ResidentSetSize of job (KB)
...
006 (11549214.000.000) 2026-07-29 22:09:04 Image size of job updated: 1519768
	1485  -  MemoryUsage of job (MB)
	1519768  -  ResidentSetSize of job (KB)
...
006 (11549214.003.000) 2026-07-29 22:09:04 Image size of job updated: 1522696
	1488  -  MemoryUsage of job (MB)
	1522696  -  ResidentSetSize of job (KB)
...
006 (11549214.015.000) 2026-07-29 22:09:04 Image size of job updated: 1361316
	1330  -  MemoryUsage of job (MB)
	1361316  -  ResidentSetSize of job (KB)
...
006 (11549214.002.000) 2026-07-29 22:09:06 Image size of job updated: 1517180
	1482  -  MemoryUsage of job (MB)
	1517180  -  ResidentSetSize of job (KB)
...
006 (11549214.016.000) 2026-07-29 22:09:06 Image size of job updated: 1355544
	1324  -  MemoryUsage of job (MB)
	1355544  -  ResidentSetSize of job (KB)
...
006 (11549214.000.000) 2026-07-29 22:09:07 Image size of job updated: 1519776
	1485  -  MemoryUsage of job (MB)
	1519768  -  ResidentSetSize of job (KB)
...
005 (11549214.000.000) 2026-07-29 22:09:07 Job terminated.
	(1) Normal termination (return value 0)
		Usr 0 00:02:03, Sys 0 00:00:03  -  Run Remote Usage
		Usr 0 00:00:00, Sys 0 00:00:00  -  Run Local Usage
		Usr 0 00:02:03, Sys 0 00:00:03  -  Total Remote Usage
		Usr 0 00:00:00, Sys 0 00:00:00  -  Total Local Usage
	0  -  Run Bytes Sent By Job
	0  -  Run Bytes Received By Job
	0  -  Total Bytes Sent By Job
	0  -  Total Bytes Received By Job
	Partitionable Resources :    Usage  Request Allocated 
	   Cpus                 :     1.00        1         1 
	   Disk (KB)            :     1           1      2313 
	   GPUs                 :                           0 
	   Memory (MB)          :  1485        5120      5120 
	   TimeExecute (s)      :   136                       
	   TimeSlotBusy (s)     :   136                       
...
006 (11549214.017.000) 2026-07-29 22:09:07 Image size of job updated: 1442552
	1409  -  MemoryUsage of job (MB)
	1442552  -  ResidentSetSize of job (KB)
...
005 (11549214.002.000) 2026-07-29 22:09:08 Job terminated.
	(1) Normal termination (return value 0)
		Usr 0 00:02:02, Sys 0 00:00:03  -  Run Remote Usage
		Usr 0 00:00:00, Sys 0 00:00:00  -  Run Local Usage
		Usr 0 00:02:02, Sys 0 00:00:03  -  Total Remote Usage
		Usr 0 00:00:00, Sys 0 00:00:00  -  Total Local Usage
	0  -  Run Bytes Sent By Job
	0  -  Run Bytes Received By Job
	0  -  Total Bytes Sent By Job
	0  -  Total Bytes Received By Job
	Partitionable Resources :    Usage  Request Allocated 
	   Cpus                 :     1.00        1         1 
	   Disk (KB)            :     1           1      2313 
	   GPUs                 :                           0 
	   Memory (MB)          :  1482        5120      5120 
	   TimeExecute (s)      :   133                       
	   TimeSlotBusy (s)     :   133                       
...
006 (11549214.018.000) 2026-07-29 22:09:09 Image size of job updated: 1339660
	1309  -  MemoryUsage of job (MB)
	1339660  -  ResidentSetSize of job (KB)
...
006 (11549214.004.000) 2026-07-29 22:09:10 Image size of job updated: 1519932
	1485  -  MemoryUsage of job (MB)
	1519932  -  ResidentSetSize of job (KB)
...
006 (11549214.003.000) 2026-07-29 22:09:11 Image size of job updated: 1522936
	1488  -  MemoryUsage of job (MB)
	1522696  -  ResidentSetSize of job (KB)
...
005 (11549214.003.000) 2026-07-29 22:09:11 Job terminated.
	(1) Normal termination (return value 0)
		Usr 0 00:02:02, Sys 0 00:00:03  -  Run Remote Usage
		Usr 0 00:00:00, Sys 0 00:00:00  -  Run Local Usage
		Usr 0 00:02:02, Sys 0 00:00:03  -  Total Remote Usage
		Usr 0 00:00:00, Sys 0 00:00:00  -  Total Local Usage
	0  -  Run Bytes Sent By Job
	0  -  Run Bytes Received By Job
	0  -  Total Bytes Sent By Job
	0  -  Total Bytes Received By Job
	Partitionable Resources :    Usage  Request Allocated 
	   Cpus                 :     0.90        1         1 
	   Disk (KB)            :     1           1      2313 
	   GPUs                 :                           0 
	   Memory (MB)          :  1488        5120      5120 
	   TimeExecute (s)      :   135                       
	   TimeSlotBusy (s)     :   135                       
...
005 (11549214.004.000) 2026-07-29 22:09:14 Job terminated.
	(1) Normal termination (return value 0)
		Usr 0 00:02:04, Sys 0 00:00:03  -  Run Remote Usage
		Usr 0 00:00:00, Sys 0 00:00:00  -  Run Local Usage
		Usr 0 00:02:04, Sys 0 00:00:03  -  Total Remote Usage
		Usr 0 00:00:00, Sys 0 00:00:00  -  Total Local Usage
	0  -  Run Bytes Sent By Job
	0  -  Run Bytes Received By Job
	0  -  Total Bytes Sent By Job
	0  -  Total Bytes Received By Job
	Partitionable Resources :    Usage  Request Allocated 
	   Cpus                 :     0.99        1         1 
	   Disk (KB)            :     1           1      2313 
	   GPUs                 :                           0 
	   Memory (MB)          :  1485        5120      5120 
	   TimeExecute (s)      :   137                       
	   TimeSlotBusy (s)     :   137                       
...
006 (11549214.009.000) 2026-07-29 22:09:15 Image size of job updated: 1516804
	1482  -  MemoryUsage of job (MB)
	1516804  -  ResidentSetSize of job (KB)
...
006 (11549214.027.000) 2026-07-29 22:09:15 Image size of job updated: 918196
	897  -  MemoryUsage of job (MB)
	918196  -  ResidentSetSize of job (KB)
...
006 (11549214.028.000) 2026-07-29 22:09:16 Image size of job updated: 914708
	894  -  MemoryUsage of job (MB)
	914708  -  ResidentSetSize of job (KB)
...
006 (11549214.019.000) 2026-07-29 22:09:17 Image size of job updated: 1407576
	1375  -  MemoryUsage of job (MB)
	1407576  -  ResidentSetSize of job (KB)
...
006 (11549214.020.000) 2026-07-29 22:09:21 Image size of job updated: 1218676
	1191  -  MemoryUsage of job (MB)
	1218676  -  ResidentSetSize of job (KB)
...
006 (11549214.010.000) 2026-07-29 22:09:21 Image size of job updated: 1519788
	1485  -  MemoryUsage of job (MB)
	1519788  -  ResidentSetSize of job (KB)
...
006 (11549214.021.000) 2026-07-29 22:09:21 Image size of job updated: 1317852
	1287  -  MemoryUsage of job (MB)
	1317852  -  ResidentSetSize of job (KB)
...
006 (11549214.001.000) 2026-07-29 22:09:21 Image size of job updated: 1520288
	1484  -  MemoryUsage of job (MB)
	1518968  -  ResidentSetSize of job (KB)
...
005 (11549214.001.000) 2026-07-29 22:09:21 Job terminated.
	(1) Normal termination (return value 0)
		Usr 0 00:02:10, Sys 0 00:00:04  -  Run Remote Usage
		Usr 0 00:00:00, Sys 0 00:00:00  -  Run Local Usage
		Usr 0 00:02:10, Sys 0 00:00:04  -  Total Remote Usage
		Usr 0 00:00:00, Sys 0 00:00:00  -  Total Local Usage
	0  -  Run Bytes Sent By Job
	0  -  Run Bytes Received By Job
	0  -  Total Bytes Sent By Job
	0  -  Total Bytes Received By Job
	Partitionable Resources :    Usage  Request Allocated 
	   Cpus                 :     1.00        1         1 
	   Disk (KB)            :     1           1      2313 
	   GPUs                 :                           0 
	   Memory (MB)          :  1484        5120      5120 
	   TimeExecute (s)      :   148                       
	   TimeSlotBusy (s)     :   149                       
...
006 (11549214.029.000) 2026-07-29 22:09:21 Image size of job updated: 918592
	898  -  MemoryUsage of job (MB)
	918592  -  ResidentSetSize of job (KB)
...
006 (11549214.012.000) 2026-07-29 22:09:22 Image size of job updated: 1522528
	1487  -  MemoryUsage of job (MB)
	1522528  -  ResidentSetSize of job (KB)
...
006 (11549214.022.000) 2026-07-29 22:09:22 Image size of job updated: 1282036
	1252  -  MemoryUsage of job (MB)
	1282036  -  ResidentSetSize of job (KB)
...
006 (11549214.011.000) 2026-07-29 22:09:23 Image size of job updated: 1512708
	1478  -  MemoryUsage of job (MB)
	1512708  -  ResidentSetSize of job (KB)
...
006 (11549214.006.000) 2026-07-29 22:09:24 Image size of job updated: 1515072
	1480  -  MemoryUsage of job (MB)
	1515072  -  ResidentSetSize of job (KB)
...
006 (11549214.023.000) 2026-07-29 22:09:24 Image size of job updated: 1359744
	1328  -  MemoryUsage of job (MB)
	1359744  -  ResidentSetSize of job (KB)
...
006 (11549214.005.000) 2026-07-29 22:09:25 Image size of job updated: 1521228
	1486  -  MemoryUsage of job (MB)
	1521228  -  ResidentSetSize of job (KB)
...
005 (11549214.005.000) 2026-07-29 22:09:26 Job terminated.
	(1) Normal termination (return value 0)
		Usr 0 00:02:03, Sys 0 00:00:03  -  Run Remote Usage
		Usr 0 00:00:00, Sys 0 00:00:00  -  Run Local Usage
		Usr 0 00:02:03, Sys 0 00:00:03  -  Total Remote Usage
		Usr 0 00:00:00, Sys 0 00:00:00  -  Total Local Usage
	0  -  Run Bytes Sent By Job
	0  -  Run Bytes Received By Job
	0  -  Total Bytes Sent By Job
	0  -  Total Bytes Received By Job
	Partitionable Resources :    Usage  Request Allocated 
	   Cpus                 :     0.99        1         1 
	   Disk (KB)            :     1           1      2313 
	   GPUs                 :                           0 
	   Memory (MB)          :  1486        5120      5120 
	   TimeExecute (s)      :   134                       
	   TimeSlotBusy (s)     :   134                       
...
006 (11549214.007.000) 2026-07-29 22:09:26 Image size of job updated: 1520056
	1485  -  MemoryUsage of job (MB)
	1520056  -  ResidentSetSize of job (KB)
...
005 (11549214.006.000) 2026-07-29 22:09:29 Job terminated.
	(1) Normal termination (return value 0)
		Usr 0 00:02:04, Sys 0 00:00:03  -  Run Remote Usage
		Usr 0 00:00:00, Sys 0 00:00:00  -  Run Local Usage
		Usr 0 00:02:04, Sys 0 00:00:03  -  Total Remote Usage
		Usr 0 00:00:00, Sys 0 00:00:00  -  Total Local Usage
	0  -  Run Bytes Sent By Job
	0  -  Run Bytes Received By Job
	0  -  Total Bytes Sent By Job
	0  -  Total Bytes Received By Job
	Partitionable Resources :    Usage  Request Allocated 
	   Cpus                 :     0.98        1         1 
	   Disk (KB)            :     1           1      2313 
	   GPUs                 :                           0 
	   Memory (MB)          :  1480        5120      5120 
	   TimeExecute (s)      :   137                       
	   TimeSlotBusy (s)     :   137                       
...
006 (11549214.014.000) 2026-07-29 22:09:29 Image size of job updated: 1516956
	1482  -  MemoryUsage of job (MB)
	1516956  -  ResidentSetSize of job (KB)
...
005 (11549214.007.000) 2026-07-29 22:09:29 Job terminated.
	(1) Normal termination (return value 0)
		Usr 0 00:02:04, Sys 0 00:00:03  -  Run Remote Usage
		Usr 0 00:00:00, Sys 0 00:00:00  -  Run Local Usage
		Usr 0 00:02:04, Sys 0 00:00:03  -  Total Remote Usage
		Usr 0 00:00:00, Sys 0 00:00:00  -  Total Local Usage
	0  -  Run Bytes Sent By Job
	0  -  Run Bytes Received By Job
	0  -  Total Bytes Sent By Job
	0  -  Total Bytes Received By Job
	Partitionable Resources :    Usage  Request Allocated 
	   Cpus                 :     0.99        1         1 
	   Disk (KB)            :     1           1      2313 
	   GPUs                 :                           0 
	   Memory (MB)          :  1485        5120      5120 
	   TimeExecute (s)      :   136                       
	   TimeSlotBusy (s)     :   136                       
...
006 (11549214.025.000) 2026-07-29 22:09:30 Image size of job updated: 1398288
	1366  -  MemoryUsage of job (MB)
	1398288  -  ResidentSetSize of job (KB)
...
006 (11549214.008.000) 2026-07-29 22:09:31 Image size of job updated: 1522812
	1488  -  MemoryUsage of job (MB)
	1522812  -  ResidentSetSize of job (KB)
...
006 (11549214.013.000) 2026-07-29 22:09:31 Image size of job updated: 1513244
	1478  -  MemoryUsage of job (MB)
	1513244  -  ResidentSetSize of job (KB)
...
006 (11549214.024.000) 2026-07-29 22:09:32 Image size of job updated: 1431312
	1398  -  MemoryUsage of job (MB)
	1431312  -  ResidentSetSize of job (KB)
...
005 (11549214.008.000) 2026-07-29 22:09:33 Job terminated.
	(1) Normal termination (return value 0)
		Usr 0 00:01:59, Sys 0 00:00:03  -  Run Remote Usage
		Usr 0 00:00:00, Sys 0 00:00:00  -  Run Local Usage
		Usr 0 00:01:59, Sys 0 00:00:03  -  Total Remote Usage
		Usr 0 00:00:00, Sys 0 00:00:00  -  Total Local Usage
	0  -  Run Bytes Sent By Job
	0  -  Run Bytes Received By Job
	0  -  Total Bytes Sent By Job
	0  -  Total Bytes Received By Job
	Partitionable Resources :    Usage  Request Allocated 
	   Cpus                 :     0.97        1         1 
	   Disk (KB)            :     1           1      2313 
	   GPUs                 :                           0 
	   Memory (MB)          :  1488        5120      5120 
	   TimeExecute (s)      :   130                       
	   TimeSlotBusy (s)     :   130                       
...
006 (11549214.026.000) 2026-07-29 22:09:34 Image size of job updated: 1366508
	1335  -  MemoryUsage of job (MB)
	1366508  -  ResidentSetSize of job (KB)
...
006 (11549214.015.000) 2026-07-29 22:09:35 Image size of job updated: 1517256
	1482  -  MemoryUsage of job (MB)
	1517256  -  ResidentSetSize of job (KB)
...
006 (11549214.016.000) 2026-07-29 22:09:37 Image size of job updated: 1517512
	1482  -  MemoryUsage of job (MB)
	1517512  -  ResidentSetSize of job (KB)
...
006 (11549214.017.000) 2026-07-29 22:09:38 Image size of job updated: 1512244
	1477  -  MemoryUsage of job (MB)
	1512244  -  ResidentSetSize of job (KB)
...
006 (11549214.018.000) 2026-07-29 22:09:40 Image size of job updated: 1508368
	1474  -  MemoryUsage of job (MB)
	1508368  -  ResidentSetSize of job (KB)
...
006 (11549214.009.000) 2026-07-29 22:09:45 Image size of job updated: 1521700
	1487  -  MemoryUsage of job (MB)
	1521700  -  ResidentSetSize of job (KB)
...
006 (11549214.028.000) 2026-07-29 22:09:46 Image size of job updated: 1470464
	1436  -  MemoryUsage of job (MB)
	1470464  -  ResidentSetSize of job (KB)
...
006 (11549214.027.000) 2026-07-29 22:09:46 Image size of job updated: 1454756
	1421  -  MemoryUsage of job (MB)
	1454756  -  ResidentSetSize of job (KB)
...
006 (11549214.019.000) 2026-07-29 22:09:48 Image size of job updated: 1516620
	1482  -  MemoryUsage of job (MB)
	1516620  -  ResidentSetSize of job (KB)
...
006 (11549214.020.000) 2026-07-29 22:09:51 Image size of job updated: 1510784
	1476  -  MemoryUsage of job (MB)
	1510784  -  ResidentSetSize of job (KB)
...
006 (11549214.010.000) 2026-07-29 22:09:51 Image size of job updated: 1522800
	1488  -  MemoryUsage of job (MB)
	1522800  -  ResidentSetSize of job (KB)
...
006 (11549214.021.000) 2026-07-29 22:09:51 Image size of job updated: 1509992
	1475  -  MemoryUsage of job (MB)
	1509992  -  ResidentSetSize of job (KB)
...
006 (11549214.012.000) 2026-07-29 22:09:52 Image size of job updated: 1524504
	1489  -  MemoryUsage of job (MB)
	1524504  -  ResidentSetSize of job (KB)
...
006 (11549214.022.000) 2026-07-29 22:09:52 Image size of job updated: 1511348
	1476  -  MemoryUsage of job (MB)
	1511348  -  ResidentSetSize of job (KB)
...
006 (11549214.029.000) 2026-07-29 22:09:52 Image size of job updated: 1454944
	1421  -  MemoryUsage of job (MB)
	1454944  -  ResidentSetSize of job (KB)
...
005 (11549214.012.000) 2026-07-29 22:09:53 Job terminated.
	(1) Normal termination (return value 0)
		Usr 0 00:01:56, Sys 0 00:00:03  -  Run Remote Usage
		Usr 0 00:00:00, Sys 0 00:00:00  -  Run Local Usage
		Usr 0 00:01:56, Sys 0 00:00:03  -  Total Remote Usage
		Usr 0 00:00:00, Sys 0 00:00:00  -  Total Local Usage
	0  -  Run Bytes Sent By Job
	0  -  Run Bytes Received By Job
	0  -  Total Bytes Sent By Job
	0  -  Total Bytes Received By Job
	Partitionable Resources :    Usage  Request Allocated 
	   Cpus                 :     0.92        1         1 
	   Disk (KB)            :     1           1      2313 
	   GPUs                 :                           0 
	   Memory (MB)          :  1489        5120      5120 
	   TimeExecute (s)      :   129                       
	   TimeSlotBusy (s)     :   129                       
...
006 (11549214.023.000) 2026-07-29 22:09:54 Image size of job updated: 1520716
	1486  -  MemoryUsage of job (MB)
	1520716  -  ResidentSetSize of job (KB)
...
006 (11549214.011.000) 2026-07-29 22:09:54 Image size of job updated: 1519416
	1484  -  MemoryUsage of job (MB)
	1519416  -  ResidentSetSize of job (KB)
...
006 (11549214.009.000) 2026-07-29 22:09:55 Image size of job updated: 1522012
	1487  -  MemoryUsage of job (MB)
	1521700  -  ResidentSetSize of job (KB)
...
005 (11549214.009.000) 2026-07-29 22:09:55 Job terminated.
	(1) Normal termination (return value 0)
		Usr 0 00:02:08, Sys 0 00:00:03  -  Run Remote Usage
		Usr 0 00:00:00, Sys 0 00:00:00  -  Run Local Usage
		Usr 0 00:02:08, Sys 0 00:00:03  -  Total Remote Usage
		Usr 0 00:00:00, Sys 0 00:00:00  -  Total Local Usage
	0  -  Run Bytes Sent By Job
	0  -  Run Bytes Received By Job
	0  -  Total Bytes Sent By Job
	0  -  Total Bytes Received By Job
	Partitionable Resources :    Usage  Request Allocated 
	   Cpus                 :     0.96        1         1 
	   Disk (KB)            :     1           1      2313 
	   GPUs                 :                           0 
	   Memory (MB)          :  1487        5120      5120 
	   TimeExecute (s)      :   142                       
	   TimeSlotBusy (s)     :   142                       
...
006 (11549214.010.000) 2026-07-29 22:09:56 Image size of job updated: 1522804
	1488  -  MemoryUsage of job (MB)
	1522800  -  ResidentSetSize of job (KB)
...
005 (11549214.010.000) 2026-07-29 22:09:56 Job terminated.
	(1) Normal termination (return value 0)
		Usr 0 00:02:03, Sys 0 00:00:03  -  Run Remote Usage
		Usr 0 00:00:00, Sys 0 00:00:00  -  Run Local Usage
		Usr 0 00:02:03, Sys 0 00:00:03  -  Total Remote Usage
		Usr 0 00:00:00, Sys 0 00:00:00  -  Total Local Usage
	0  -  Run Bytes Sent By Job
	0  -  Run Bytes Received By Job
	0  -  Total Bytes Sent By Job
	0  -  Total Bytes Received By Job
	Partitionable Resources :    Usage  Request Allocated 
	   Cpus                 :     0.92        1         1 
	   Disk (KB)            :     1           1      2313 
	   GPUs                 :                           0 
	   Memory (MB)          :  1488        5120      5120 
	   TimeExecute (s)      :   133                       
	   TimeSlotBusy (s)     :   133                       
...
006 (11549214.014.000) 2026-07-29 22:09:59 Image size of job updated: 1522916
	1488  -  MemoryUsage of job (MB)
	1522916  -  ResidentSetSize of job (KB)
...
006 (11549214.025.000) 2026-07-29 22:10:00 Image size of job updated: 1518172
	1483  -  MemoryUsage of job (MB)
	1518172  -  ResidentSetSize of job (KB)
...
006 (11549214.011.000) 2026-07-29 22:10:00 Image size of job updated: 1519460
	1484  -  MemoryUsage of job (MB)
	1519416  -  ResidentSetSize of job (KB)
...
005 (11549214.014.000) 2026-07-29 22:10:00 Job terminated.
	(1) Normal termination (return value 0)
		Usr 0 00:01:57, Sys 0 00:00:03  -  Run Remote Usage
		Usr 0 00:00:00, Sys 0 00:00:00  -  Run Local Usage
		Usr 0 00:01:57, Sys 0 00:00:03  -  Total Remote Usage
		Usr 0 00:00:00, Sys 0 00:00:00  -  Total Local Usage
	0  -  Run Bytes Sent By Job
	0  -  Run Bytes Received By Job
	0  -  Total Bytes Sent By Job
	0  -  Total Bytes Received By Job
	Partitionable Resources :    Usage  Request Allocated 
	   Cpus                 :     0.86        1         1 
	   Disk (KB)            :     1           1      2313 
	   GPUs                 :                           0 
	   Memory (MB)          :  1488        5120      5120 
	   TimeExecute (s)      :   129                       
	   TimeSlotBusy (s)     :   129                       
...
005 (11549214.011.000) 2026-07-29 22:10:00 Job terminated.
	(1) Normal termination (return value 0)
		Usr 0 00:02:04, Sys 0 00:00:03  -  Run Remote Usage
		Usr 0 00:00:00, Sys 0 00:00:00  -  Run Local Usage
		Usr 0 00:02:04, Sys 0 00:00:03  -  Total Remote Usage
		Usr 0 00:00:00, Sys 0 00:00:00  -  Total Local Usage
	0  -  Run Bytes Sent By Job
	0  -  Run Bytes Received By Job
	0  -  Total Bytes Sent By Job
	0  -  Total Bytes Received By Job
	Partitionable Resources :    Usage  Request Allocated 
	   Cpus                 :     0.88        1         1 
	   Disk (KB)            :     1           1      2313 
	   GPUs                 :                           0 
	   Memory (MB)          :  1484        5120      5120 
	   TimeExecute (s)      :   137                       
	   TimeSlotBusy (s)     :   137                       
...
006 (11549214.013.000) 2026-07-29 22:10:02 Image size of job updated: 1515772
	1481  -  MemoryUsage of job (MB)
	1515772  -  ResidentSetSize of job (KB)
...
006 (11549214.024.000) 2026-07-29 22:10:03 Image size of job updated: 1516660
	1482  -  MemoryUsage of job (MB)
	1516660  -  ResidentSetSize of job (KB)
...
006 (11549214.026.000) 2026-07-29 22:10:05 Image size of job updated: 1518604
	1484  -  MemoryUsage of job (MB)
	1518604  -  ResidentSetSize of job (KB)
...
006 (11549214.017.000) 2026-07-29 22:10:06 Image size of job updated: 1513996
	1477  -  MemoryUsage of job (MB)
	1512244  -  ResidentSetSize of job (KB)
...
005 (11549214.017.000) 2026-07-29 22:10:06 Job terminated.
	(1) Normal termination (return value 0)
		Usr 0 00:01:57, Sys 0 00:00:03  -  Run Remote Usage
		Usr 0 00:00:00, Sys 0 00:00:00  -  Run Local Usage
		Usr 0 00:01:57, Sys 0 00:00:03  -  Total Remote Usage
		Usr 0 00:00:00, Sys 0 00:00:00  -  Total Local Usage
	0  -  Run Bytes Sent By Job
	0  -  Run Bytes Received By Job
	0  -  Total Bytes Sent By Job
	0  -  Total Bytes Received By Job
	Partitionable Resources :    Usage  Request Allocated 
	   Cpus                 :     0.94        1         1 
	   Disk (KB)            :     1           1      2313 
	   GPUs                 :                           0 
	   Memory (MB)          :  1477        5120      5120 
	   TimeExecute (s)      :   130                       
	   TimeSlotBusy (s)     :   130                       
...
005 (11549214.013.000) 2026-07-29 22:10:06 Job terminated.
	(1) Normal termination (return value 0)
		Usr 0 00:02:05, Sys 0 00:00:03  -  Run Remote Usage
		Usr 0 00:00:00, Sys 0 00:00:00  -  Run Local Usage
		Usr 0 00:02:05, Sys 0 00:00:03  -  Total Remote Usage
		Usr 0 00:00:00, Sys 0 00:00:00  -  Total Local Usage
	0  -  Run Bytes Sent By Job
	0  -  Run Bytes Received By Job
	0  -  Total Bytes Sent By Job
	0  -  Total Bytes Received By Job
	Partitionable Resources :    Usage  Request Allocated 
	   Cpus                 :     0.95        1         1 
	   Disk (KB)            :     1           1      2313 
	   GPUs                 :                           0 
	   Memory (MB)          :  1481        5120      5120 
	   TimeExecute (s)      :   137                       
	   TimeSlotBusy (s)     :   137                       
...
006 (11549214.015.000) 2026-07-29 22:10:06 Image size of job updated: 1519424
	1484  -  MemoryUsage of job (MB)
	1519424  -  ResidentSetSize of job (KB)
...
006 (11549214.016.000) 2026-07-29 22:10:07 Image size of job updated: 1519840
	1485  -  MemoryUsage of job (MB)
	1519840  -  ResidentSetSize of job (KB)
...
005 (11549214.015.000) 2026-07-29 22:10:11 Job terminated.
	(1) Normal termination (return value 0)
		Usr 0 00:02:03, Sys 0 00:00:03  -  Run Remote Usage
		Usr 0 00:00:00, Sys 0 00:00:00  -  Run Local Usage
		Usr 0 00:02:03, Sys 0 00:00:03  -  Total Remote Usage
		Usr 0 00:00:00, Sys 0 00:00:00  -  Total Local Usage
	0  -  Run Bytes Sent By Job
	0  -  Run Bytes Received By Job
	0  -  Total Bytes Sent By Job
	0  -  Total Bytes Received By Job
	Partitionable Resources :    Usage  Request Allocated 
	   Cpus                 :     0.88        1         1 
	   Disk (KB)            :     1           1      2313 
	   GPUs                 :                           0 
	   Memory (MB)          :  1484        5120      5120 
	   TimeExecute (s)      :   138                       
	   TimeSlotBusy (s)     :   138                       
...
006 (11549214.018.000) 2026-07-29 22:10:11 Image size of job updated: 1511492
	1477  -  MemoryUsage of job (MB)
	1511492  -  ResidentSetSize of job (KB)
...
006 (11549214.016.000) 2026-07-29 22:10:12 Image size of job updated: 1519868
	1485  -  MemoryUsage of job (MB)
	1519840  -  ResidentSetSize of job (KB)
...
005 (11549214.016.000) 2026-07-29 22:10:12 Job terminated.
	(1) Normal termination (return value 0)
		Usr 0 00:02:02, Sys 0 00:00:03  -  Run Remote Usage
		Usr 0 00:00:00, Sys 0 00:00:00  -  Run Local Usage
		Usr 0 00:02:02, Sys 0 00:00:03  -  Total Remote Usage
		Usr 0 00:00:00, Sys 0 00:00:00  -  Total Local Usage
	0  -  Run Bytes Sent By Job
	0  -  Run Bytes Received By Job
	0  -  Total Bytes Sent By Job
	0  -  Total Bytes Received By Job
	Partitionable Resources :    Usage  Request Allocated 
	   Cpus                 :     1.00        1         1 
	   Disk (KB)            :     1           1      2313 
	   GPUs                 :                           0 
	   Memory (MB)          :  1485        5120      5120 
	   TimeExecute (s)      :   137                       
	   TimeSlotBusy (s)     :   137                       
...
006 (11549214.028.000) 2026-07-29 22:10:16 Image size of job updated: 1521416
	1486  -  MemoryUsage of job (MB)
	1521416  -  ResidentSetSize of job (KB)
...
006 (11549214.018.000) 2026-07-29 22:10:17 Image size of job updated: 1511512
	1477  -  MemoryUsage of job (MB)
	1511492  -  ResidentSetSize of job (KB)
...
005 (11549214.018.000) 2026-07-29 22:10:17 Job terminated.
	(1) Normal termination (return value 0)
		Usr 0 00:02:05, Sys 0 00:00:03  -  Run Remote Usage
		Usr 0 00:00:00, Sys 0 00:00:00  -  Run Local Usage
		Usr 0 00:02:05, Sys 0 00:00:03  -  Total Remote Usage
		Usr 0 00:00:00, Sys 0 00:00:00  -  Total Local Usage
	0  -  Run Bytes Sent By Job
	0  -  Run Bytes Received By Job
	0  -  Total Bytes Sent By Job
	0  -  Total Bytes Received By Job
	Partitionable Resources :    Usage  Request Allocated 
	   Cpus                 :     0.91        1         1 
	   Disk (KB)            :     1           1      2313 
	   GPUs                 :                           0 
	   Memory (MB)          :  1477        5120      5120 
	   TimeExecute (s)      :   137                       
	   TimeSlotBusy (s)     :   137                       
...
006 (11549214.019.000) 2026-07-29 22:10:17 Image size of job updated: 1518708
	1482  -  MemoryUsage of job (MB)
	1516620  -  ResidentSetSize of job (KB)
...
005 (11549214.019.000) 2026-07-29 22:10:17 Job terminated.
	(1) Normal termination (return value 0)
		Usr 0 00:01:58, Sys 0 00:00:03  -  Run Remote Usage
		Usr 0 00:00:00, Sys 0 00:00:00  -  Run Local Usage
		Usr 0 00:01:58, Sys 0 00:00:03  -  Total Remote Usage
		Usr 0 00:00:00, Sys 0 00:00:00  -  Total Local Usage
	0  -  Run Bytes Sent By Job
	0  -  Run Bytes Received By Job
	0  -  Total Bytes Sent By Job
	0  -  Total Bytes Received By Job
	Partitionable Resources :    Usage  Request Allocated 
	   Cpus                 :     0.90        1         1 
	   Disk (KB)            :     1           1      2313 
	   GPUs                 :                           0 
	   Memory (MB)          :  1482        5120      5120 
	   TimeExecute (s)      :   128                       
	   TimeSlotBusy (s)     :   128                       
...
006 (11549214.027.000) 2026-07-29 22:10:17 Image size of job updated: 1513132
	1478  -  MemoryUsage of job (MB)
	1513132  -  ResidentSetSize of job (KB)
...
006 (11549214.020.000) 2026-07-29 22:10:21 Image size of job updated: 1513896
	1479  -  MemoryUsage of job (MB)
	1513896  -  ResidentSetSize of job (KB)
...
006 (11549214.021.000) 2026-07-29 22:10:21 Image size of job updated: 1513088
	1478  -  MemoryUsage of job (MB)
	1513088  -  ResidentSetSize of job (KB)
...
006 (11549214.022.000) 2026-07-29 22:10:22 Image size of job updated: 1517324
	1482  -  MemoryUsage of job (MB)
	1517324  -  ResidentSetSize of job (KB)
...
006 (11549214.029.000) 2026-07-29 22:10:23 Image size of job updated: 1501396
	1467  -  MemoryUsage of job (MB)
	1501396  -  ResidentSetSize of job (KB)
...
006 (11549214.023.000) 2026-07-29 22:10:24 Image size of job updated: 1522904
	1488  -  MemoryUsage of job (MB)
	1522904  -  ResidentSetSize of job (KB)
...
006 (11549214.021.000) 2026-07-29 22:10:27 Image size of job updated: 1513376
	1478  -  MemoryUsage of job (MB)
	1513088  -  ResidentSetSize of job (KB)
...
005 (11549214.021.000) 2026-07-29 22:10:27 Job terminated.
	(1) Normal termination (return value 0)
		Usr 0 00:02:01, Sys 0 00:00:03  -  Run Remote Usage
		Usr 0 00:00:00, Sys 0 00:00:00  -  Run Local Usage
		Usr 0 00:02:01, Sys 0 00:00:03  -  Total Remote Usage
		Usr 0 00:00:00, Sys 0 00:00:00  -  Total Local Usage
	0  -  Run Bytes Sent By Job
	0  -  Run Bytes Received By Job
	0  -  Total Bytes Sent By Job
	0  -  Total Bytes Received By Job
	Partitionable Resources :    Usage  Request Allocated 
	   Cpus                 :     0.89        1         1 
	   Disk (KB)            :     1           1      2313 
	   GPUs                 :                           0 
	   Memory (MB)          :  1478        5120      5120 
	   TimeExecute (s)      :   134                       
	   TimeSlotBusy (s)     :   134                       
...
005 (11549214.023.000) 2026-07-29 22:10:29 Job terminated.
	(1) Normal termination (return value 0)
		Usr 0 00:02:01, Sys 0 00:00:03  -  Run Remote Usage
		Usr 0 00:00:00, Sys 0 00:00:00  -  Run Local Usage
		Usr 0 00:02:01, Sys 0 00:00:03  -  Total Remote Usage
		Usr 0 00:00:00, Sys 0 00:00:00  -  Total Local Usage
	0  -  Run Bytes Sent By Job
	0  -  Run Bytes Received By Job
	0  -  Total Bytes Sent By Job
	0  -  Total Bytes Received By Job
	Partitionable Resources :    Usage  Request Allocated 
	   Cpus                 :     0.88        1         1 
	   Disk (KB)            :     1           1      2313 
	   GPUs                 :                           0 
	   Memory (MB)          :  1488        5120      5120 
	   TimeExecute (s)      :   133                       
	   TimeSlotBusy (s)     :   133                       
...
006 (11549214.025.000) 2026-07-29 22:10:30 Image size of job updated: 1520252
	1485  -  MemoryUsage of job (MB)
	1520252  -  ResidentSetSize of job (KB)
...
005 (11549214.025.000) 2026-07-29 22:10:31 Job terminated.
	(1) Normal termination (return value 0)
		Usr 0 00:02:00, Sys 0 00:00:03  -  Run Remote Usage
		Usr 0 00:00:00, Sys 0 00:00:00  -  Run Local Usage
		Usr 0 00:02:00, Sys 0 00:00:03  -  Total Remote Usage
		Usr 0 00:00:00, Sys 0 00:00:00  -  Total Local Usage
	0  -  Run Bytes Sent By Job
	0  -  Run Bytes Received By Job
	0  -  Total Bytes Sent By Job
	0  -  Total Bytes Received By Job
	Partitionable Resources :    Usage  Request Allocated 
	   Cpus                 :     0.99        1         1 
	   Disk (KB)            :     1           1      2313 
	   GPUs                 :                           0 
	   Memory (MB)          :  1485        5120      5120 
	   TimeExecute (s)      :   129                       
	   TimeSlotBusy (s)     :   130                       
...
006 (11549214.022.000) 2026-07-29 22:10:32 Image size of job updated: 1517648
	1482  -  MemoryUsage of job (MB)
	1517324  -  ResidentSetSize of job (KB)
...
005 (11549214.022.000) 2026-07-29 22:10:32 Job terminated.
	(1) Normal termination (return value 0)
		Usr 0 00:02:04, Sys 0 00:00:03  -  Run Remote Usage
		Usr 0 00:00:00, Sys 0 00:00:00  -  Run Local Usage
		Usr 0 00:02:04, Sys 0 00:00:03  -  Total Remote Usage
		Usr 0 00:00:00, Sys 0 00:00:00  -  Total Local Usage
	0  -  Run Bytes Sent By Job
	0  -  Run Bytes Received By Job
	0  -  Total Bytes Sent By Job
	0  -  Total Bytes Received By Job
	Partitionable Resources :    Usage  Request Allocated 
	   Cpus                 :     0.95        1         1 
	   Disk (KB)            :     1           1      2313 
	   GPUs                 :                           0 
	   Memory (MB)          :  1482        5120      5120 
	   TimeExecute (s)      :   138                       
	   TimeSlotBusy (s)     :   138                       
...
006 (11549214.024.000) 2026-07-29 22:10:33 Image size of job updated: 1518480
	1482  -  MemoryUsage of job (MB)
	1516660  -  ResidentSetSize of job (KB)
...
005 (11549214.024.000) 2026-07-29 22:10:33 Job terminated.
	(1) Normal termination (return value 0)
		Usr 0 00:02:00, Sys 0 00:00:03  -  Run Remote Usage
		Usr 0 00:00:00, Sys 0 00:00:00  -  Run Local Usage
		Usr 0 00:02:00, Sys 0 00:00:03  -  Total Remote Usage
		Usr 0 00:00:00, Sys 0 00:00:00  -  Total Local Usage
	0  -  Run Bytes Sent By Job
	0  -  Run Bytes Received By Job
	0  -  Total Bytes Sent By Job
	0  -  Total Bytes Received By Job
	Partitionable Resources :    Usage  Request Allocated 
	   Cpus                 :     0.99        1         1 
	   Disk (KB)            :     1           1      2313 
	   GPUs                 :                           0 
	   Memory (MB)          :  1482        5120      5120 
	   TimeExecute (s)      :   132                       
	   TimeSlotBusy (s)     :   132                       
...
006 (11549214.020.000) 2026-07-29 22:10:34 Image size of job updated: 1514668
	1479  -  MemoryUsage of job (MB)
	1513896  -  ResidentSetSize of job (KB)
...
005 (11549214.020.000) 2026-07-29 22:10:34 Job terminated.
	(1) Normal termination (return value 0)
		Usr 0 00:02:09, Sys 0 00:00:03  -  Run Remote Usage
		Usr 0 00:00:00, Sys 0 00:00:00  -  Run Local Usage
		Usr 0 00:02:09, Sys 0 00:00:03  -  Total Remote Usage
		Usr 0 00:00:00, Sys 0 00:00:00  -  Total Local Usage
	0  -  Run Bytes Sent By Job
	0  -  Run Bytes Received By Job
	0  -  Total Bytes Sent By Job
	0  -  Total Bytes Received By Job
	Partitionable Resources :    Usage  Request Allocated 
	   Cpus                 :     0.95        1         1 
	   Disk (KB)            :     1           1      2313 
	   GPUs                 :                           0 
	   Memory (MB)          :  1479        5120      5120 
	   TimeExecute (s)      :   141                       
	   TimeSlotBusy (s)     :   142                       
...
006 (11549214.026.000) 2026-07-29 22:10:36 Image size of job updated: 1520620
	1485  -  MemoryUsage of job (MB)
	1520620  -  ResidentSetSize of job (KB)
...
005 (11549214.026.000) 2026-07-29 22:10:38 Job terminated.
	(1) Normal termination (return value 0)
		Usr 0 00:02:03, Sys 0 00:00:03  -  Run Remote Usage
		Usr 0 00:00:00, Sys 0 00:00:00  -  Run Local Usage
		Usr 0 00:02:03, Sys 0 00:00:03  -  Total Remote Usage
		Usr 0 00:00:00, Sys 0 00:00:00  -  Total Local Usage
	0  -  Run Bytes Sent By Job
	0  -  Run Bytes Received By Job
	0  -  Total Bytes Sent By Job
	0  -  Total Bytes Received By Job
	Partitionable Resources :    Usage  Request Allocated 
	   Cpus                 :     0.94        1         1 
	   Disk (KB)            :     1           1      2313 
	   GPUs                 :                           0 
	   Memory (MB)          :  1485        5120      5120 
	   TimeExecute (s)      :   135                       
	   TimeSlotBusy (s)     :   135                       
...
006 (11549214.028.000) 2026-07-29 22:10:38 Image size of job updated: 1522872
	1486  -  MemoryUsage of job (MB)
	1521416  -  ResidentSetSize of job (KB)
...
005 (11549214.028.000) 2026-07-29 22:10:38 Job terminated.
	(1) Normal termination (return value 0)
		Usr 0 00:01:49, Sys 0 00:00:03  -  Run Remote Usage
		Usr 0 00:00:00, Sys 0 00:00:00  -  Run Local Usage
		Usr 0 00:01:49, Sys 0 00:00:03  -  Total Remote Usage
		Usr 0 00:00:00, Sys 0 00:00:00  -  Total Local Usage
	0  -  Run Bytes Sent By Job
	0  -  Run Bytes Received By Job
	0  -  Total Bytes Sent By Job
	0  -  Total Bytes Received By Job
	Partitionable Resources :    Usage  Request Allocated 
	   Cpus                 :     0.99        1         1 
	   Disk (KB)            :     1           1      2313 
	   GPUs                 :                           0 
	   Memory (MB)          :  1486        5120      5120 
	   TimeExecute (s)      :   120                       
	   TimeSlotBusy (s)     :   120                       
...
006 (11549214.027.000) 2026-07-29 22:10:41 Image size of job updated: 1514896
	1478  -  MemoryUsage of job (MB)
	1513132  -  ResidentSetSize of job (KB)
...
005 (11549214.027.000) 2026-07-29 22:10:41 Job terminated.
	(1) Normal termination (return value 0)
		Usr 0 00:01:54, Sys 0 00:00:03  -  Run Remote Usage
		Usr 0 00:00:00, Sys 0 00:00:00  -  Run Local Usage
		Usr 0 00:01:54, Sys 0 00:00:03  -  Total Remote Usage
		Usr 0 00:00:00, Sys 0 00:00:00  -  Total Local Usage
	0  -  Run Bytes Sent By Job
	0  -  Run Bytes Received By Job
	0  -  Total Bytes Sent By Job
	0  -  Total Bytes Received By Job
	Partitionable Resources :    Usage  Request Allocated 
	   Cpus                 :     0.98        1         1 
	   Disk (KB)            :     1           1      2313 
	   GPUs                 :                           0 
	   Memory (MB)          :  1478        5120      5120 
	   TimeExecute (s)      :   126                       
	   TimeSlotBusy (s)     :   126                       
...
006 (11549214.029.000) 2026-07-29 22:10:47 Image size of job updated: 1523800
	1467  -  MemoryUsage of job (MB)
	1501396  -  ResidentSetSize of job (KB)
...
005 (11549214.029.000) 2026-07-29 22:10:47 Job terminated.
	(1) Normal termination (return value 0)
		Usr 0 00:01:55, Sys 0 00:00:03  -  Run Remote Usage
		Usr 0 00:00:00, Sys 0 00:00:00  -  Run Local Usage
		Usr 0 00:01:55, Sys 0 00:00:03  -  Total Remote Usage
		Usr 0 00:00:00, Sys 0 00:00:00  -  Total Local Usage
	0  -  Run Bytes Sent By Job
	0  -  Run Bytes Received By Job
	0  -  Total Bytes Sent By Job
	0  -  Total Bytes Received By Job
	Partitionable Resources :    Usage  Request Allocated 
	   Cpus                 :     1.00        1         1 
	   Disk (KB)            :     1           1      2313 
	   GPUs                 :                           0 
	   Memory (MB)          :  1467        5120      5120 
	   TimeExecute (s)      :   126                       
	   TimeSlotBusy (s)     :   126                       
...
