000 (11548318.000.000) 2026-07-29 15:56:39 Job submitted from host: <157.82.112.73:961?addrs=157.82.112.73-961&alias=lxmaster02.icepp.jp&noUDP&sock=schedd_16294_e83e>
...
000 (11548318.001.000) 2026-07-29 15:56:39 Job submitted from host: <157.82.112.73:961?addrs=157.82.112.73-961&alias=lxmaster02.icepp.jp&noUDP&sock=schedd_16294_e83e>
...
000 (11548318.010.000) 2026-07-29 15:56:39 Job submitted from host: <157.82.112.73:961?addrs=157.82.112.73-961&alias=lxmaster02.icepp.jp&noUDP&sock=schedd_16294_e83e>
...
000 (11548318.011.000) 2026-07-29 15:56:39 Job submitted from host: <157.82.112.73:961?addrs=157.82.112.73-961&alias=lxmaster02.icepp.jp&noUDP&sock=schedd_16294_e83e>
...
000 (11548318.012.000) 2026-07-29 15:56:39 Job submitted from host: <157.82.112.73:961?addrs=157.82.112.73-961&alias=lxmaster02.icepp.jp&noUDP&sock=schedd_16294_e83e>
...
000 (11548318.013.000) 2026-07-29 15:56:39 Job submitted from host: <157.82.112.73:961?addrs=157.82.112.73-961&alias=lxmaster02.icepp.jp&noUDP&sock=schedd_16294_e83e>
...
000 (11548318.014.000) 2026-07-29 15:56:39 Job submitted from host: <157.82.112.73:961?addrs=157.82.112.73-961&alias=lxmaster02.icepp.jp&noUDP&sock=schedd_16294_e83e>
...
000 (11548318.015.000) 2026-07-29 15:56:39 Job submitted from host: <157.82.112.73:961?addrs=157.82.112.73-961&alias=lxmaster02.icepp.jp&noUDP&sock=schedd_16294_e83e>
...
000 (11548318.016.000) 2026-07-29 15:56:39 Job submitted from host: <157.82.112.73:961?addrs=157.82.112.73-961&alias=lxmaster02.icepp.jp&noUDP&sock=schedd_16294_e83e>
...
000 (11548318.017.000) 2026-07-29 15:56:39 Job submitted from host: <157.82.112.73:961?addrs=157.82.112.73-961&alias=lxmaster02.icepp.jp&noUDP&sock=schedd_16294_e83e>
...
000 (11548318.018.000) 2026-07-29 15:56:39 Job submitted from host: <157.82.112.73:961?addrs=157.82.112.73-961&alias=lxmaster02.icepp.jp&noUDP&sock=schedd_16294_e83e>
...
000 (11548318.019.000) 2026-07-29 15:56:39 Job submitted from host: <157.82.112.73:961?addrs=157.82.112.73-961&alias=lxmaster02.icepp.jp&noUDP&sock=schedd_16294_e83e>
...
000 (11548318.002.000) 2026-07-29 15:56:39 Job submitted from host: <157.82.112.73:961?addrs=157.82.112.73-961&alias=lxmaster02.icepp.jp&noUDP&sock=schedd_16294_e83e>
...
000 (11548318.003.000) 2026-07-29 15:56:39 Job submitted from host: <157.82.112.73:961?addrs=157.82.112.73-961&alias=lxmaster02.icepp.jp&noUDP&sock=schedd_16294_e83e>
...
000 (11548318.004.000) 2026-07-29 15:56:39 Job submitted from host: <157.82.112.73:961?addrs=157.82.112.73-961&alias=lxmaster02.icepp.jp&noUDP&sock=schedd_16294_e83e>
...
000 (11548318.005.000) 2026-07-29 15:56:39 Job submitted from host: <157.82.112.73:961?addrs=157.82.112.73-961&alias=lxmaster02.icepp.jp&noUDP&sock=schedd_16294_e83e>
...
000 (11548318.006.000) 2026-07-29 15:56:39 Job submitted from host: <157.82.112.73:961?addrs=157.82.112.73-961&alias=lxmaster02.icepp.jp&noUDP&sock=schedd_16294_e83e>
...
000 (11548318.007.000) 2026-07-29 15:56:39 Job submitted from host: <157.82.112.73:961?addrs=157.82.112.73-961&alias=lxmaster02.icepp.jp&noUDP&sock=schedd_16294_e83e>
...
000 (11548318.008.000) 2026-07-29 15:56:39 Job submitted from host: <157.82.112.73:961?addrs=157.82.112.73-961&alias=lxmaster02.icepp.jp&noUDP&sock=schedd_16294_e83e>
...
000 (11548318.009.000) 2026-07-29 15:56:39 Job submitted from host: <157.82.112.73:961?addrs=157.82.112.73-961&alias=lxmaster02.icepp.jp&noUDP&sock=schedd_16294_e83e>
...
001 (11548318.000.000) 2026-07-29 15:56:47 Job executing on host: <157.82.114.24:961?addrs=157.82.114.24-961+[2404-d540-1-589-3-2-1-624]-961&alias=lxb062-4.icepp.jp&noUDP&sock=startd_15855_ca2a>
	SlotName: slot1_3@lxb062-4.icepp.jp
	CondorScratchDir = "/pool/condor/execute/dir_2678275"
	Cpus = 1
	Disk = 2313
	GPUs = 0
	Memory = 5120
...
001 (11548318.001.000) 2026-07-29 15:56:47 Job executing on host: <157.82.114.19:961?addrs=157.82.114.19-961+[2404-d540-1-589-3-2-1-613]-961&alias=lxb061-3.icepp.jp&noUDP&sock=startd_16407_6a71>
	SlotName: slot1_4@lxb061-3.icepp.jp
	CondorScratchDir = "/pool/condor/execute/dir_856375"
	Cpus = 1
	Disk = 2313
	GPUs = 0
	Memory = 5120
...
001 (11548318.002.000) 2026-07-29 15:56:47 Job executing on host: <157.82.114.14:961?addrs=157.82.114.14-961+[2404-d540-1-589-3-2-1-602]-961&alias=lxb060-2.icepp.jp&noUDP&sock=startd_16472_0019>
	SlotName: slot1_38@lxb060-2.icepp.jp
	CondorScratchDir = "/pool/condor/execute/dir_2719890"
	Cpus = 1
	Disk = 2313
	GPUs = 0
	Memory = 5120
...
001 (11548318.003.000) 2026-07-29 15:56:47 Job executing on host: <157.82.114.32:961?addrs=157.82.114.32-961+[2404-d540-1-589-3-2-1-644]-961&alias=lxb064-4.icepp.jp&noUDP&sock=startd_16440_0d11>
	SlotName: slot1_36@lxb064-4.icepp.jp
	CondorScratchDir = "/pool/condor/execute/dir_1737567"
	Cpus = 1
	Disk = 2313
	GPUs = 0
	Memory = 5120
...
001 (11548318.004.000) 2026-07-29 15:56:47 Job executing on host: <157.82.114.22:961?addrs=157.82.114.22-961+[2404-d540-1-589-3-2-1-622]-961&alias=lxb062-2.icepp.jp&noUDP&sock=startd_16439_5d79>
	SlotName: slot1_21@lxb062-2.icepp.jp
	CondorScratchDir = "/pool/condor/execute/dir_3309865"
	Cpus = 1
	Disk = 2313
	GPUs = 0
	Memory = 5120
...
001 (11548318.005.000) 2026-07-29 15:56:47 Job executing on host: <157.82.114.9:961?addrs=157.82.114.9-961+[2404-d540-1-589-3-2-1-591]-961&alias=lxb059-1.icepp.jp&noUDP&sock=startd_16399_edaf>
	SlotName: slot1_1@lxb059-1.icepp.jp
	CondorScratchDir = "/pool/condor/execute/dir_3054474"
	Cpus = 1
	Disk = 2313
	GPUs = 0
	Memory = 5120
...
001 (11548318.006.000) 2026-07-29 15:56:47 Job executing on host: <157.82.114.2:961?addrs=157.82.114.2-961+[2404-d540-1-589-3-2-1-572]-961&alias=lxb057-2.icepp.jp&noUDP&sock=startd_16793_2e00>
	SlotName: slot1_13@lxb057-2.icepp.jp
	CondorScratchDir = "/pool/condor/execute/dir_3433966"
	Cpus = 1
	Disk = 2313
	GPUs = 0
	Memory = 5120
...
001 (11548318.007.000) 2026-07-29 15:56:48 Job executing on host: <157.82.114.13:961?addrs=157.82.114.13-961+[2404-d540-1-589-3-2-1-601]-961&alias=lxb060-1.icepp.jp&noUDP&sock=startd_16647_092c>
	SlotName: slot1_3@lxb060-1.icepp.jp
	CondorScratchDir = "/pool/condor/execute/dir_2456090"
	Cpus = 1
	Disk = 2313
	GPUs = 0
	Memory = 5120
...
001 (11548318.008.000) 2026-07-29 15:56:48 Job executing on host: <157.82.114.27:961?addrs=157.82.114.27-961+[2404-d540-1-589-3-2-1-633]-961&alias=lxb063-3.icepp.jp&noUDP&sock=startd_16811_86b4>
	SlotName: slot1_22@lxb063-3.icepp.jp
	CondorScratchDir = "/pool/condor/execute/dir_3677453"
	Cpus = 1
	Disk = 2313
	GPUs = 0
	Memory = 5120
...
001 (11548318.010.000) 2026-07-29 15:56:48 Job executing on host: <157.82.114.24:961?addrs=157.82.114.24-961+[2404-d540-1-589-3-2-1-624]-961&alias=lxb062-4.icepp.jp&noUDP&sock=startd_15855_ca2a>
	SlotName: slot1_38@lxb062-4.icepp.jp
	CondorScratchDir = "/pool/condor/execute/dir_2682819"
	Cpus = 1
	Disk = 2313
	GPUs = 0
	Memory = 5120
...
001 (11548318.009.000) 2026-07-29 15:56:48 Job executing on host: <157.82.114.25:961?addrs=157.82.114.25-961+[2404-d540-1-589-3-2-1-631]-961&alias=lxb063-1.icepp.jp&noUDP&sock=startd_16090_faec>
	SlotName: slot1_4@lxb063-1.icepp.jp
	CondorScratchDir = "/pool/condor/execute/dir_686681"
	Cpus = 1
	Disk = 2313
	GPUs = 0
	Memory = 5120
...
006 (11548318.002.000) 2026-07-29 15:56:53 Image size of job updated: 112436
	0  -  MemoryUsage of job (MB)
	0  -  ResidentSetSize of job (KB)
...
005 (11548318.002.000) 2026-07-29 15:56:53 Job terminated.
	(1) Normal termination (return value 1)
		Usr 0 00:00:01, Sys 0 00:00:01  -  Run Remote Usage
		Usr 0 00:00:00, Sys 0 00:00:00  -  Run Local Usage
		Usr 0 00:00:01, Sys 0 00:00:01  -  Total Remote Usage
		Usr 0 00:00:00, Sys 0 00:00:00  -  Total Local Usage
	0  -  Run Bytes Sent By Job
	0  -  Run Bytes Received By Job
	0  -  Total Bytes Sent By Job
	0  -  Total Bytes Received By Job
	Partitionable Resources :    Usage  Request Allocated 
	   Cpus                 :        0        1         1 
	   Disk (KB)            :        1        1      2313 
	   GPUs                 :                           0 
	   Memory (MB)          :        0     5120      5120 
	   TimeExecute (s)      :        6                    
	   TimeSlotBusy (s)     :        6                    
...
001 (11548318.011.000) 2026-07-29 15:56:53 Job executing on host: <157.82.114.14:961?addrs=157.82.114.14-961+[2404-d540-1-589-3-2-1-602]-961&alias=lxb060-2.icepp.jp&noUDP&sock=startd_16472_0019>
	SlotName: slot1_38@lxb060-2.icepp.jp
	CondorScratchDir = "/pool/condor/execute/dir_2805705"
	Cpus = 1
	Disk = 2313
	GPUs = 0
	Memory = 5120
...
006 (11548318.004.000) 2026-07-29 15:56:54 Image size of job updated: 56248
	0  -  MemoryUsage of job (MB)
	0  -  ResidentSetSize of job (KB)
...
009 (11548318.012.000) 2026-07-29 15:56:54 Job was aborted.
	via condor_rm (by user rbaba)
...
009 (11548318.013.000) 2026-07-29 15:56:54 Job was aborted.
	via condor_rm (by user rbaba)
...
009 (11548318.014.000) 2026-07-29 15:56:54 Job was aborted.
	via condor_rm (by user rbaba)
...
009 (11548318.015.000) 2026-07-29 15:56:54 Job was aborted.
	via condor_rm (by user rbaba)
...
009 (11548318.016.000) 2026-07-29 15:56:54 Job was aborted.
	via condor_rm (by user rbaba)
...
009 (11548318.017.000) 2026-07-29 15:56:54 Job was aborted.
	via condor_rm (by user rbaba)
...
009 (11548318.018.000) 2026-07-29 15:56:54 Job was aborted.
	via condor_rm (by user rbaba)
...
009 (11548318.019.000) 2026-07-29 15:56:54 Job was aborted.
	via condor_rm (by user rbaba)
...
006 (11548318.000.000) 2026-07-29 15:56:54 Image size of job updated: 62208
	61  -  MemoryUsage of job (MB)
	62208  -  ResidentSetSize of job (KB)
...
006 (11548318.001.000) 2026-07-29 15:56:54 Image size of job updated: 105624
	104  -  MemoryUsage of job (MB)
	105624  -  ResidentSetSize of job (KB)
...
006 (11548318.003.000) 2026-07-29 15:56:54 Image size of job updated: 112404
	110  -  MemoryUsage of job (MB)
	112404  -  ResidentSetSize of job (KB)
...
006 (11548318.005.000) 2026-07-29 15:56:54 Image size of job updated: 69636
	69  -  MemoryUsage of job (MB)
	69636  -  ResidentSetSize of job (KB)
...
006 (11548318.007.000) 2026-07-29 15:56:54 Image size of job updated: 54724
	54  -  MemoryUsage of job (MB)
	54724  -  ResidentSetSize of job (KB)
...
006 (11548318.006.000) 2026-07-29 15:56:54 Image size of job updated: 121236
	119  -  MemoryUsage of job (MB)
	121236  -  ResidentSetSize of job (KB)
...
006 (11548318.008.000) 2026-07-29 15:56:54 Image size of job updated: 75144
	74  -  MemoryUsage of job (MB)
	75144  -  ResidentSetSize of job (KB)
...
006 (11548318.010.000) 2026-07-29 15:56:54 Image size of job updated: 62200
	61  -  MemoryUsage of job (MB)
	62200  -  ResidentSetSize of job (KB)
...
006 (11548318.009.000) 2026-07-29 15:56:54 Image size of job updated: 43708
	43  -  MemoryUsage of job (MB)
	43708  -  ResidentSetSize of job (KB)
...
006 (11548318.011.000) 2026-07-29 15:56:54 Image size of job updated: 332
	1  -  MemoryUsage of job (MB)
	120  -  ResidentSetSize of job (KB)
...
004 (11548318.000.000) 2026-07-29 15:56:54 Job was evicted. Code 1009 Subcode 0
	(0) CPU times
		Usr 0 00:00:00, Sys 0 00:00:01  -  Run Remote Usage
		Usr 0 00:00:00, Sys 0 00:00:00  -  Run Local Usage
	0  -  Run Bytes Sent By Job
	0  -  Run Bytes Received By Job
	Reason: Claim deactivated
	Partitionable Resources :    Usage  Request Allocated 
	   Cpus                 :        0        1         1 
	   Disk (KB)            :        1        1      2313 
	   GPUs                 :                           0 
	   Memory (MB)          :       61     5120      5120 
	   TimeExecute (s)      :        7                    
	   TimeSlotBusy (s)     :        7                    
...
004 (11548318.001.000) 2026-07-29 15:56:54 Job was evicted. Code 1009 Subcode 0
	(0) CPU times
		Usr 0 00:00:01, Sys 0 00:00:01  -  Run Remote Usage
		Usr 0 00:00:00, Sys 0 00:00:00  -  Run Local Usage
	0  -  Run Bytes Sent By Job
	0  -  Run Bytes Received By Job
	Reason: Claim deactivated
	Partitionable Resources :    Usage  Request Allocated 
	   Cpus                 :        0        1         1 
	   Disk (KB)            :        1        1      2313 
	   GPUs                 :                           0 
	   Memory (MB)          :      104     5120      5120 
	   TimeExecute (s)      :        7                    
	   TimeSlotBusy (s)     :        7                    
...
004 (11548318.003.000) 2026-07-29 15:56:54 Job was evicted. Code 1009 Subcode 0
	(0) CPU times
		Usr 0 00:00:01, Sys 0 00:00:01  -  Run Remote Usage
		Usr 0 00:00:00, Sys 0 00:00:00  -  Run Local Usage
	0  -  Run Bytes Sent By Job
	0  -  Run Bytes Received By Job
	Reason: Claim deactivated
	Partitionable Resources :    Usage  Request Allocated 
	   Cpus                 :        0        1         1 
	   Disk (KB)            :        1        1      2313 
	   GPUs                 :                           0 
	   Memory (MB)          :      110     5120      5120 
	   TimeExecute (s)      :        7                    
	   TimeSlotBusy (s)     :        7                    
...
004 (11548318.007.000) 2026-07-29 15:56:54 Job was evicted. Code 1009 Subcode 0
	(0) CPU times
		Usr 0 00:00:00, Sys 0 00:00:01  -  Run Remote Usage
		Usr 0 00:00:00, Sys 0 00:00:00  -  Run Local Usage
	0  -  Run Bytes Sent By Job
	0  -  Run Bytes Received By Job
	Reason: Claim deactivated
	Partitionable Resources :    Usage  Request Allocated 
	   Cpus                 :        0        1         1 
	   Disk (KB)            :        1        1      2313 
	   GPUs                 :                           0 
	   Memory (MB)          :       54     5120      5120 
	   TimeExecute (s)      :        6                    
	   TimeSlotBusy (s)     :        7                    
...
004 (11548318.005.000) 2026-07-29 15:56:54 Job was evicted. Code 1009 Subcode 0
	(0) CPU times
		Usr 0 00:00:00, Sys 0 00:00:01  -  Run Remote Usage
		Usr 0 00:00:00, Sys 0 00:00:00  -  Run Local Usage
	0  -  Run Bytes Sent By Job
	0  -  Run Bytes Received By Job
	Reason: Claim deactivated
	Partitionable Resources :    Usage  Request Allocated 
	   Cpus                 :        0        1         1 
	   Disk (KB)            :        1        1      2313 
	   GPUs                 :                           0 
	   Memory (MB)          :       69     5120      5120 
	   TimeExecute (s)      :        7                    
	   TimeSlotBusy (s)     :        7                    
...
004 (11548318.006.000) 2026-07-29 15:56:54 Job was evicted. Code 1009 Subcode 0
	(0) CPU times
		Usr 0 00:00:01, Sys 0 00:00:01  -  Run Remote Usage
		Usr 0 00:00:00, Sys 0 00:00:00  -  Run Local Usage
	0  -  Run Bytes Sent By Job
	0  -  Run Bytes Received By Job
	Reason: Claim deactivated
	Partitionable Resources :    Usage  Request Allocated 
	   Cpus                 :        0        1         1 
	   Disk (KB)            :        1        1      2313 
	   GPUs                 :                           0 
	   Memory (MB)          :      119     5120      5120 
	   TimeExecute (s)      :        7                    
	   TimeSlotBusy (s)     :        7                    
...
004 (11548318.010.000) 2026-07-29 15:56:54 Job was evicted. Code 1009 Subcode 0
	(0) CPU times
		Usr 0 00:00:00, Sys 0 00:00:01  -  Run Remote Usage
		Usr 0 00:00:00, Sys 0 00:00:00  -  Run Local Usage
	0  -  Run Bytes Sent By Job
	0  -  Run Bytes Received By Job
	Reason: Claim deactivated
	Partitionable Resources :    Usage  Request Allocated 
	   Cpus                 :                 1         1 
	   Disk (KB)            :        1        1      2313 
	   GPUs                 :                           0 
	   Memory (MB)          :       61     5120      5120 
	   TimeExecute (s)      :        6                    
	   TimeSlotBusy (s)     :        7                    
...
004 (11548318.008.000) 2026-07-29 15:56:54 Job was evicted. Code 1009 Subcode 0
	(0) CPU times
		Usr 0 00:00:01, Sys 0 00:00:01  -  Run Remote Usage
		Usr 0 00:00:00, Sys 0 00:00:00  -  Run Local Usage
	0  -  Run Bytes Sent By Job
	0  -  Run Bytes Received By Job
	Reason: Claim deactivated
	Partitionable Resources :    Usage  Request Allocated 
	   Cpus                 :        0        1         1 
	   Disk (KB)            :        1        1      2313 
	   GPUs                 :                           0 
	   Memory (MB)          :       74     5120      5120 
	   TimeExecute (s)      :        6                    
	   TimeSlotBusy (s)     :        7                    
...
004 (11548318.009.000) 2026-07-29 15:56:54 Job was evicted. Code 1009 Subcode 0
	(0) CPU times
		Usr 0 00:00:00, Sys 0 00:00:01  -  Run Remote Usage
		Usr 0 00:00:00, Sys 0 00:00:00  -  Run Local Usage
	0  -  Run Bytes Sent By Job
	0  -  Run Bytes Received By Job
	Reason: Claim deactivated
	Partitionable Resources :    Usage  Request Allocated 
	   Cpus                 :                 1         1 
	   Disk (KB)            :        1        1      2313 
	   GPUs                 :                           0 
	   Memory (MB)          :       43     5120      5120 
	   TimeExecute (s)      :        6                    
	   TimeSlotBusy (s)     :        7                    
...
004 (11548318.011.000) 2026-07-29 15:56:54 Job was evicted. Code 1009 Subcode 0
	(0) CPU times
		Usr 0 00:00:00, Sys 0 00:00:00  -  Run Remote Usage
		Usr 0 00:00:00, Sys 0 00:00:00  -  Run Local Usage
	0  -  Run Bytes Sent By Job
	0  -  Run Bytes Received By Job
	Reason: Claim deactivated
	Partitionable Resources :    Usage  Request Allocated 
	   Cpus                 :        0        1         1 
	   Disk (KB)            :        1        1      2313 
	   GPUs                 :                           0 
	   Memory (MB)          :        1     5120      5120 
	   TimeExecute (s)      :        1                    
	   TimeSlotBusy (s)     :        1                    
...
005 (11548318.004.000) 2026-07-29 15:56:54 Job terminated.
	(1) Normal termination (return value 1)
		Usr 0 00:00:01, Sys 0 00:00:01  -  Run Remote Usage
		Usr 0 00:00:00, Sys 0 00:00:00  -  Run Local Usage
		Usr 0 00:00:01, Sys 0 00:00:01  -  Total Remote Usage
		Usr 0 00:00:00, Sys 0 00:00:00  -  Total Local Usage
	0  -  Run Bytes Sent By Job
	0  -  Run Bytes Received By Job
	0  -  Total Bytes Sent By Job
	0  -  Total Bytes Received By Job
	Partitionable Resources :    Usage  Request Allocated 
	   Cpus                 :        0        1         1 
	   Disk (KB)            :        1        1      2313 
	   GPUs                 :                           0 
	   Memory (MB)          :        0     5120      5120 
	   TimeExecute (s)      :        7                    
	   TimeSlotBusy (s)     :        7                    
...
009 (11548318.000.000) 2026-07-29 15:56:54 Job was aborted.
	via condor_rm (by user rbaba)
...
009 (11548318.001.000) 2026-07-29 15:56:54 Job was aborted.
	via condor_rm (by user rbaba)
...
009 (11548318.003.000) 2026-07-29 15:56:54 Job was aborted.
	via condor_rm (by user rbaba)
...
009 (11548318.005.000) 2026-07-29 15:56:54 Job was aborted.
	via condor_rm (by user rbaba)
...
009 (11548318.006.000) 2026-07-29 15:56:54 Job was aborted.
	via condor_rm (by user rbaba)
...
009 (11548318.007.000) 2026-07-29 15:56:54 Job was aborted.
	via condor_rm (by user rbaba)
...
009 (11548318.008.000) 2026-07-29 15:56:54 Job was aborted.
	via condor_rm (by user rbaba)
...
009 (11548318.010.000) 2026-07-29 15:56:54 Job was aborted.
	via condor_rm (by user rbaba)
...
009 (11548318.011.000) 2026-07-29 15:56:54 Job was aborted.
	via condor_rm (by user rbaba)
...
009 (11548318.004.000) 2026-07-29 15:56:54 Job was aborted.
	via condor_rm (by user rbaba)
...
009 (11548318.009.000) 2026-07-29 15:56:54 Job was aborted.
	via condor_rm (by user rbaba)
...
