000 (11548320.000.000) 2026-07-29 15:56:56 Job submitted from host: <157.82.112.73:961?addrs=157.82.112.73-961&alias=lxmaster02.icepp.jp&noUDP&sock=schedd_16294_e83e>
...
000 (11548320.001.000) 2026-07-29 15:56:56 Job submitted from host: <157.82.112.73:961?addrs=157.82.112.73-961&alias=lxmaster02.icepp.jp&noUDP&sock=schedd_16294_e83e>
...
000 (11548320.010.000) 2026-07-29 15:56:56 Job submitted from host: <157.82.112.73:961?addrs=157.82.112.73-961&alias=lxmaster02.icepp.jp&noUDP&sock=schedd_16294_e83e>
...
000 (11548320.011.000) 2026-07-29 15:56:56 Job submitted from host: <157.82.112.73:961?addrs=157.82.112.73-961&alias=lxmaster02.icepp.jp&noUDP&sock=schedd_16294_e83e>
...
000 (11548320.012.000) 2026-07-29 15:56:56 Job submitted from host: <157.82.112.73:961?addrs=157.82.112.73-961&alias=lxmaster02.icepp.jp&noUDP&sock=schedd_16294_e83e>
...
000 (11548320.013.000) 2026-07-29 15:56:56 Job submitted from host: <157.82.112.73:961?addrs=157.82.112.73-961&alias=lxmaster02.icepp.jp&noUDP&sock=schedd_16294_e83e>
...
000 (11548320.014.000) 2026-07-29 15:56:56 Job submitted from host: <157.82.112.73:961?addrs=157.82.112.73-961&alias=lxmaster02.icepp.jp&noUDP&sock=schedd_16294_e83e>
...
000 (11548320.015.000) 2026-07-29 15:56:56 Job submitted from host: <157.82.112.73:961?addrs=157.82.112.73-961&alias=lxmaster02.icepp.jp&noUDP&sock=schedd_16294_e83e>
...
000 (11548320.016.000) 2026-07-29 15:56:56 Job submitted from host: <157.82.112.73:961?addrs=157.82.112.73-961&alias=lxmaster02.icepp.jp&noUDP&sock=schedd_16294_e83e>
...
000 (11548320.017.000) 2026-07-29 15:56:56 Job submitted from host: <157.82.112.73:961?addrs=157.82.112.73-961&alias=lxmaster02.icepp.jp&noUDP&sock=schedd_16294_e83e>
...
000 (11548320.018.000) 2026-07-29 15:56:56 Job submitted from host: <157.82.112.73:961?addrs=157.82.112.73-961&alias=lxmaster02.icepp.jp&noUDP&sock=schedd_16294_e83e>
...
000 (11548320.019.000) 2026-07-29 15:56:56 Job submitted from host: <157.82.112.73:961?addrs=157.82.112.73-961&alias=lxmaster02.icepp.jp&noUDP&sock=schedd_16294_e83e>
...
000 (11548320.002.000) 2026-07-29 15:56:56 Job submitted from host: <157.82.112.73:961?addrs=157.82.112.73-961&alias=lxmaster02.icepp.jp&noUDP&sock=schedd_16294_e83e>
...
000 (11548320.003.000) 2026-07-29 15:56:56 Job submitted from host: <157.82.112.73:961?addrs=157.82.112.73-961&alias=lxmaster02.icepp.jp&noUDP&sock=schedd_16294_e83e>
...
000 (11548320.004.000) 2026-07-29 15:56:56 Job submitted from host: <157.82.112.73:961?addrs=157.82.112.73-961&alias=lxmaster02.icepp.jp&noUDP&sock=schedd_16294_e83e>
...
000 (11548320.005.000) 2026-07-29 15:56:56 Job submitted from host: <157.82.112.73:961?addrs=157.82.112.73-961&alias=lxmaster02.icepp.jp&noUDP&sock=schedd_16294_e83e>
...
000 (11548320.006.000) 2026-07-29 15:56:56 Job submitted from host: <157.82.112.73:961?addrs=157.82.112.73-961&alias=lxmaster02.icepp.jp&noUDP&sock=schedd_16294_e83e>
...
000 (11548320.007.000) 2026-07-29 15:56:56 Job submitted from host: <157.82.112.73:961?addrs=157.82.112.73-961&alias=lxmaster02.icepp.jp&noUDP&sock=schedd_16294_e83e>
...
000 (11548320.008.000) 2026-07-29 15:56:56 Job submitted from host: <157.82.112.73:961?addrs=157.82.112.73-961&alias=lxmaster02.icepp.jp&noUDP&sock=schedd_16294_e83e>
...
000 (11548320.009.000) 2026-07-29 15:56:56 Job submitted from host: <157.82.112.73:961?addrs=157.82.112.73-961&alias=lxmaster02.icepp.jp&noUDP&sock=schedd_16294_e83e>
...
001 (11548320.001.000) 2026-07-29 15:57:07 Job executing on host: <157.82.114.13:961?addrs=157.82.114.13-961+[2404-d540-1-589-3-2-1-601]-961&alias=lxb060-1.icepp.jp&noUDP&sock=startd_16647_092c>
	SlotName: slot1_3@lxb060-1.icepp.jp
	CondorScratchDir = "/pool/condor/execute/dir_2461143"
	Cpus = 1
	Disk = 2313
	GPUs = 0
	Memory = 5120
...
001 (11548320.000.000) 2026-07-29 15:57:07 Job executing on host: <157.82.114.19:961?addrs=157.82.114.19-961+[2404-d540-1-589-3-2-1-613]-961&alias=lxb061-3.icepp.jp&noUDP&sock=startd_16407_6a71>
	SlotName: slot1_1@lxb061-3.icepp.jp
	CondorScratchDir = "/pool/condor/execute/dir_1149486"
	Cpus = 1
	Disk = 2313
	GPUs = 0
	Memory = 5120
...
001 (11548320.002.000) 2026-07-29 15:57:07 Job executing on host: <157.82.114.8:961?addrs=157.82.114.8-961+[2404-d540-1-589-3-2-1-584]-961&alias=lxb058-4.icepp.jp&noUDP&sock=startd_16113_c199>
	SlotName: slot1_37@lxb058-4.icepp.jp
	CondorScratchDir = "/pool/condor/execute/dir_3024323"
	Cpus = 1
	Disk = 2313
	GPUs = 0
	Memory = 5120
...
001 (11548320.005.000) 2026-07-29 15:57:07 Job executing on host: <157.82.114.32:961?addrs=157.82.114.32-961+[2404-d540-1-589-3-2-1-644]-961&alias=lxb064-4.icepp.jp&noUDP&sock=startd_16440_0d11>
	SlotName: slot1_36@lxb064-4.icepp.jp
	CondorScratchDir = "/pool/condor/execute/dir_2049784"
	Cpus = 1
	Disk = 2313
	GPUs = 0
	Memory = 5120
...
001 (11548320.004.000) 2026-07-29 15:57:07 Job executing on host: <157.82.114.6:961?addrs=157.82.114.6-961+[2404-d540-1-589-3-2-1-582]-961&alias=lxb058-2.icepp.jp&noUDP&sock=startd_16431_e0b7>
	SlotName: slot1_1@lxb058-2.icepp.jp
	CondorScratchDir = "/pool/condor/execute/dir_1945907"
	Cpus = 1
	Disk = 2313
	GPUs = 0
	Memory = 5120
...
001 (11548320.003.000) 2026-07-29 15:57:07 Job executing on host: <157.82.114.19:961?addrs=157.82.114.19-961+[2404-d540-1-589-3-2-1-613]-961&alias=lxb061-3.icepp.jp&noUDP&sock=startd_16407_6a71>
	SlotName: slot1_4@lxb061-3.icepp.jp
	CondorScratchDir = "/pool/condor/execute/dir_1151045"
	Cpus = 1
	Disk = 2313
	GPUs = 0
	Memory = 5120
...
001 (11548320.007.000) 2026-07-29 15:57:07 Job executing on host: <157.82.114.22:961?addrs=157.82.114.22-961+[2404-d540-1-589-3-2-1-622]-961&alias=lxb062-2.icepp.jp&noUDP&sock=startd_16439_5d79>
	SlotName: slot1_21@lxb062-2.icepp.jp
	CondorScratchDir = "/pool/condor/execute/dir_3670336"
	Cpus = 1
	Disk = 2313
	GPUs = 0
	Memory = 5120
...
001 (11548320.006.000) 2026-07-29 15:57:07 Job executing on host: <157.82.114.23:961?addrs=157.82.114.23-961+[2404-d540-1-589-3-2-1-623]-961&alias=lxb062-3.icepp.jp&noUDP&sock=startd_16828_2fd1>
	SlotName: slot1_41@lxb062-3.icepp.jp
	CondorScratchDir = "/pool/condor/execute/dir_2293390"
	Cpus = 1
	Disk = 2313
	GPUs = 0
	Memory = 5120
...
001 (11548320.008.000) 2026-07-29 15:57:07 Job executing on host: <157.82.114.4:961?addrs=157.82.114.4-961+[2404-d540-1-589-3-2-1-574]-961&alias=lxb057-4.icepp.jp&noUDP&sock=startd_16458_65c6>
	SlotName: slot1_16@lxb057-4.icepp.jp
	CondorScratchDir = "/pool/condor/execute/dir_4111474"
	Cpus = 1
	Disk = 2313
	GPUs = 0
	Memory = 5120
...
001 (11548320.009.000) 2026-07-29 15:57:08 Job executing on host: <157.82.114.3:961?addrs=157.82.114.3-961+[2404-d540-1-589-3-2-1-573]-961&alias=lxb057-3.icepp.jp&noUDP&sock=startd_16816_f4ae>
	SlotName: slot1_25@lxb057-3.icepp.jp
	CondorScratchDir = "/pool/condor/execute/dir_3020198"
	Cpus = 1
	Disk = 2313
	GPUs = 0
	Memory = 5120
...
001 (11548320.010.000) 2026-07-29 15:57:08 Job executing on host: <157.82.114.9:961?addrs=157.82.114.9-961+[2404-d540-1-589-3-2-1-591]-961&alias=lxb059-1.icepp.jp&noUDP&sock=startd_16399_edaf>
	SlotName: slot1_1@lxb059-1.icepp.jp
	CondorScratchDir = "/pool/condor/execute/dir_3407076"
	Cpus = 1
	Disk = 2313
	GPUs = 0
	Memory = 5120
...
001 (11548320.011.000) 2026-07-29 15:57:08 Job executing on host: <157.82.114.27:961?addrs=157.82.114.27-961+[2404-d540-1-589-3-2-1-633]-961&alias=lxb063-3.icepp.jp&noUDP&sock=startd_16811_86b4>
	SlotName: slot1_22@lxb063-3.icepp.jp
	CondorScratchDir = "/pool/condor/execute/dir_3698865"
	Cpus = 1
	Disk = 2313
	GPUs = 0
	Memory = 5120
...
001 (11548320.012.000) 2026-07-29 15:57:08 Job executing on host: <157.82.114.25:961?addrs=157.82.114.25-961+[2404-d540-1-589-3-2-1-631]-961&alias=lxb063-1.icepp.jp&noUDP&sock=startd_16090_faec>
	SlotName: slot1_4@lxb063-1.icepp.jp
	CondorScratchDir = "/pool/condor/execute/dir_698100"
	Cpus = 1
	Disk = 2313
	GPUs = 0
	Memory = 5120
...
001 (11548320.014.000) 2026-07-29 15:57:08 Job executing on host: <157.82.114.14:961?addrs=157.82.114.14-961+[2404-d540-1-589-3-2-1-602]-961&alias=lxb060-2.icepp.jp&noUDP&sock=startd_16472_0019>
	SlotName: slot1_38@lxb060-2.icepp.jp
	CondorScratchDir = "/pool/condor/execute/dir_2986441"
	Cpus = 1
	Disk = 2313
	GPUs = 0
	Memory = 5120
...
001 (11548320.013.000) 2026-07-29 15:57:08 Job executing on host: <157.82.114.12:961?addrs=157.82.114.12-961+[2404-d540-1-589-3-2-1-594]-961&alias=lxb059-4.icepp.jp&noUDP&sock=startd_16227_f365>
	SlotName: slot1_9@lxb059-4.icepp.jp
	CondorScratchDir = "/pool/condor/execute/dir_3931137"
	Cpus = 1
	Disk = 2313
	GPUs = 0
	Memory = 5120
...
001 (11548320.015.000) 2026-07-29 15:57:08 Job executing on host: <157.82.114.2:961?addrs=157.82.114.2-961+[2404-d540-1-589-3-2-1-572]-961&alias=lxb057-2.icepp.jp&noUDP&sock=startd_16793_2e00>
	SlotName: slot1_13@lxb057-2.icepp.jp
	CondorScratchDir = "/pool/condor/execute/dir_3438913"
	Cpus = 1
	Disk = 2313
	GPUs = 0
	Memory = 5120
...
001 (11548320.016.000) 2026-07-29 15:57:08 Job executing on host: <157.82.114.13:961?addrs=157.82.114.13-961+[2404-d540-1-589-3-2-1-601]-961&alias=lxb060-1.icepp.jp&noUDP&sock=startd_16647_092c>
	SlotName: slot1_13@lxb060-1.icepp.jp
	CondorScratchDir = "/pool/condor/execute/dir_2461199"
	Cpus = 1
	Disk = 2313
	GPUs = 0
	Memory = 5120
...
006 (11548320.008.000) 2026-07-29 15:57:16 Image size of job updated: 146804
	144  -  MemoryUsage of job (MB)
	146804  -  ResidentSetSize of job (KB)
...
006 (11548320.009.000) 2026-07-29 15:57:16 Image size of job updated: 146952
	144  -  MemoryUsage of job (MB)
	146952  -  ResidentSetSize of job (KB)
...
006 (11548320.010.000) 2026-07-29 15:57:16 Image size of job updated: 196072
	192  -  MemoryUsage of job (MB)
	196072  -  ResidentSetSize of job (KB)
...
006 (11548320.011.000) 2026-07-29 15:57:16 Image size of job updated: 232080
	227  -  MemoryUsage of job (MB)
	232080  -  ResidentSetSize of job (KB)
...
006 (11548320.012.000) 2026-07-29 15:57:16 Image size of job updated: 280468
	274  -  MemoryUsage of job (MB)
	280468  -  ResidentSetSize of job (KB)
...
006 (11548320.014.000) 2026-07-29 15:57:16 Image size of job updated: 289600
	283  -  MemoryUsage of job (MB)
	289600  -  ResidentSetSize of job (KB)
...
006 (11548320.013.000) 2026-07-29 15:57:16 Image size of job updated: 181496
	178  -  MemoryUsage of job (MB)
	181496  -  ResidentSetSize of job (KB)
...
006 (11548320.015.000) 2026-07-29 15:57:16 Image size of job updated: 240168
	235  -  MemoryUsage of job (MB)
	240168  -  ResidentSetSize of job (KB)
...
006 (11548320.016.000) 2026-07-29 15:57:16 Image size of job updated: 224296
	220  -  MemoryUsage of job (MB)
	224296  -  ResidentSetSize of job (KB)
...
006 (11548320.001.000) 2026-07-29 15:57:16 Image size of job updated: 252628
	247  -  MemoryUsage of job (MB)
	252628  -  ResidentSetSize of job (KB)
...
006 (11548320.000.000) 2026-07-29 15:57:16 Image size of job updated: 277188
	271  -  MemoryUsage of job (MB)
	277188  -  ResidentSetSize of job (KB)
...
006 (11548320.002.000) 2026-07-29 15:57:16 Image size of job updated: 238836
	234  -  MemoryUsage of job (MB)
	238836  -  ResidentSetSize of job (KB)
...
006 (11548320.005.000) 2026-07-29 15:57:16 Image size of job updated: 246324
	241  -  MemoryUsage of job (MB)
	246324  -  ResidentSetSize of job (KB)
...
006 (11548320.004.000) 2026-07-29 15:57:16 Image size of job updated: 194404
	190  -  MemoryUsage of job (MB)
	194404  -  ResidentSetSize of job (KB)
...
006 (11548320.003.000) 2026-07-29 15:57:16 Image size of job updated: 278724
	273  -  MemoryUsage of job (MB)
	278724  -  ResidentSetSize of job (KB)
...
006 (11548320.007.000) 2026-07-29 15:57:16 Image size of job updated: 222116
	217  -  MemoryUsage of job (MB)
	222116  -  ResidentSetSize of job (KB)
...
006 (11548320.006.000) 2026-07-29 15:57:16 Image size of job updated: 237216
	232  -  MemoryUsage of job (MB)
	237216  -  ResidentSetSize of job (KB)
...
001 (11548320.017.000) 2026-07-29 15:57:28 Job executing on host: <157.82.114.18:961?addrs=157.82.114.18-961+[2404-d540-1-589-3-2-1-612]-961&alias=lxb061-2.icepp.jp&noUDP&sock=startd_16392_2086>
	SlotName: slot1_11@lxb061-2.icepp.jp
	CondorScratchDir = "/pool/condor/execute/dir_828133"
	Cpus = 1
	Disk = 2313
	GPUs = 0
	Memory = 5120
...
001 (11548320.018.000) 2026-07-29 15:57:28 Job executing on host: <157.82.114.31:961?addrs=157.82.114.31-961+[2404-d540-1-589-3-2-1-643]-961&alias=lxb064-3.icepp.jp&noUDP&sock=startd_16286_6b7c>
	SlotName: slot1_5@lxb064-3.icepp.jp
	CondorScratchDir = "/pool/condor/execute/dir_2213213"
	Cpus = 1
	Disk = 2313
	GPUs = 0
	Memory = 5120
...
001 (11548320.019.000) 2026-07-29 15:57:28 Job executing on host: <157.82.114.30:961?addrs=157.82.114.30-961+[2404-d540-1-589-3-2-1-642]-961&alias=lxb064-2.icepp.jp&noUDP&sock=startd_16301_b567>
	SlotName: slot1_11@lxb064-2.icepp.jp
	CondorScratchDir = "/pool/condor/execute/dir_3368019"
	Cpus = 1
	Disk = 2313
	GPUs = 0
	Memory = 5120
...
006 (11548320.017.000) 2026-07-29 15:57:37 Image size of job updated: 147824
	145  -  MemoryUsage of job (MB)
	147824  -  ResidentSetSize of job (KB)
...
006 (11548320.018.000) 2026-07-29 15:57:37 Image size of job updated: 264892
	259  -  MemoryUsage of job (MB)
	264892  -  ResidentSetSize of job (KB)
...
006 (11548320.019.000) 2026-07-29 15:57:37 Image size of job updated: 282708
	277  -  MemoryUsage of job (MB)
	282708  -  ResidentSetSize of job (KB)
...
006 (11548320.008.000) 2026-07-29 15:57:46 Image size of job updated: 917336
	896  -  MemoryUsage of job (MB)
	917336  -  ResidentSetSize of job (KB)
...
006 (11548320.009.000) 2026-07-29 15:57:46 Image size of job updated: 913960
	893  -  MemoryUsage of job (MB)
	913960  -  ResidentSetSize of job (KB)
...
006 (11548320.010.000) 2026-07-29 15:57:46 Image size of job updated: 917064
	896  -  MemoryUsage of job (MB)
	917064  -  ResidentSetSize of job (KB)
...
006 (11548320.011.000) 2026-07-29 15:57:46 Image size of job updated: 909224
	888  -  MemoryUsage of job (MB)
	909224  -  ResidentSetSize of job (KB)
...
006 (11548320.012.000) 2026-07-29 15:57:46 Image size of job updated: 918412
	897  -  MemoryUsage of job (MB)
	918412  -  ResidentSetSize of job (KB)
...
006 (11548320.014.000) 2026-07-29 15:57:46 Image size of job updated: 915184
	894  -  MemoryUsage of job (MB)
	915184  -  ResidentSetSize of job (KB)
...
006 (11548320.013.000) 2026-07-29 15:57:46 Image size of job updated: 917104
	896  -  MemoryUsage of job (MB)
	917104  -  ResidentSetSize of job (KB)
...
006 (11548320.015.000) 2026-07-29 15:57:46 Image size of job updated: 917432
	896  -  MemoryUsage of job (MB)
	917432  -  ResidentSetSize of job (KB)
...
006 (11548320.016.000) 2026-07-29 15:57:46 Image size of job updated: 909172
	888  -  MemoryUsage of job (MB)
	909172  -  ResidentSetSize of job (KB)
...
006 (11548320.006.000) 2026-07-29 15:57:47 Image size of job updated: 917156
	896  -  MemoryUsage of job (MB)
	917156  -  ResidentSetSize of job (KB)
...
006 (11548320.001.000) 2026-07-29 15:57:47 Image size of job updated: 909144
	888  -  MemoryUsage of job (MB)
	909144  -  ResidentSetSize of job (KB)
...
006 (11548320.000.000) 2026-07-29 15:57:47 Image size of job updated: 916680
	896  -  MemoryUsage of job (MB)
	916680  -  ResidentSetSize of job (KB)
...
006 (11548320.002.000) 2026-07-29 15:57:47 Image size of job updated: 917192
	896  -  MemoryUsage of job (MB)
	917192  -  ResidentSetSize of job (KB)
...
006 (11548320.005.000) 2026-07-29 15:57:47 Image size of job updated: 918464
	897  -  MemoryUsage of job (MB)
	918464  -  ResidentSetSize of job (KB)
...
006 (11548320.004.000) 2026-07-29 15:57:47 Image size of job updated: 915052
	894  -  MemoryUsage of job (MB)
	915052  -  ResidentSetSize of job (KB)
...
006 (11548320.003.000) 2026-07-29 15:57:47 Image size of job updated: 915968
	895  -  MemoryUsage of job (MB)
	915968  -  ResidentSetSize of job (KB)
...
006 (11548320.007.000) 2026-07-29 15:57:47 Image size of job updated: 916464
	895  -  MemoryUsage of job (MB)
	916464  -  ResidentSetSize of job (KB)
...
006 (11548320.017.000) 2026-07-29 15:58:08 Image size of job updated: 907088
	886  -  MemoryUsage of job (MB)
	907088  -  ResidentSetSize of job (KB)
...
006 (11548320.018.000) 2026-07-29 15:58:08 Image size of job updated: 914776
	894  -  MemoryUsage of job (MB)
	914776  -  ResidentSetSize of job (KB)
...
006 (11548320.019.000) 2026-07-29 15:58:08 Image size of job updated: 914176
	893  -  MemoryUsage of job (MB)
	914176  -  ResidentSetSize of job (KB)
...
006 (11548320.008.000) 2026-07-29 15:58:16 Image size of job updated: 1207788
	1180  -  MemoryUsage of job (MB)
	1207788  -  ResidentSetSize of job (KB)
...
006 (11548320.009.000) 2026-07-29 15:58:16 Image size of job updated: 1188968
	1162  -  MemoryUsage of job (MB)
	1188968  -  ResidentSetSize of job (KB)
...
006 (11548320.010.000) 2026-07-29 15:58:16 Image size of job updated: 1159340
	1133  -  MemoryUsage of job (MB)
	1159340  -  ResidentSetSize of job (KB)
...
006 (11548320.011.000) 2026-07-29 15:58:16 Image size of job updated: 1213916
	1186  -  MemoryUsage of job (MB)
	1213916  -  ResidentSetSize of job (KB)
...
006 (11548320.012.000) 2026-07-29 15:58:16 Image size of job updated: 1211504
	1184  -  MemoryUsage of job (MB)
	1211504  -  ResidentSetSize of job (KB)
...
006 (11548320.014.000) 2026-07-29 15:58:16 Image size of job updated: 1211408
	1184  -  MemoryUsage of job (MB)
	1211408  -  ResidentSetSize of job (KB)
...
006 (11548320.013.000) 2026-07-29 15:58:16 Image size of job updated: 1211108
	1183  -  MemoryUsage of job (MB)
	1211108  -  ResidentSetSize of job (KB)
...
006 (11548320.015.000) 2026-07-29 15:58:16 Image size of job updated: 1218848
	1191  -  MemoryUsage of job (MB)
	1218848  -  ResidentSetSize of job (KB)
...
006 (11548320.016.000) 2026-07-29 15:58:16 Image size of job updated: 1203396
	1176  -  MemoryUsage of job (MB)
	1203396  -  ResidentSetSize of job (KB)
...
006 (11548320.007.000) 2026-07-29 15:58:17 Image size of job updated: 1210576
	1183  -  MemoryUsage of job (MB)
	1210576  -  ResidentSetSize of job (KB)
...
006 (11548320.006.000) 2026-07-29 15:58:17 Image size of job updated: 1210532
	1183  -  MemoryUsage of job (MB)
	1210532  -  ResidentSetSize of job (KB)
...
006 (11548320.003.000) 2026-07-29 15:58:18 Image size of job updated: 1261352
	1232  -  MemoryUsage of job (MB)
	1261352  -  ResidentSetSize of job (KB)
...
006 (11548320.001.000) 2026-07-29 15:58:18 Image size of job updated: 1251804
	1223  -  MemoryUsage of job (MB)
	1251804  -  ResidentSetSize of job (KB)
...
006 (11548320.000.000) 2026-07-29 15:58:18 Image size of job updated: 1273660
	1244  -  MemoryUsage of job (MB)
	1273660  -  ResidentSetSize of job (KB)
...
006 (11548320.002.000) 2026-07-29 15:58:18 Image size of job updated: 1280888
	1251  -  MemoryUsage of job (MB)
	1280888  -  ResidentSetSize of job (KB)
...
006 (11548320.005.000) 2026-07-29 15:58:18 Image size of job updated: 1273192
	1244  -  MemoryUsage of job (MB)
	1273192  -  ResidentSetSize of job (KB)
...
006 (11548320.004.000) 2026-07-29 15:58:18 Image size of job updated: 1219096
	1191  -  MemoryUsage of job (MB)
	1219096  -  ResidentSetSize of job (KB)
...
006 (11548320.017.000) 2026-07-29 15:58:39 Image size of job updated: 1153728
	1127  -  MemoryUsage of job (MB)
	1153728  -  ResidentSetSize of job (KB)
...
006 (11548320.018.000) 2026-07-29 15:58:39 Image size of job updated: 1229860
	1202  -  MemoryUsage of job (MB)
	1229860  -  ResidentSetSize of job (KB)
...
006 (11548320.019.000) 2026-07-29 15:58:39 Image size of job updated: 1247040
	1218  -  MemoryUsage of job (MB)
	1247040  -  ResidentSetSize of job (KB)
...
006 (11548320.008.000) 2026-07-29 15:58:46 Image size of job updated: 1495144
	1461  -  MemoryUsage of job (MB)
	1495144  -  ResidentSetSize of job (KB)
...
006 (11548320.009.000) 2026-07-29 15:58:46 Image size of job updated: 1488892
	1454  -  MemoryUsage of job (MB)
	1488892  -  ResidentSetSize of job (KB)
...
006 (11548320.010.000) 2026-07-29 15:58:46 Image size of job updated: 1467292
	1433  -  MemoryUsage of job (MB)
	1467292  -  ResidentSetSize of job (KB)
...
006 (11548320.011.000) 2026-07-29 15:58:46 Image size of job updated: 1510596
	1476  -  MemoryUsage of job (MB)
	1510596  -  ResidentSetSize of job (KB)
...
006 (11548320.012.000) 2026-07-29 15:58:46 Image size of job updated: 1490176
	1456  -  MemoryUsage of job (MB)
	1490176  -  ResidentSetSize of job (KB)
...
006 (11548320.014.000) 2026-07-29 15:58:46 Image size of job updated: 1452480
	1419  -  MemoryUsage of job (MB)
	1452480  -  ResidentSetSize of job (KB)
...
006 (11548320.013.000) 2026-07-29 15:58:46 Image size of job updated: 1492404
	1458  -  MemoryUsage of job (MB)
	1492404  -  ResidentSetSize of job (KB)
...
006 (11548320.015.000) 2026-07-29 15:58:46 Image size of job updated: 1483056
	1449  -  MemoryUsage of job (MB)
	1483056  -  ResidentSetSize of job (KB)
...
006 (11548320.016.000) 2026-07-29 15:58:46 Image size of job updated: 1461136
	1427  -  MemoryUsage of job (MB)
	1461136  -  ResidentSetSize of job (KB)
...
006 (11548320.007.000) 2026-07-29 15:58:47 Image size of job updated: 1381896
	1350  -  MemoryUsage of job (MB)
	1381896  -  ResidentSetSize of job (KB)
...
006 (11548320.006.000) 2026-07-29 15:58:47 Image size of job updated: 1376272
	1345  -  MemoryUsage of job (MB)
	1376272  -  ResidentSetSize of job (KB)
...
006 (11548320.003.000) 2026-07-29 15:58:48 Image size of job updated: 1362380
	1331  -  MemoryUsage of job (MB)
	1362380  -  ResidentSetSize of job (KB)
...
006 (11548320.002.000) 2026-07-29 15:58:49 Image size of job updated: 1455036
	1421  -  MemoryUsage of job (MB)
	1455036  -  ResidentSetSize of job (KB)
...
006 (11548320.005.000) 2026-07-29 15:58:49 Image size of job updated: 1388172
	1356  -  MemoryUsage of job (MB)
	1388172  -  ResidentSetSize of job (KB)
...
006 (11548320.004.000) 2026-07-29 15:58:49 Image size of job updated: 1483612
	1449  -  MemoryUsage of job (MB)
	1483612  -  ResidentSetSize of job (KB)
...
006 (11548320.001.000) 2026-07-29 15:58:49 Image size of job updated: 1484204
	1450  -  MemoryUsage of job (MB)
	1484204  -  ResidentSetSize of job (KB)
...
006 (11548320.000.000) 2026-07-29 15:58:49 Image size of job updated: 1369148
	1338  -  MemoryUsage of job (MB)
	1369148  -  ResidentSetSize of job (KB)
...
006 (11548320.017.000) 2026-07-29 15:59:10 Image size of job updated: 1483360
	1449  -  MemoryUsage of job (MB)
	1483360  -  ResidentSetSize of job (KB)
...
006 (11548320.018.000) 2026-07-29 15:59:10 Image size of job updated: 1490356
	1456  -  MemoryUsage of job (MB)
	1490356  -  ResidentSetSize of job (KB)
...
006 (11548320.019.000) 2026-07-29 15:59:10 Image size of job updated: 1489116
	1455  -  MemoryUsage of job (MB)
	1489116  -  ResidentSetSize of job (KB)
...
006 (11548320.008.000) 2026-07-29 15:59:16 Image size of job updated: 1522896
	1488  -  MemoryUsage of job (MB)
	1522896  -  ResidentSetSize of job (KB)
...
006 (11548320.009.000) 2026-07-29 15:59:16 Image size of job updated: 1519252
	1484  -  MemoryUsage of job (MB)
	1519252  -  ResidentSetSize of job (KB)
...
006 (11548320.010.000) 2026-07-29 15:59:16 Image size of job updated: 1522176
	1487  -  MemoryUsage of job (MB)
	1522176  -  ResidentSetSize of job (KB)
...
006 (11548320.011.000) 2026-07-29 15:59:16 Image size of job updated: 1515212
	1480  -  MemoryUsage of job (MB)
	1515212  -  ResidentSetSize of job (KB)
...
006 (11548320.012.000) 2026-07-29 15:59:16 Image size of job updated: 1521984
	1487  -  MemoryUsage of job (MB)
	1521984  -  ResidentSetSize of job (KB)
...
006 (11548320.014.000) 2026-07-29 15:59:16 Image size of job updated: 1517760
	1483  -  MemoryUsage of job (MB)
	1517760  -  ResidentSetSize of job (KB)
...
006 (11548320.013.000) 2026-07-29 15:59:16 Image size of job updated: 1521916
	1487  -  MemoryUsage of job (MB)
	1521916  -  ResidentSetSize of job (KB)
...
006 (11548320.015.000) 2026-07-29 15:59:16 Image size of job updated: 1519280
	1484  -  MemoryUsage of job (MB)
	1519280  -  ResidentSetSize of job (KB)
...
006 (11548320.016.000) 2026-07-29 15:59:16 Image size of job updated: 1514780
	1480  -  MemoryUsage of job (MB)
	1514780  -  ResidentSetSize of job (KB)
...
006 (11548320.007.000) 2026-07-29 15:59:17 Image size of job updated: 1523116
	1488  -  MemoryUsage of job (MB)
	1523116  -  ResidentSetSize of job (KB)
...
006 (11548320.006.000) 2026-07-29 15:59:17 Image size of job updated: 1518720
	1484  -  MemoryUsage of job (MB)
	1518720  -  ResidentSetSize of job (KB)
...
006 (11548320.003.000) 2026-07-29 15:59:18 Image size of job updated: 1523200
	1488  -  MemoryUsage of job (MB)
	1523200  -  ResidentSetSize of job (KB)
...
006 (11548320.002.000) 2026-07-29 15:59:19 Image size of job updated: 1522552
	1487  -  MemoryUsage of job (MB)
	1522552  -  ResidentSetSize of job (KB)
...
006 (11548320.005.000) 2026-07-29 15:59:19 Image size of job updated: 1521116
	1486  -  MemoryUsage of job (MB)
	1521116  -  ResidentSetSize of job (KB)
...
006 (11548320.004.000) 2026-07-29 15:59:19 Image size of job updated: 1519732
	1485  -  MemoryUsage of job (MB)
	1519732  -  ResidentSetSize of job (KB)
...
006 (11548320.001.000) 2026-07-29 15:59:20 Image size of job updated: 1514160
	1479  -  MemoryUsage of job (MB)
	1514160  -  ResidentSetSize of job (KB)
...
006 (11548320.000.000) 2026-07-29 15:59:20 Image size of job updated: 1522884
	1488  -  MemoryUsage of job (MB)
	1522884  -  ResidentSetSize of job (KB)
...
006 (11548320.019.000) 2026-07-29 15:59:41 Image size of job updated: 1519580
	1484  -  MemoryUsage of job (MB)
	1519580  -  ResidentSetSize of job (KB)
...
006 (11548320.017.000) 2026-07-29 15:59:41 Image size of job updated: 1513348
	1478  -  MemoryUsage of job (MB)
	1513348  -  ResidentSetSize of job (KB)
...
006 (11548320.018.000) 2026-07-29 15:59:41 Image size of job updated: 1519320
	1484  -  MemoryUsage of job (MB)
	1519320  -  ResidentSetSize of job (KB)
...
006 (11548320.008.000) 2026-07-29 15:59:43 Image size of job updated: 1524452
	1488  -  MemoryUsage of job (MB)
	1522896  -  ResidentSetSize of job (KB)
...
005 (11548320.008.000) 2026-07-29 15:59:43 Job terminated.
	(1) Normal termination (return value 0)
		Usr 0 00:02:09, Sys 0 00:00:03  -  Run Remote Usage
		Usr 0 00:00:00, Sys 0 00:00:00  -  Run Local Usage
		Usr 0 00:02:09, Sys 0 00:00:03  -  Total Remote Usage
		Usr 0 00:00:00, Sys 0 00:00:00  -  Total Local Usage
	0  -  Run Bytes Sent By Job
	0  -  Run Bytes Received By Job
	0  -  Total Bytes Sent By Job
	0  -  Total Bytes Received By Job
	Partitionable Resources :    Usage  Request Allocated 
	   Cpus                 :     0.94        1         1 
	   Disk (KB)            :     1           1      2313 
	   GPUs                 :                           0 
	   Memory (MB)          :  1488        5120      5120 
	   TimeExecute (s)      :   156                       
	   TimeSlotBusy (s)     :   156                       
...
006 (11548320.009.000) 2026-07-29 15:59:46 Image size of job updated: 1521260
	1486  -  MemoryUsage of job (MB)
	1521260  -  ResidentSetSize of job (KB)
...
006 (11548320.010.000) 2026-07-29 15:59:46 Image size of job updated: 1524240
	1489  -  MemoryUsage of job (MB)
	1524240  -  ResidentSetSize of job (KB)
...
006 (11548320.011.000) 2026-07-29 15:59:46 Image size of job updated: 1516976
	1482  -  MemoryUsage of job (MB)
	1516976  -  ResidentSetSize of job (KB)
...
006 (11548320.012.000) 2026-07-29 15:59:46 Image size of job updated: 1524000
	1489  -  MemoryUsage of job (MB)
	1524000  -  ResidentSetSize of job (KB)
...
006 (11548320.014.000) 2026-07-29 15:59:46 Image size of job updated: 1520380
	1485  -  MemoryUsage of job (MB)
	1520380  -  ResidentSetSize of job (KB)
...
006 (11548320.013.000) 2026-07-29 15:59:46 Image size of job updated: 1523672
	1488  -  MemoryUsage of job (MB)
	1523672  -  ResidentSetSize of job (KB)
...
006 (11548320.015.000) 2026-07-29 15:59:46 Image size of job updated: 1524644
	1489  -  MemoryUsage of job (MB)
	1524644  -  ResidentSetSize of job (KB)
...
006 (11548320.016.000) 2026-07-29 15:59:46 Image size of job updated: 1516620
	1482  -  MemoryUsage of job (MB)
	1516620  -  ResidentSetSize of job (KB)
...
006 (11548320.007.000) 2026-07-29 15:59:47 Image size of job updated: 1525836
	1491  -  MemoryUsage of job (MB)
	1525836  -  ResidentSetSize of job (KB)
...
006 (11548320.006.000) 2026-07-29 15:59:47 Image size of job updated: 1520952
	1486  -  MemoryUsage of job (MB)
	1520952  -  ResidentSetSize of job (KB)
...
006 (11548320.003.000) 2026-07-29 15:59:48 Image size of job updated: 1525560
	1490  -  MemoryUsage of job (MB)
	1525560  -  ResidentSetSize of job (KB)
...
006 (11548320.011.000) 2026-07-29 15:59:48 Image size of job updated: 1516992
	1482  -  MemoryUsage of job (MB)
	1516976  -  ResidentSetSize of job (KB)
...
005 (11548320.011.000) 2026-07-29 15:59:49 Job terminated.
	(1) Normal termination (return value 0)
		Usr 0 00:02:11, Sys 0 00:00:03  -  Run Remote Usage
		Usr 0 00:00:00, Sys 0 00:00:00  -  Run Local Usage
		Usr 0 00:02:11, Sys 0 00:00:03  -  Total Remote Usage
		Usr 0 00:00:00, Sys 0 00:00:00  -  Total Local Usage
	0  -  Run Bytes Sent By Job
	0  -  Run Bytes Received By Job
	0  -  Total Bytes Sent By Job
	0  -  Total Bytes Received By Job
	Partitionable Resources :    Usage  Request Allocated 
	   Cpus                 :     0.79        1         1 
	   Disk (KB)            :     1           1      2313 
	   GPUs                 :                           0 
	   Memory (MB)          :  1482        5120      5120 
	   TimeExecute (s)      :   160                       
	   TimeSlotBusy (s)     :   161                       
...
006 (11548320.002.000) 2026-07-29 15:59:49 Image size of job updated: 1524592
	1489  -  MemoryUsage of job (MB)
	1524592  -  ResidentSetSize of job (KB)
...
006 (11548320.005.000) 2026-07-29 15:59:49 Image size of job updated: 1525148
	1490  -  MemoryUsage of job (MB)
	1525148  -  ResidentSetSize of job (KB)
...
006 (11548320.004.000) 2026-07-29 15:59:49 Image size of job updated: 1521872
	1487  -  MemoryUsage of job (MB)
	1521872  -  ResidentSetSize of job (KB)
...
005 (11548320.013.000) 2026-07-29 15:59:50 Job terminated.
	(1) Normal termination (return value 0)
		Usr 0 00:02:11, Sys 0 00:00:03  -  Run Remote Usage
		Usr 0 00:00:00, Sys 0 00:00:00  -  Run Local Usage
		Usr 0 00:02:11, Sys 0 00:00:03  -  Total Remote Usage
		Usr 0 00:00:00, Sys 0 00:00:00  -  Total Local Usage
	0  -  Run Bytes Sent By Job
	0  -  Run Bytes Received By Job
	0  -  Total Bytes Sent By Job
	0  -  Total Bytes Received By Job
	Partitionable Resources :    Usage  Request Allocated 
	   Cpus                 :     0.86        1         1 
	   Disk (KB)            :     1           1      2313 
	   GPUs                 :                           0 
	   Memory (MB)          :  1488        5120      5120 
	   TimeExecute (s)      :   161                       
	   TimeSlotBusy (s)     :   161                       
...
006 (11548320.001.000) 2026-07-29 15:59:51 Image size of job updated: 1516228
	1481  -  MemoryUsage of job (MB)
	1516228  -  ResidentSetSize of job (KB)
...
006 (11548320.000.000) 2026-07-29 15:59:51 Image size of job updated: 1525236
	1490  -  MemoryUsage of job (MB)
	1525236  -  ResidentSetSize of job (KB)
...
006 (11548320.009.000) 2026-07-29 15:59:51 Image size of job updated: 1521268
	1486  -  MemoryUsage of job (MB)
	1521260  -  ResidentSetSize of job (KB)
...
005 (11548320.009.000) 2026-07-29 15:59:51 Job terminated.
	(1) Normal termination (return value 0)
		Usr 0 00:02:10, Sys 0 00:00:04  -  Run Remote Usage
		Usr 0 00:00:00, Sys 0 00:00:00  -  Run Local Usage
		Usr 0 00:02:10, Sys 0 00:00:04  -  Total Remote Usage
		Usr 0 00:00:00, Sys 0 00:00:00  -  Total Local Usage
	0  -  Run Bytes Sent By Job
	0  -  Run Bytes Received By Job
	0  -  Total Bytes Sent By Job
	0  -  Total Bytes Received By Job
	Partitionable Resources :    Usage  Request Allocated 
	   Cpus                 :     0.91        1         1 
	   Disk (KB)            :     1           1      2313 
	   GPUs                 :                           0 
	   Memory (MB)          :  1486        5120      5120 
	   TimeExecute (s)      :   163                       
	   TimeSlotBusy (s)     :   164                       
...
006 (11548320.012.000) 2026-07-29 15:59:52 Image size of job updated: 1524040
	1489  -  MemoryUsage of job (MB)
	1524000  -  ResidentSetSize of job (KB)
...
005 (11548320.012.000) 2026-07-29 15:59:52 Job terminated.
	(1) Normal termination (return value 0)
		Usr 0 00:02:11, Sys 0 00:00:03  -  Run Remote Usage
		Usr 0 00:00:00, Sys 0 00:00:00  -  Run Local Usage
		Usr 0 00:02:11, Sys 0 00:00:03  -  Total Remote Usage
		Usr 0 00:00:00, Sys 0 00:00:00  -  Total Local Usage
	0  -  Run Bytes Sent By Job
	0  -  Run Bytes Received By Job
	0  -  Total Bytes Sent By Job
	0  -  Total Bytes Received By Job
	Partitionable Resources :    Usage  Request Allocated 
	   Cpus                 :     0.82        1         1 
	   Disk (KB)            :     1           1      2313 
	   GPUs                 :                           0 
	   Memory (MB)          :  1489        5120      5120 
	   TimeExecute (s)      :   164                       
	   TimeSlotBusy (s)     :   165                       
...
006 (11548320.002.000) 2026-07-29 15:59:54 Image size of job updated: 1524608
	1489  -  MemoryUsage of job (MB)
	1524592  -  ResidentSetSize of job (KB)
...
005 (11548320.002.000) 2026-07-29 15:59:54 Job terminated.
	(1) Normal termination (return value 0)
		Usr 0 00:02:08, Sys 0 00:00:04  -  Run Remote Usage
		Usr 0 00:00:00, Sys 0 00:00:00  -  Run Local Usage
		Usr 0 00:02:08, Sys 0 00:00:04  -  Total Remote Usage
		Usr 0 00:00:00, Sys 0 00:00:00  -  Total Local Usage
	0  -  Run Bytes Sent By Job
	0  -  Run Bytes Received By Job
	0  -  Total Bytes Sent By Job
	0  -  Total Bytes Received By Job
	Partitionable Resources :    Usage  Request Allocated 
	   Cpus                 :     0.82        1         1 
	   Disk (KB)            :     1           1      2313 
	   GPUs                 :                           0 
	   Memory (MB)          :  1489        5120      5120 
	   TimeExecute (s)      :   167                       
	   TimeSlotBusy (s)     :   167                       
...
006 (11548320.015.000) 2026-07-29 15:59:55 Image size of job updated: 1524968
	1489  -  MemoryUsage of job (MB)
	1524644  -  ResidentSetSize of job (KB)
...
005 (11548320.015.000) 2026-07-29 15:59:55 Job terminated.
	(1) Normal termination (return value 0)
		Usr 0 00:02:14, Sys 0 00:00:04  -  Run Remote Usage
		Usr 0 00:00:00, Sys 0 00:00:00  -  Run Local Usage
		Usr 0 00:02:14, Sys 0 00:00:04  -  Total Remote Usage
		Usr 0 00:00:00, Sys 0 00:00:00  -  Total Local Usage
	0  -  Run Bytes Sent By Job
	0  -  Run Bytes Received By Job
	0  -  Total Bytes Sent By Job
	0  -  Total Bytes Received By Job
	Partitionable Resources :    Usage  Request Allocated 
	   Cpus                 :     0.82        1         1 
	   Disk (KB)            :     1           1      2313 
	   GPUs                 :                           0 
	   Memory (MB)          :  1489        5120      5120 
	   TimeExecute (s)      :   167                       
	   TimeSlotBusy (s)     :   167                       
...
006 (11548320.010.000) 2026-07-29 15:59:56 Image size of job updated: 1524524
	1489  -  MemoryUsage of job (MB)
	1524240  -  ResidentSetSize of job (KB)
...
006 (11548320.016.000) 2026-07-29 15:59:56 Image size of job updated: 1516984
	1482  -  MemoryUsage of job (MB)
	1516620  -  ResidentSetSize of job (KB)
...
005 (11548320.016.000) 2026-07-29 15:59:56 Job terminated.
	(1) Normal termination (return value 0)
		Usr 0 00:02:14, Sys 0 00:00:04  -  Run Remote Usage
		Usr 0 00:00:00, Sys 0 00:00:00  -  Run Local Usage
		Usr 0 00:02:14, Sys 0 00:00:04  -  Total Remote Usage
		Usr 0 00:00:00, Sys 0 00:00:00  -  Total Local Usage
	0  -  Run Bytes Sent By Job
	0  -  Run Bytes Received By Job
	0  -  Total Bytes Sent By Job
	0  -  Total Bytes Received By Job
	Partitionable Resources :    Usage  Request Allocated 
	   Cpus                 :     0.85        1         1 
	   Disk (KB)            :     1           1      2313 
	   GPUs                 :                           0 
	   Memory (MB)          :  1482        5120      5120 
	   TimeExecute (s)      :   168                       
	   TimeSlotBusy (s)     :   168                       
...
005 (11548320.010.000) 2026-07-29 15:59:56 Job terminated.
	(1) Normal termination (return value 0)
		Usr 0 00:02:10, Sys 0 00:00:04  -  Run Remote Usage
		Usr 0 00:00:00, Sys 0 00:00:00  -  Run Local Usage
		Usr 0 00:02:10, Sys 0 00:00:04  -  Total Remote Usage
		Usr 0 00:00:00, Sys 0 00:00:00  -  Total Local Usage
	0  -  Run Bytes Sent By Job
	0  -  Run Bytes Received By Job
	0  -  Total Bytes Sent By Job
	0  -  Total Bytes Received By Job
	Partitionable Resources :    Usage  Request Allocated 
	   Cpus                 :     0.90        1         1 
	   Disk (KB)            :     1           1      2313 
	   GPUs                 :                           0 
	   Memory (MB)          :  1489        5120      5120 
	   TimeExecute (s)      :   168                       
	   TimeSlotBusy (s)     :   169                       
...
006 (11548320.004.000) 2026-07-29 15:59:56 Image size of job updated: 1521924
	1487  -  MemoryUsage of job (MB)
	1521872  -  ResidentSetSize of job (KB)
...
005 (11548320.004.000) 2026-07-29 15:59:56 Job terminated.
	(1) Normal termination (return value 0)
		Usr 0 00:02:10, Sys 0 00:00:04  -  Run Remote Usage
		Usr 0 00:00:00, Sys 0 00:00:00  -  Run Local Usage
		Usr 0 00:02:10, Sys 0 00:00:04  -  Total Remote Usage
		Usr 0 00:00:00, Sys 0 00:00:00  -  Total Local Usage
	0  -  Run Bytes Sent By Job
	0  -  Run Bytes Received By Job
	0  -  Total Bytes Sent By Job
	0  -  Total Bytes Received By Job
	Partitionable Resources :    Usage  Request Allocated 
	   Cpus                 :     0.98        1         1 
	   Disk (KB)            :     1           1      2313 
	   GPUs                 :                           0 
	   Memory (MB)          :  1487        5120      5120 
	   TimeExecute (s)      :   169                       
	   TimeSlotBusy (s)     :   169                       
...
006 (11548320.014.000) 2026-07-29 15:59:56 Image size of job updated: 1520684
	1485  -  MemoryUsage of job (MB)
	1520380  -  ResidentSetSize of job (KB)
...
005 (11548320.014.000) 2026-07-29 15:59:57 Job terminated.
	(1) Normal termination (return value 0)
		Usr 0 00:02:13, Sys 0 00:00:04  -  Run Remote Usage
		Usr 0 00:00:00, Sys 0 00:00:00  -  Run Local Usage
		Usr 0 00:02:13, Sys 0 00:00:04  -  Total Remote Usage
		Usr 0 00:00:00, Sys 0 00:00:00  -  Total Local Usage
	0  -  Run Bytes Sent By Job
	0  -  Run Bytes Received By Job
	0  -  Total Bytes Sent By Job
	0  -  Total Bytes Received By Job
	Partitionable Resources :    Usage  Request Allocated 
	   Cpus                 :     0.83        1         1 
	   Disk (KB)            :     1           1      2313 
	   GPUs                 :                           0 
	   Memory (MB)          :  1485        5120      5120 
	   TimeExecute (s)      :   168                       
	   TimeSlotBusy (s)     :   168                       
...
006 (11548320.007.000) 2026-07-29 15:59:58 Image size of job updated: 1526140
	1491  -  MemoryUsage of job (MB)
	1525836  -  ResidentSetSize of job (KB)
...
005 (11548320.007.000) 2026-07-29 15:59:58 Job terminated.
	(1) Normal termination (return value 0)
		Usr 0 00:02:08, Sys 0 00:00:03  -  Run Remote Usage
		Usr 0 00:00:00, Sys 0 00:00:00  -  Run Local Usage
		Usr 0 00:02:08, Sys 0 00:00:03  -  Total Remote Usage
		Usr 0 00:00:00, Sys 0 00:00:00  -  Total Local Usage
	0  -  Run Bytes Sent By Job
	0  -  Run Bytes Received By Job
	0  -  Total Bytes Sent By Job
	0  -  Total Bytes Received By Job
	Partitionable Resources :    Usage  Request Allocated 
	   Cpus                 :     0.95        1         1 
	   Disk (KB)            :     1           1      2313 
	   GPUs                 :                           0 
	   Memory (MB)          :  1491        5120      5120 
	   TimeExecute (s)      :   171                       
	   TimeSlotBusy (s)     :   171                       
...
006 (11548320.001.000) 2026-07-29 16:00:01 Image size of job updated: 1516516
	1481  -  MemoryUsage of job (MB)
	1516228  -  ResidentSetSize of job (KB)
...
005 (11548320.001.000) 2026-07-29 16:00:01 Job terminated.
	(1) Normal termination (return value 0)
		Usr 0 00:02:15, Sys 0 00:00:04  -  Run Remote Usage
		Usr 0 00:00:00, Sys 0 00:00:00  -  Run Local Usage
		Usr 0 00:02:15, Sys 0 00:00:04  -  Total Remote Usage
		Usr 0 00:00:00, Sys 0 00:00:00  -  Total Local Usage
	0  -  Run Bytes Sent By Job
	0  -  Run Bytes Received By Job
	0  -  Total Bytes Sent By Job
	0  -  Total Bytes Received By Job
	Partitionable Resources :    Usage  Request Allocated 
	   Cpus                 :     0.77        1         1 
	   Disk (KB)            :     1           1      2313 
	   GPUs                 :                           0 
	   Memory (MB)          :  1481        5120      5120 
	   TimeExecute (s)      :   174                       
	   TimeSlotBusy (s)     :   174                       
...
006 (11548320.006.000) 2026-07-29 16:00:03 Image size of job updated: 1521972
	1486  -  MemoryUsage of job (MB)
	1520952  -  ResidentSetSize of job (KB)
...
005 (11548320.006.000) 2026-07-29 16:00:03 Job terminated.
	(1) Normal termination (return value 0)
		Usr 0 00:02:10, Sys 0 00:00:04  -  Run Remote Usage
		Usr 0 00:00:00, Sys 0 00:00:00  -  Run Local Usage
		Usr 0 00:02:10, Sys 0 00:00:04  -  Total Remote Usage
		Usr 0 00:00:00, Sys 0 00:00:00  -  Total Local Usage
	0  -  Run Bytes Sent By Job
	0  -  Run Bytes Received By Job
	0  -  Total Bytes Sent By Job
	0  -  Total Bytes Received By Job
	Partitionable Resources :    Usage  Request Allocated 
	   Cpus                 :     0.81        1         1 
	   Disk (KB)            :     1           1      2313 
	   GPUs                 :                           0 
	   Memory (MB)          :  1486        5120      5120 
	   TimeExecute (s)      :   176                       
	   TimeSlotBusy (s)     :   176                       
...
006 (11548320.005.000) 2026-07-29 16:00:04 Image size of job updated: 1526124
	1490  -  MemoryUsage of job (MB)
	1525148  -  ResidentSetSize of job (KB)
...
005 (11548320.005.000) 2026-07-29 16:00:04 Job terminated.
	(1) Normal termination (return value 0)
		Usr 0 00:02:09, Sys 0 00:00:04  -  Run Remote Usage
		Usr 0 00:00:00, Sys 0 00:00:00  -  Run Local Usage
		Usr 0 00:02:09, Sys 0 00:00:04  -  Total Remote Usage
		Usr 0 00:00:00, Sys 0 00:00:00  -  Total Local Usage
	0  -  Run Bytes Sent By Job
	0  -  Run Bytes Received By Job
	0  -  Total Bytes Sent By Job
	0  -  Total Bytes Received By Job
	Partitionable Resources :    Usage  Request Allocated 
	   Cpus                 :     0.03        1         1 
	   Disk (KB)            :     1           1      2313 
	   GPUs                 :                           0 
	   Memory (MB)          :  1490        5120      5120 
	   TimeExecute (s)      :   177                       
	   TimeSlotBusy (s)     :   177                       
...
006 (11548320.003.000) 2026-07-29 16:00:04 Image size of job updated: 1526588
	1490  -  MemoryUsage of job (MB)
	1525560  -  ResidentSetSize of job (KB)
...
005 (11548320.003.000) 2026-07-29 16:00:04 Job terminated.
	(1) Normal termination (return value 0)
		Usr 0 00:02:12, Sys 0 00:00:03  -  Run Remote Usage
		Usr 0 00:00:00, Sys 0 00:00:00  -  Run Local Usage
		Usr 0 00:02:12, Sys 0 00:00:03  -  Total Remote Usage
		Usr 0 00:00:00, Sys 0 00:00:00  -  Total Local Usage
	0  -  Run Bytes Sent By Job
	0  -  Run Bytes Received By Job
	0  -  Total Bytes Sent By Job
	0  -  Total Bytes Received By Job
	Partitionable Resources :    Usage  Request Allocated 
	   Cpus                 :     0.83        1         1 
	   Disk (KB)            :     1           1      2313 
	   GPUs                 :                           0 
	   Memory (MB)          :  1490        5120      5120 
	   TimeExecute (s)      :   177                       
	   TimeSlotBusy (s)     :   177                       
...
006 (11548320.000.000) 2026-07-29 16:00:10 Image size of job updated: 1526156
	1490  -  MemoryUsage of job (MB)
	1525236  -  ResidentSetSize of job (KB)
...
005 (11548320.000.000) 2026-07-29 16:00:10 Job terminated.
	(1) Normal termination (return value 0)
		Usr 0 00:02:13, Sys 0 00:00:05  -  Run Remote Usage
		Usr 0 00:00:00, Sys 0 00:00:00  -  Run Local Usage
		Usr 0 00:02:13, Sys 0 00:00:05  -  Total Remote Usage
		Usr 0 00:00:00, Sys 0 00:00:00  -  Total Local Usage
	0  -  Run Bytes Sent By Job
	0  -  Run Bytes Received By Job
	0  -  Total Bytes Sent By Job
	0  -  Total Bytes Received By Job
	Partitionable Resources :    Usage  Request Allocated 
	   Cpus                 :     0.98        1         1 
	   Disk (KB)            :     1           1      2313 
	   GPUs                 :                           0 
	   Memory (MB)          :  1490        5120      5120 
	   TimeExecute (s)      :   183                       
	   TimeSlotBusy (s)     :   183                       
...
006 (11548320.019.000) 2026-07-29 16:00:11 Image size of job updated: 1521144
	1486  -  MemoryUsage of job (MB)
	1521144  -  ResidentSetSize of job (KB)
...
006 (11548320.017.000) 2026-07-29 16:00:12 Image size of job updated: 1515164
	1480  -  MemoryUsage of job (MB)
	1515164  -  ResidentSetSize of job (KB)
...
006 (11548320.018.000) 2026-07-29 16:00:12 Image size of job updated: 1521084
	1486  -  MemoryUsage of job (MB)
	1521084  -  ResidentSetSize of job (KB)
...
005 (11548320.019.000) 2026-07-29 16:00:13 Job terminated.
	(1) Normal termination (return value 0)
		Usr 0 00:02:10, Sys 0 00:00:04  -  Run Remote Usage
		Usr 0 00:00:00, Sys 0 00:00:00  -  Run Local Usage
		Usr 0 00:02:10, Sys 0 00:00:04  -  Total Remote Usage
		Usr 0 00:00:00, Sys 0 00:00:00  -  Total Local Usage
	0  -  Run Bytes Sent By Job
	0  -  Run Bytes Received By Job
	0  -  Total Bytes Sent By Job
	0  -  Total Bytes Received By Job
	Partitionable Resources :    Usage  Request Allocated 
	   Cpus                 :     0.86        1         1 
	   Disk (KB)            :     1           1      2313 
	   GPUs                 :                           0 
	   Memory (MB)          :  1486        5120      5120 
	   TimeExecute (s)      :   165                       
	   TimeSlotBusy (s)     :   165                       
...
005 (11548320.017.000) 2026-07-29 16:00:13 Job terminated.
	(1) Normal termination (return value 0)
		Usr 0 00:02:11, Sys 0 00:00:04  -  Run Remote Usage
		Usr 0 00:00:00, Sys 0 00:00:00  -  Run Local Usage
		Usr 0 00:02:11, Sys 0 00:00:04  -  Total Remote Usage
		Usr 0 00:00:00, Sys 0 00:00:00  -  Total Local Usage
	0  -  Run Bytes Sent By Job
	0  -  Run Bytes Received By Job
	0  -  Total Bytes Sent By Job
	0  -  Total Bytes Received By Job
	Partitionable Resources :    Usage  Request Allocated 
	   Cpus                 :     0.84        1         1 
	   Disk (KB)            :     1           1      2313 
	   GPUs                 :                           0 
	   Memory (MB)          :  1480        5120      5120 
	   TimeExecute (s)      :   165                       
	   TimeSlotBusy (s)     :   165                       
...
006 (11548320.018.000) 2026-07-29 16:00:14 Image size of job updated: 1521096
	1486  -  MemoryUsage of job (MB)
	1521084  -  ResidentSetSize of job (KB)
...
005 (11548320.018.000) 2026-07-29 16:00:14 Job terminated.
	(1) Normal termination (return value 0)
		Usr 0 00:02:12, Sys 0 00:00:03  -  Run Remote Usage
		Usr 0 00:00:00, Sys 0 00:00:00  -  Run Local Usage
		Usr 0 00:02:12, Sys 0 00:00:03  -  Total Remote Usage
		Usr 0 00:00:00, Sys 0 00:00:00  -  Total Local Usage
	0  -  Run Bytes Sent By Job
	0  -  Run Bytes Received By Job
	0  -  Total Bytes Sent By Job
	0  -  Total Bytes Received By Job
	Partitionable Resources :    Usage  Request Allocated 
	   Cpus                 :     0.95        1         1 
	   Disk (KB)            :     1           1      2313 
	   GPUs                 :                           0 
	   Memory (MB)          :  1486        5120      5120 
	   TimeExecute (s)      :   166                       
	   TimeSlotBusy (s)     :   166                       
...
