000 (11548321.000.000) 2026-07-29 15:56:56 Job submitted from host: <157.82.112.73:961?addrs=157.82.112.73-961&alias=lxmaster02.icepp.jp&noUDP&sock=schedd_16294_e83e>
...
000 (11548321.001.000) 2026-07-29 15:56:56 Job submitted from host: <157.82.112.73:961?addrs=157.82.112.73-961&alias=lxmaster02.icepp.jp&noUDP&sock=schedd_16294_e83e>
...
000 (11548321.010.000) 2026-07-29 15:56:56 Job submitted from host: <157.82.112.73:961?addrs=157.82.112.73-961&alias=lxmaster02.icepp.jp&noUDP&sock=schedd_16294_e83e>
...
000 (11548321.011.000) 2026-07-29 15:56:56 Job submitted from host: <157.82.112.73:961?addrs=157.82.112.73-961&alias=lxmaster02.icepp.jp&noUDP&sock=schedd_16294_e83e>
...
000 (11548321.012.000) 2026-07-29 15:56:56 Job submitted from host: <157.82.112.73:961?addrs=157.82.112.73-961&alias=lxmaster02.icepp.jp&noUDP&sock=schedd_16294_e83e>
...
000 (11548321.013.000) 2026-07-29 15:56:56 Job submitted from host: <157.82.112.73:961?addrs=157.82.112.73-961&alias=lxmaster02.icepp.jp&noUDP&sock=schedd_16294_e83e>
...
000 (11548321.014.000) 2026-07-29 15:56:56 Job submitted from host: <157.82.112.73:961?addrs=157.82.112.73-961&alias=lxmaster02.icepp.jp&noUDP&sock=schedd_16294_e83e>
...
000 (11548321.015.000) 2026-07-29 15:56:56 Job submitted from host: <157.82.112.73:961?addrs=157.82.112.73-961&alias=lxmaster02.icepp.jp&noUDP&sock=schedd_16294_e83e>
...
000 (11548321.016.000) 2026-07-29 15:56:56 Job submitted from host: <157.82.112.73:961?addrs=157.82.112.73-961&alias=lxmaster02.icepp.jp&noUDP&sock=schedd_16294_e83e>
...
000 (11548321.017.000) 2026-07-29 15:56:56 Job submitted from host: <157.82.112.73:961?addrs=157.82.112.73-961&alias=lxmaster02.icepp.jp&noUDP&sock=schedd_16294_e83e>
...
000 (11548321.018.000) 2026-07-29 15:56:56 Job submitted from host: <157.82.112.73:961?addrs=157.82.112.73-961&alias=lxmaster02.icepp.jp&noUDP&sock=schedd_16294_e83e>
...
000 (11548321.019.000) 2026-07-29 15:56:56 Job submitted from host: <157.82.112.73:961?addrs=157.82.112.73-961&alias=lxmaster02.icepp.jp&noUDP&sock=schedd_16294_e83e>
...
000 (11548321.002.000) 2026-07-29 15:56:56 Job submitted from host: <157.82.112.73:961?addrs=157.82.112.73-961&alias=lxmaster02.icepp.jp&noUDP&sock=schedd_16294_e83e>
...
000 (11548321.003.000) 2026-07-29 15:56:56 Job submitted from host: <157.82.112.73:961?addrs=157.82.112.73-961&alias=lxmaster02.icepp.jp&noUDP&sock=schedd_16294_e83e>
...
000 (11548321.004.000) 2026-07-29 15:56:56 Job submitted from host: <157.82.112.73:961?addrs=157.82.112.73-961&alias=lxmaster02.icepp.jp&noUDP&sock=schedd_16294_e83e>
...
000 (11548321.005.000) 2026-07-29 15:56:56 Job submitted from host: <157.82.112.73:961?addrs=157.82.112.73-961&alias=lxmaster02.icepp.jp&noUDP&sock=schedd_16294_e83e>
...
000 (11548321.006.000) 2026-07-29 15:56:56 Job submitted from host: <157.82.112.73:961?addrs=157.82.112.73-961&alias=lxmaster02.icepp.jp&noUDP&sock=schedd_16294_e83e>
...
000 (11548321.007.000) 2026-07-29 15:56:56 Job submitted from host: <157.82.112.73:961?addrs=157.82.112.73-961&alias=lxmaster02.icepp.jp&noUDP&sock=schedd_16294_e83e>
...
000 (11548321.008.000) 2026-07-29 15:56:56 Job submitted from host: <157.82.112.73:961?addrs=157.82.112.73-961&alias=lxmaster02.icepp.jp&noUDP&sock=schedd_16294_e83e>
...
000 (11548321.009.000) 2026-07-29 15:56:56 Job submitted from host: <157.82.112.73:961?addrs=157.82.112.73-961&alias=lxmaster02.icepp.jp&noUDP&sock=schedd_16294_e83e>
...
001 (11548321.000.000) 2026-07-29 15:57:28 Job executing on host: <157.82.114.23:961?addrs=157.82.114.23-961+[2404-d540-1-589-3-2-1-623]-961&alias=lxb062-3.icepp.jp&noUDP&sock=startd_16828_2fd1>
	SlotName: slot1_6@lxb062-3.icepp.jp
	CondorScratchDir = "/pool/condor/execute/dir_2626392"
	Cpus = 1
	Disk = 2313
	GPUs = 0
	Memory = 5120
...
001 (11548321.001.000) 2026-07-29 15:57:28 Job executing on host: <157.82.114.29:961?addrs=157.82.114.29-961+[2404-d540-1-589-3-2-1-641]-961&alias=lxb064-1.icepp.jp&noUDP&sock=startd_16330_99a7>
	SlotName: slot1_4@lxb064-1.icepp.jp
	CondorScratchDir = "/pool/condor/execute/dir_970191"
	Cpus = 1
	Disk = 2313
	GPUs = 0
	Memory = 5120
...
001 (11548321.002.000) 2026-07-29 15:57:28 Job executing on host: <157.82.114.3:961?addrs=157.82.114.3-961+[2404-d540-1-589-3-2-1-573]-961&alias=lxb057-3.icepp.jp&noUDP&sock=startd_16816_f4ae>
	SlotName: slot1_6@lxb057-3.icepp.jp
	CondorScratchDir = "/pool/condor/execute/dir_3026522"
	Cpus = 1
	Disk = 2313
	GPUs = 0
	Memory = 5120
...
001 (11548321.003.000) 2026-07-29 15:57:28 Job executing on host: <157.82.114.13:961?addrs=157.82.114.13-961+[2404-d540-1-589-3-2-1-601]-961&alias=lxb060-1.icepp.jp&noUDP&sock=startd_16647_092c>
	SlotName: slot1_7@lxb060-1.icepp.jp
	CondorScratchDir = "/pool/condor/execute/dir_2468452"
	Cpus = 1
	Disk = 2313
	GPUs = 0
	Memory = 5120
...
001 (11548321.004.000) 2026-07-29 15:57:28 Job executing on host: <157.82.114.2:961?addrs=157.82.114.2-961+[2404-d540-1-589-3-2-1-572]-961&alias=lxb057-2.icepp.jp&noUDP&sock=startd_16793_2e00>
	SlotName: slot1_30@lxb057-2.icepp.jp
	CondorScratchDir = "/pool/condor/execute/dir_3446735"
	Cpus = 1
	Disk = 2313
	GPUs = 0
	Memory = 5120
...
001 (11548321.005.000) 2026-07-29 15:57:28 Job executing on host: <157.82.114.12:961?addrs=157.82.114.12-961+[2404-d540-1-589-3-2-1-594]-961&alias=lxb059-4.icepp.jp&noUDP&sock=startd_16227_f365>
	SlotName: slot1_30@lxb059-4.icepp.jp
	CondorScratchDir = "/pool/condor/execute/dir_3937814"
	Cpus = 1
	Disk = 2313
	GPUs = 0
	Memory = 5120
...
006 (11548321.005.000) 2026-07-29 15:57:37 Image size of job updated: 254768
	249  -  MemoryUsage of job (MB)
	254768  -  ResidentSetSize of job (KB)
...
006 (11548321.000.000) 2026-07-29 15:57:37 Image size of job updated: 291120
	285  -  MemoryUsage of job (MB)
	291120  -  ResidentSetSize of job (KB)
...
006 (11548321.001.000) 2026-07-29 15:57:37 Image size of job updated: 260500
	255  -  MemoryUsage of job (MB)
	260500  -  ResidentSetSize of job (KB)
...
006 (11548321.002.000) 2026-07-29 15:57:37 Image size of job updated: 285712
	280  -  MemoryUsage of job (MB)
	285712  -  ResidentSetSize of job (KB)
...
006 (11548321.003.000) 2026-07-29 15:57:37 Image size of job updated: 274792
	269  -  MemoryUsage of job (MB)
	274792  -  ResidentSetSize of job (KB)
...
006 (11548321.004.000) 2026-07-29 15:57:37 Image size of job updated: 358136
	350  -  MemoryUsage of job (MB)
	358136  -  ResidentSetSize of job (KB)
...
001 (11548321.006.000) 2026-07-29 15:57:48 Job executing on host: <157.82.114.16:961?addrs=157.82.114.16-961+[2404-d540-1-589-3-2-1-604]-961&alias=lxb060-4.icepp.jp&noUDP&sock=startd_16266_b397>
	SlotName: slot1_24@lxb060-4.icepp.jp
	CondorScratchDir = "/pool/condor/execute/dir_3225659"
	Cpus = 1
	Disk = 2313
	GPUs = 0
	Memory = 5120
...
001 (11548321.007.000) 2026-07-29 15:57:48 Job executing on host: <157.82.114.20:961?addrs=157.82.114.20-961+[2404-d540-1-589-3-2-1-614]-961&alias=lxb061-4.icepp.jp&noUDP&sock=startd_16438_ade1>
	SlotName: slot1_32@lxb061-4.icepp.jp
	CondorScratchDir = "/pool/condor/execute/dir_1621005"
	Cpus = 1
	Disk = 2313
	GPUs = 0
	Memory = 5120
...
001 (11548321.008.000) 2026-07-29 15:57:48 Job executing on host: <157.82.114.24:961?addrs=157.82.114.24-961+[2404-d540-1-589-3-2-1-624]-961&alias=lxb062-4.icepp.jp&noUDP&sock=startd_15855_ca2a>
	SlotName: slot1_46@lxb062-4.icepp.jp
	CondorScratchDir = "/pool/condor/execute/dir_3681635"
	Cpus = 1
	Disk = 2313
	GPUs = 0
	Memory = 5120
...
006 (11548321.006.000) 2026-07-29 15:57:57 Image size of job updated: 247740
	242  -  MemoryUsage of job (MB)
	247740  -  ResidentSetSize of job (KB)
...
006 (11548321.007.000) 2026-07-29 15:57:57 Image size of job updated: 289928
	284  -  MemoryUsage of job (MB)
	289928  -  ResidentSetSize of job (KB)
...
006 (11548321.008.000) 2026-07-29 15:57:57 Image size of job updated: 282284
	276  -  MemoryUsage of job (MB)
	282284  -  ResidentSetSize of job (KB)
...
006 (11548321.005.000) 2026-07-29 15:58:07 Image size of job updated: 914452
	894  -  MemoryUsage of job (MB)
	914452  -  ResidentSetSize of job (KB)
...
006 (11548321.003.000) 2026-07-29 15:58:08 Image size of job updated: 907136
	886  -  MemoryUsage of job (MB)
	907136  -  ResidentSetSize of job (KB)
...
006 (11548321.004.000) 2026-07-29 15:58:08 Image size of job updated: 916996
	896  -  MemoryUsage of job (MB)
	916996  -  ResidentSetSize of job (KB)
...
006 (11548321.000.000) 2026-07-29 15:58:08 Image size of job updated: 918568
	898  -  MemoryUsage of job (MB)
	918568  -  ResidentSetSize of job (KB)
...
006 (11548321.001.000) 2026-07-29 15:58:08 Image size of job updated: 914836
	894  -  MemoryUsage of job (MB)
	914836  -  ResidentSetSize of job (KB)
...
001 (11548321.010.000) 2026-07-29 15:58:08 Job executing on host: <157.82.114.14:961?addrs=157.82.114.14-961+[2404-d540-1-589-3-2-1-602]-961&alias=lxb060-2.icepp.jp&noUDP&sock=startd_16472_0019>
	SlotName: slot1_23@lxb060-2.icepp.jp
	CondorScratchDir = "/pool/condor/execute/dir_3842886"
	Cpus = 1
	Disk = 2313
	GPUs = 0
	Memory = 5120
...
001 (11548321.009.000) 2026-07-29 15:58:08 Job executing on host: <157.82.114.21:961?addrs=157.82.114.21-961+[2404-d540-1-589-3-2-1-621]-961&alias=lxb062-1.icepp.jp&noUDP&sock=startd_16821_62a7>
	SlotName: slot1_19@lxb062-1.icepp.jp
	CondorScratchDir = "/pool/condor/execute/dir_4097485"
	Cpus = 1
	Disk = 2313
	GPUs = 0
	Memory = 5120
...
006 (11548321.002.000) 2026-07-29 15:58:08 Image size of job updated: 916356
	895  -  MemoryUsage of job (MB)
	916356  -  ResidentSetSize of job (KB)
...
001 (11548321.011.000) 2026-07-29 15:58:08 Job executing on host: <157.82.114.24:961?addrs=157.82.114.24-961+[2404-d540-1-589-3-2-1-624]-961&alias=lxb062-4.icepp.jp&noUDP&sock=startd_15855_ca2a>
	SlotName: slot1_5@lxb062-4.icepp.jp
	CondorScratchDir = "/pool/condor/execute/dir_3998072"
	Cpus = 1
	Disk = 2313
	GPUs = 0
	Memory = 5120
...
006 (11548321.009.000) 2026-07-29 15:58:17 Image size of job updated: 251200
	246  -  MemoryUsage of job (MB)
	251200  -  ResidentSetSize of job (KB)
...
006 (11548321.011.000) 2026-07-29 15:58:17 Image size of job updated: 256484
	251  -  MemoryUsage of job (MB)
	256484  -  ResidentSetSize of job (KB)
...
006 (11548321.010.000) 2026-07-29 15:58:18 Image size of job updated: 340920
	333  -  MemoryUsage of job (MB)
	340920  -  ResidentSetSize of job (KB)
...
001 (11548321.012.000) 2026-07-29 15:58:28 Job executing on host: <157.82.114.2:961?addrs=157.82.114.2-961+[2404-d540-1-589-3-2-1-572]-961&alias=lxb057-2.icepp.jp&noUDP&sock=startd_16793_2e00>
	SlotName: slot1_15@lxb057-2.icepp.jp
	CondorScratchDir = "/pool/condor/execute/dir_3461814"
	Cpus = 1
	Disk = 2313
	GPUs = 0
	Memory = 5120
...
001 (11548321.014.000) 2026-07-29 15:58:28 Job executing on host: <157.82.114.24:961?addrs=157.82.114.24-961+[2404-d540-1-589-3-2-1-624]-961&alias=lxb062-4.icepp.jp&noUDP&sock=startd_15855_ca2a>
	SlotName: slot1_22@lxb062-4.icepp.jp
	CondorScratchDir = "/pool/condor/execute/dir_119307"
	Cpus = 1
	Disk = 2313
	GPUs = 0
	Memory = 5120
...
001 (11548321.013.000) 2026-07-29 15:58:28 Job executing on host: <157.82.114.17:961?addrs=157.82.114.17-961+[2404-d540-1-589-3-2-1-611]-961&alias=lxb061-1.icepp.jp&noUDP&sock=startd_16296_476e>
	SlotName: slot1_3@lxb061-1.icepp.jp
	CondorScratchDir = "/pool/condor/execute/dir_2720957"
	Cpus = 1
	Disk = 2313
	GPUs = 0
	Memory = 5120
...
001 (11548321.015.000) 2026-07-29 15:58:28 Job executing on host: <157.82.114.29:961?addrs=157.82.114.29-961+[2404-d540-1-589-3-2-1-641]-961&alias=lxb064-1.icepp.jp&noUDP&sock=startd_16330_99a7>
	SlotName: slot1_2@lxb064-1.icepp.jp
	CondorScratchDir = "/pool/condor/execute/dir_1536305"
	Cpus = 1
	Disk = 2313
	GPUs = 0
	Memory = 5120
...
001 (11548321.016.000) 2026-07-29 15:58:28 Job executing on host: <157.82.114.22:961?addrs=157.82.114.22-961+[2404-d540-1-589-3-2-1-622]-961&alias=lxb062-2.icepp.jp&noUDP&sock=startd_16439_5d79>
	SlotName: slot1_38@lxb062-2.icepp.jp
	CondorScratchDir = "/pool/condor/execute/dir_868384"
	Cpus = 1
	Disk = 2313
	GPUs = 0
	Memory = 5120
...
006 (11548321.006.000) 2026-07-29 15:58:28 Image size of job updated: 918580
	898  -  MemoryUsage of job (MB)
	918580  -  ResidentSetSize of job (KB)
...
006 (11548321.007.000) 2026-07-29 15:58:28 Image size of job updated: 918736
	898  -  MemoryUsage of job (MB)
	918736  -  ResidentSetSize of job (KB)
...
001 (11548321.017.000) 2026-07-29 15:58:28 Job executing on host: <157.82.114.27:961?addrs=157.82.114.27-961+[2404-d540-1-589-3-2-1-633]-961&alias=lxb063-3.icepp.jp&noUDP&sock=startd_16811_86b4>
	SlotName: slot1_10@lxb063-3.icepp.jp
	CondorScratchDir = "/pool/condor/execute/dir_3730088"
	Cpus = 1
	Disk = 2313
	GPUs = 0
	Memory = 5120
...
001 (11548321.018.000) 2026-07-29 15:58:28 Job executing on host: <157.82.114.21:961?addrs=157.82.114.21-961+[2404-d540-1-589-3-2-1-621]-961&alias=lxb062-1.icepp.jp&noUDP&sock=startd_16821_62a7>
	SlotName: slot1_36@lxb062-1.icepp.jp
	CondorScratchDir = "/pool/condor/execute/dir_4118372"
	Cpus = 1
	Disk = 2313
	GPUs = 0
	Memory = 5120
...
001 (11548321.019.000) 2026-07-29 15:58:28 Job executing on host: <157.82.114.2:961?addrs=157.82.114.2-961+[2404-d540-1-589-3-2-1-572]-961&alias=lxb057-2.icepp.jp&noUDP&sock=startd_16793_2e00>
	SlotName: slot1_21@lxb057-2.icepp.jp
	CondorScratchDir = "/pool/condor/execute/dir_3461870"
	Cpus = 1
	Disk = 2313
	GPUs = 0
	Memory = 5120
...
006 (11548321.008.000) 2026-07-29 15:58:28 Image size of job updated: 916676
	896  -  MemoryUsage of job (MB)
	916676  -  ResidentSetSize of job (KB)
...
006 (11548321.005.000) 2026-07-29 15:58:37 Image size of job updated: 1229660
	1201  -  MemoryUsage of job (MB)
	1229660  -  ResidentSetSize of job (KB)
...
006 (11548321.012.000) 2026-07-29 15:58:37 Image size of job updated: 334204
	327  -  MemoryUsage of job (MB)
	334204  -  ResidentSetSize of job (KB)
...
006 (11548321.014.000) 2026-07-29 15:58:37 Image size of job updated: 278832
	273  -  MemoryUsage of job (MB)
	278832  -  ResidentSetSize of job (KB)
...
006 (11548321.015.000) 2026-07-29 15:58:37 Image size of job updated: 340528
	333  -  MemoryUsage of job (MB)
	340528  -  ResidentSetSize of job (KB)
...
006 (11548321.013.000) 2026-07-29 15:58:37 Image size of job updated: 126952
	124  -  MemoryUsage of job (MB)
	126952  -  ResidentSetSize of job (KB)
...
006 (11548321.016.000) 2026-07-29 15:58:37 Image size of job updated: 212216
	208  -  MemoryUsage of job (MB)
	212216  -  ResidentSetSize of job (KB)
...
006 (11548321.017.000) 2026-07-29 15:58:37 Image size of job updated: 266008
	260  -  MemoryUsage of job (MB)
	266008  -  ResidentSetSize of job (KB)
...
006 (11548321.018.000) 2026-07-29 15:58:37 Image size of job updated: 295572
	289  -  MemoryUsage of job (MB)
	295572  -  ResidentSetSize of job (KB)
...
006 (11548321.019.000) 2026-07-29 15:58:37 Image size of job updated: 353804
	346  -  MemoryUsage of job (MB)
	353804  -  ResidentSetSize of job (KB)
...
006 (11548321.003.000) 2026-07-29 15:58:38 Image size of job updated: 1181540
	1154  -  MemoryUsage of job (MB)
	1181540  -  ResidentSetSize of job (KB)
...
006 (11548321.004.000) 2026-07-29 15:58:38 Image size of job updated: 1255024
	1226  -  MemoryUsage of job (MB)
	1255024  -  ResidentSetSize of job (KB)
...
006 (11548321.002.000) 2026-07-29 15:58:39 Image size of job updated: 1287996
	1258  -  MemoryUsage of job (MB)
	1287996  -  ResidentSetSize of job (KB)
...
006 (11548321.000.000) 2026-07-29 15:58:39 Image size of job updated: 1226152
	1198  -  MemoryUsage of job (MB)
	1226152  -  ResidentSetSize of job (KB)
...
006 (11548321.001.000) 2026-07-29 15:58:40 Image size of job updated: 1251848
	1223  -  MemoryUsage of job (MB)
	1251848  -  ResidentSetSize of job (KB)
...
006 (11548321.009.000) 2026-07-29 15:58:47 Image size of job updated: 908348
	888  -  MemoryUsage of job (MB)
	908348  -  ResidentSetSize of job (KB)
...
006 (11548321.011.000) 2026-07-29 15:58:47 Image size of job updated: 917616
	897  -  MemoryUsage of job (MB)
	917616  -  ResidentSetSize of job (KB)
...
006 (11548321.010.000) 2026-07-29 15:58:48 Image size of job updated: 915648
	895  -  MemoryUsage of job (MB)
	915648  -  ResidentSetSize of job (KB)
...
006 (11548321.008.000) 2026-07-29 15:58:59 Image size of job updated: 1238768
	1210  -  MemoryUsage of job (MB)
	1238768  -  ResidentSetSize of job (KB)
...
006 (11548321.006.000) 2026-07-29 15:58:59 Image size of job updated: 1284908
	1255  -  MemoryUsage of job (MB)
	1284908  -  ResidentSetSize of job (KB)
...
006 (11548321.007.000) 2026-07-29 15:58:59 Image size of job updated: 1299040
	1269  -  MemoryUsage of job (MB)
	1299040  -  ResidentSetSize of job (KB)
...
006 (11548321.005.000) 2026-07-29 15:59:07 Image size of job updated: 1494952
	1460  -  MemoryUsage of job (MB)
	1494952  -  ResidentSetSize of job (KB)
...
006 (11548321.019.000) 2026-07-29 15:59:08 Image size of job updated: 916656
	896  -  MemoryUsage of job (MB)
	916656  -  ResidentSetSize of job (KB)
...
006 (11548321.003.000) 2026-07-29 15:59:08 Image size of job updated: 1482676
	1448  -  MemoryUsage of job (MB)
	1482676  -  ResidentSetSize of job (KB)
...
006 (11548321.004.000) 2026-07-29 15:59:08 Image size of job updated: 1487864
	1453  -  MemoryUsage of job (MB)
	1487864  -  ResidentSetSize of job (KB)
...
006 (11548321.012.000) 2026-07-29 15:59:08 Image size of job updated: 907420
	887  -  MemoryUsage of job (MB)
	907420  -  ResidentSetSize of job (KB)
...
006 (11548321.014.000) 2026-07-29 15:59:08 Image size of job updated: 918288
	897  -  MemoryUsage of job (MB)
	918288  -  ResidentSetSize of job (KB)
...
006 (11548321.015.000) 2026-07-29 15:59:08 Image size of job updated: 917180
	896  -  MemoryUsage of job (MB)
	917180  -  ResidentSetSize of job (KB)
...
006 (11548321.013.000) 2026-07-29 15:59:08 Image size of job updated: 916416
	895  -  MemoryUsage of job (MB)
	916416  -  ResidentSetSize of job (KB)
...
006 (11548321.016.000) 2026-07-29 15:59:08 Image size of job updated: 917328
	896  -  MemoryUsage of job (MB)
	917328  -  ResidentSetSize of job (KB)
...
006 (11548321.017.000) 2026-07-29 15:59:08 Image size of job updated: 918712
	898  -  MemoryUsage of job (MB)
	918712  -  ResidentSetSize of job (KB)
...
006 (11548321.018.000) 2026-07-29 15:59:08 Image size of job updated: 916656
	896  -  MemoryUsage of job (MB)
	916656  -  ResidentSetSize of job (KB)
...
006 (11548321.002.000) 2026-07-29 15:59:09 Image size of job updated: 1495608
	1461  -  MemoryUsage of job (MB)
	1495608  -  ResidentSetSize of job (KB)
...
006 (11548321.000.000) 2026-07-29 15:59:10 Image size of job updated: 1489608
	1455  -  MemoryUsage of job (MB)
	1489608  -  ResidentSetSize of job (KB)
...
006 (11548321.001.000) 2026-07-29 15:59:10 Image size of job updated: 1488232
	1454  -  MemoryUsage of job (MB)
	1488232  -  ResidentSetSize of job (KB)
...
006 (11548321.009.000) 2026-07-29 15:59:17 Image size of job updated: 1239576
	1211  -  MemoryUsage of job (MB)
	1239576  -  ResidentSetSize of job (KB)
...
006 (11548321.011.000) 2026-07-29 15:59:17 Image size of job updated: 1229596
	1201  -  MemoryUsage of job (MB)
	1229596  -  ResidentSetSize of job (KB)
...
006 (11548321.010.000) 2026-07-29 15:59:18 Image size of job updated: 1261668
	1233  -  MemoryUsage of job (MB)
	1261668  -  ResidentSetSize of job (KB)
...
006 (11548321.008.000) 2026-07-29 15:59:29 Image size of job updated: 1497784
	1463  -  MemoryUsage of job (MB)
	1497784  -  ResidentSetSize of job (KB)
...
006 (11548321.006.000) 2026-07-29 15:59:30 Image size of job updated: 1516996
	1482  -  MemoryUsage of job (MB)
	1516996  -  ResidentSetSize of job (KB)
...
006 (11548321.007.000) 2026-07-29 15:59:30 Image size of job updated: 1516472
	1481  -  MemoryUsage of job (MB)
	1516472  -  ResidentSetSize of job (KB)
...
006 (11548321.005.000) 2026-07-29 15:59:37 Image size of job updated: 1519520
	1484  -  MemoryUsage of job (MB)
	1519520  -  ResidentSetSize of job (KB)
...
006 (11548321.019.000) 2026-07-29 15:59:38 Image size of job updated: 1304428
	1274  -  MemoryUsage of job (MB)
	1304428  -  ResidentSetSize of job (KB)
...
006 (11548321.003.000) 2026-07-29 15:59:38 Image size of job updated: 1511460
	1477  -  MemoryUsage of job (MB)
	1511460  -  ResidentSetSize of job (KB)
...
006 (11548321.004.000) 2026-07-29 15:59:38 Image size of job updated: 1514996
	1480  -  MemoryUsage of job (MB)
	1514996  -  ResidentSetSize of job (KB)
...
006 (11548321.017.000) 2026-07-29 15:59:39 Image size of job updated: 1276292
	1247  -  MemoryUsage of job (MB)
	1276292  -  ResidentSetSize of job (KB)
...
006 (11548321.018.000) 2026-07-29 15:59:39 Image size of job updated: 1291204
	1261  -  MemoryUsage of job (MB)
	1291204  -  ResidentSetSize of job (KB)
...
006 (11548321.002.000) 2026-07-29 15:59:39 Image size of job updated: 1518364
	1483  -  MemoryUsage of job (MB)
	1518364  -  ResidentSetSize of job (KB)
...
006 (11548321.012.000) 2026-07-29 15:59:39 Image size of job updated: 1262504
	1233  -  MemoryUsage of job (MB)
	1262504  -  ResidentSetSize of job (KB)
...
006 (11548321.014.000) 2026-07-29 15:59:39 Image size of job updated: 1305324
	1275  -  MemoryUsage of job (MB)
	1305324  -  ResidentSetSize of job (KB)
...
006 (11548321.015.000) 2026-07-29 15:59:39 Image size of job updated: 1347444
	1316  -  MemoryUsage of job (MB)
	1347444  -  ResidentSetSize of job (KB)
...
006 (11548321.013.000) 2026-07-29 15:59:39 Image size of job updated: 1188092
	1161  -  MemoryUsage of job (MB)
	1188092  -  ResidentSetSize of job (KB)
...
006 (11548321.016.000) 2026-07-29 15:59:39 Image size of job updated: 1257528
	1229  -  MemoryUsage of job (MB)
	1257528  -  ResidentSetSize of job (KB)
...
006 (11548321.000.000) 2026-07-29 15:59:40 Image size of job updated: 1518320
	1483  -  MemoryUsage of job (MB)
	1518320  -  ResidentSetSize of job (KB)
...
006 (11548321.001.000) 2026-07-29 15:59:40 Image size of job updated: 1511932
	1477  -  MemoryUsage of job (MB)
	1511932  -  ResidentSetSize of job (KB)
...
006 (11548321.009.000) 2026-07-29 15:59:47 Image size of job updated: 1506916
	1472  -  MemoryUsage of job (MB)
	1506916  -  ResidentSetSize of job (KB)
...
006 (11548321.011.000) 2026-07-29 15:59:47 Image size of job updated: 1497124
	1463  -  MemoryUsage of job (MB)
	1497124  -  ResidentSetSize of job (KB)
...
006 (11548321.010.000) 2026-07-29 15:59:48 Image size of job updated: 1514352
	1479  -  MemoryUsage of job (MB)
	1514352  -  ResidentSetSize of job (KB)
...
006 (11548321.002.000) 2026-07-29 15:59:57 Image size of job updated: 1519592
	1483  -  MemoryUsage of job (MB)
	1518364  -  ResidentSetSize of job (KB)
...
005 (11548321.002.000) 2026-07-29 15:59:57 Job terminated.
	(1) Normal termination (return value 0)
		Usr 0 00:02:08, Sys 0 00:00:03  -  Run Remote Usage
		Usr 0 00:00:00, Sys 0 00:00:00  -  Run Local Usage
		Usr 0 00:02:08, Sys 0 00:00:03  -  Total Remote Usage
		Usr 0 00:00:00, Sys 0 00:00:00  -  Total Local Usage
	0  -  Run Bytes Sent By Job
	0  -  Run Bytes Received By Job
	0  -  Total Bytes Sent By Job
	0  -  Total Bytes Received By Job
	Partitionable Resources :    Usage  Request Allocated 
	   Cpus                 :     0.94        1         1 
	   Disk (KB)            :     1           1      2313 
	   GPUs                 :                           0 
	   Memory (MB)          :  1483        5120      5120 
	   TimeExecute (s)      :   149                       
	   TimeSlotBusy (s)     :   149                       
...
006 (11548321.008.000) 2026-07-29 15:59:59 Image size of job updated: 1521376
	1486  -  MemoryUsage of job (MB)
	1521376  -  ResidentSetSize of job (KB)
...
006 (11548321.005.000) 2026-07-29 15:59:59 Image size of job updated: 1520692
	1484  -  MemoryUsage of job (MB)
	1519520  -  ResidentSetSize of job (KB)
...
005 (11548321.005.000) 2026-07-29 15:59:59 Job terminated.
	(1) Normal termination (return value 0)
		Usr 0 00:02:09, Sys 0 00:00:03  -  Run Remote Usage
		Usr 0 00:00:00, Sys 0 00:00:00  -  Run Local Usage
		Usr 0 00:02:09, Sys 0 00:00:03  -  Total Remote Usage
		Usr 0 00:00:00, Sys 0 00:00:00  -  Total Local Usage
	0  -  Run Bytes Sent By Job
	0  -  Run Bytes Received By Job
	0  -  Total Bytes Sent By Job
	0  -  Total Bytes Received By Job
	Partitionable Resources :    Usage  Request Allocated 
	   Cpus                 :     0.92        1         1 
	   Disk (KB)            :     1           1      2313 
	   GPUs                 :                           0 
	   Memory (MB)          :  1484        5120      5120 
	   TimeExecute (s)      :   151                       
	   TimeSlotBusy (s)     :   151                       
...
006 (11548321.001.000) 2026-07-29 16:00:00 Image size of job updated: 1513204
	1477  -  MemoryUsage of job (MB)
	1511932  -  ResidentSetSize of job (KB)
...
005 (11548321.001.000) 2026-07-29 16:00:00 Job terminated.
	(1) Normal termination (return value 0)
		Usr 0 00:02:09, Sys 0 00:00:04  -  Run Remote Usage
		Usr 0 00:00:00, Sys 0 00:00:00  -  Run Local Usage
		Usr 0 00:02:09, Sys 0 00:00:04  -  Total Remote Usage
		Usr 0 00:00:00, Sys 0 00:00:00  -  Total Local Usage
	0  -  Run Bytes Sent By Job
	0  -  Run Bytes Received By Job
	0  -  Total Bytes Sent By Job
	0  -  Total Bytes Received By Job
	Partitionable Resources :    Usage  Request Allocated 
	   Cpus                 :     0.92        1         1 
	   Disk (KB)            :     1           1      2313 
	   GPUs                 :                           0 
	   Memory (MB)          :  1477        5120      5120 
	   TimeExecute (s)      :   152                       
	   TimeSlotBusy (s)     :   152                       
...
006 (11548321.007.000) 2026-07-29 16:00:01 Image size of job updated: 1519760
	1485  -  MemoryUsage of job (MB)
	1519760  -  ResidentSetSize of job (KB)
...
006 (11548321.006.000) 2026-07-29 16:00:01 Image size of job updated: 1519676
	1485  -  MemoryUsage of job (MB)
	1519676  -  ResidentSetSize of job (KB)
...
006 (11548321.000.000) 2026-07-29 16:00:06 Image size of job updated: 1519888
	1483  -  MemoryUsage of job (MB)
	1518320  -  ResidentSetSize of job (KB)
...
005 (11548321.000.000) 2026-07-29 16:00:06 Job terminated.
	(1) Normal termination (return value 0)
		Usr 0 00:02:08, Sys 0 00:00:03  -  Run Remote Usage
		Usr 0 00:00:00, Sys 0 00:00:00  -  Run Local Usage
		Usr 0 00:02:08, Sys 0 00:00:03  -  Total Remote Usage
		Usr 0 00:00:00, Sys 0 00:00:00  -  Total Local Usage
	0  -  Run Bytes Sent By Job
	0  -  Run Bytes Received By Job
	0  -  Total Bytes Sent By Job
	0  -  Total Bytes Received By Job
	Partitionable Resources :    Usage  Request Allocated 
	   Cpus                 :     0.93        1         1 
	   Disk (KB)            :     1           1      2313 
	   GPUs                 :                           0 
	   Memory (MB)          :  1483        5120      5120 
	   TimeExecute (s)      :   158                       
	   TimeSlotBusy (s)     :   158                       
...
006 (11548321.003.000) 2026-07-29 16:00:06 Image size of job updated: 1513192
	1477  -  MemoryUsage of job (MB)
	1511460  -  ResidentSetSize of job (KB)
...
005 (11548321.003.000) 2026-07-29 16:00:06 Job terminated.
	(1) Normal termination (return value 0)
		Usr 0 00:02:13, Sys 0 00:00:04  -  Run Remote Usage
		Usr 0 00:00:00, Sys 0 00:00:00  -  Run Local Usage
		Usr 0 00:02:13, Sys 0 00:00:04  -  Total Remote Usage
		Usr 0 00:00:00, Sys 0 00:00:00  -  Total Local Usage
	0  -  Run Bytes Sent By Job
	0  -  Run Bytes Received By Job
	0  -  Total Bytes Sent By Job
	0  -  Total Bytes Received By Job
	Partitionable Resources :    Usage  Request Allocated 
	   Cpus                 :     0.95        1         1 
	   Disk (KB)            :     1           1      2313 
	   GPUs                 :                           0 
	   Memory (MB)          :  1477        5120      5120 
	   TimeExecute (s)      :   158                       
	   TimeSlotBusy (s)     :   158                       
...
006 (11548321.019.000) 2026-07-29 16:00:08 Image size of job updated: 1516252
	1481  -  MemoryUsage of job (MB)
	1516252  -  ResidentSetSize of job (KB)
...
006 (11548321.004.000) 2026-07-29 16:00:08 Image size of job updated: 1516744
	1482  -  MemoryUsage of job (MB)
	1516744  -  ResidentSetSize of job (KB)
...
006 (11548321.017.000) 2026-07-29 16:00:09 Image size of job updated: 1497480
	1463  -  MemoryUsage of job (MB)
	1497480  -  ResidentSetSize of job (KB)
...
006 (11548321.018.000) 2026-07-29 16:00:09 Image size of job updated: 1497796
	1463  -  MemoryUsage of job (MB)
	1497796  -  ResidentSetSize of job (KB)
...
005 (11548321.004.000) 2026-07-29 16:00:09 Job terminated.
	(1) Normal termination (return value 0)
		Usr 0 00:02:15, Sys 0 00:00:03  -  Run Remote Usage
		Usr 0 00:00:00, Sys 0 00:00:00  -  Run Local Usage
		Usr 0 00:02:15, Sys 0 00:00:03  -  Total Remote Usage
		Usr 0 00:00:00, Sys 0 00:00:00  -  Total Local Usage
	0  -  Run Bytes Sent By Job
	0  -  Run Bytes Received By Job
	0  -  Total Bytes Sent By Job
	0  -  Total Bytes Received By Job
	Partitionable Resources :    Usage  Request Allocated 
	   Cpus                 :     0.84        1         1 
	   Disk (KB)            :     1           1      2313 
	   GPUs                 :                           0 
	   Memory (MB)          :  1482        5120      5120 
	   TimeExecute (s)      :   161                       
	   TimeSlotBusy (s)     :   161                       
...
006 (11548321.016.000) 2026-07-29 16:00:10 Image size of job updated: 1515188
	1480  -  MemoryUsage of job (MB)
	1515188  -  ResidentSetSize of job (KB)
...
006 (11548321.012.000) 2026-07-29 16:00:10 Image size of job updated: 1489540
	1455  -  MemoryUsage of job (MB)
	1489540  -  ResidentSetSize of job (KB)
...
006 (11548321.014.000) 2026-07-29 16:00:10 Image size of job updated: 1516552
	1482  -  MemoryUsage of job (MB)
	1516552  -  ResidentSetSize of job (KB)
...
006 (11548321.015.000) 2026-07-29 16:00:10 Image size of job updated: 1516848
	1482  -  MemoryUsage of job (MB)
	1516848  -  ResidentSetSize of job (KB)
...
006 (11548321.013.000) 2026-07-29 16:00:10 Image size of job updated: 1497776
	1463  -  MemoryUsage of job (MB)
	1497776  -  ResidentSetSize of job (KB)
...
006 (11548321.008.000) 2026-07-29 16:00:11 Image size of job updated: 1522308
	1486  -  MemoryUsage of job (MB)
	1521376  -  ResidentSetSize of job (KB)
...
006 (11548321.006.000) 2026-07-29 16:00:11 Image size of job updated: 1519972
	1485  -  MemoryUsage of job (MB)
	1519676  -  ResidentSetSize of job (KB)
...
005 (11548321.008.000) 2026-07-29 16:00:11 Job terminated.
	(1) Normal termination (return value 0)
		Usr 0 00:02:06, Sys 0 00:00:03  -  Run Remote Usage
		Usr 0 00:00:00, Sys 0 00:00:00  -  Run Local Usage
		Usr 0 00:02:06, Sys 0 00:00:03  -  Total Remote Usage
		Usr 0 00:00:00, Sys 0 00:00:00  -  Total Local Usage
	0  -  Run Bytes Sent By Job
	0  -  Run Bytes Received By Job
	0  -  Total Bytes Sent By Job
	0  -  Total Bytes Received By Job
	Partitionable Resources :    Usage  Request Allocated 
	   Cpus                 :     0.94        1         1 
	   Disk (KB)            :     1           1      2313 
	   GPUs                 :                           0 
	   Memory (MB)          :  1486        5120      5120 
	   TimeExecute (s)      :   143                       
	   TimeSlotBusy (s)     :   143                       
...
005 (11548321.006.000) 2026-07-29 16:00:11 Job terminated.
	(1) Normal termination (return value 0)
		Usr 0 00:02:07, Sys 0 00:00:03  -  Run Remote Usage
		Usr 0 00:00:00, Sys 0 00:00:00  -  Run Local Usage
		Usr 0 00:02:07, Sys 0 00:00:03  -  Total Remote Usage
		Usr 0 00:00:00, Sys 0 00:00:00  -  Total Local Usage
	0  -  Run Bytes Sent By Job
	0  -  Run Bytes Received By Job
	0  -  Total Bytes Sent By Job
	0  -  Total Bytes Received By Job
	Partitionable Resources :    Usage  Request Allocated 
	   Cpus                 :     0.92        1         1 
	   Disk (KB)            :     1           1      2313 
	   GPUs                 :                           0 
	   Memory (MB)          :  1485        5120      5120 
	   TimeExecute (s)      :   143                       
	   TimeSlotBusy (s)     :   143                       
...
006 (11548321.007.000) 2026-07-29 16:00:12 Image size of job updated: 1520108
	1485  -  MemoryUsage of job (MB)
	1519760  -  ResidentSetSize of job (KB)
...
005 (11548321.007.000) 2026-07-29 16:00:12 Job terminated.
	(1) Normal termination (return value 0)
		Usr 0 00:02:08, Sys 0 00:00:03  -  Run Remote Usage
		Usr 0 00:00:00, Sys 0 00:00:00  -  Run Local Usage
		Usr 0 00:02:08, Sys 0 00:00:03  -  Total Remote Usage
		Usr 0 00:00:00, Sys 0 00:00:00  -  Total Local Usage
	0  -  Run Bytes Sent By Job
	0  -  Run Bytes Received By Job
	0  -  Total Bytes Sent By Job
	0  -  Total Bytes Received By Job
	Partitionable Resources :    Usage  Request Allocated 
	   Cpus                 :     0.87        1         1 
	   Disk (KB)            :     1           1      2313 
	   GPUs                 :                           0 
	   Memory (MB)          :  1485        5120      5120 
	   TimeExecute (s)      :   144                       
	   TimeSlotBusy (s)     :   144                       
...
006 (11548321.009.000) 2026-07-29 16:00:17 Image size of job updated: 1510204
	1475  -  MemoryUsage of job (MB)
	1510204  -  ResidentSetSize of job (KB)
...
006 (11548321.011.000) 2026-07-29 16:00:17 Image size of job updated: 1520408
	1485  -  MemoryUsage of job (MB)
	1520408  -  ResidentSetSize of job (KB)
...
006 (11548321.010.000) 2026-07-29 16:00:18 Image size of job updated: 1517520
	1482  -  MemoryUsage of job (MB)
	1517520  -  ResidentSetSize of job (KB)
...
006 (11548321.009.000) 2026-07-29 16:00:31 Image size of job updated: 1511196
	1475  -  MemoryUsage of job (MB)
	1510204  -  ResidentSetSize of job (KB)
...
005 (11548321.009.000) 2026-07-29 16:00:31 Job terminated.
	(1) Normal termination (return value 0)
		Usr 0 00:02:07, Sys 0 00:00:03  -  Run Remote Usage
		Usr 0 00:00:00, Sys 0 00:00:00  -  Run Local Usage
		Usr 0 00:02:07, Sys 0 00:00:03  -  Total Remote Usage
		Usr 0 00:00:00, Sys 0 00:00:00  -  Total Local Usage
	0  -  Run Bytes Sent By Job
	0  -  Run Bytes Received By Job
	0  -  Total Bytes Sent By Job
	0  -  Total Bytes Received By Job
	Partitionable Resources :    Usage  Request Allocated 
	   Cpus                 :     0.86        1         1 
	   Disk (KB)            :     1           1      2313 
	   GPUs                 :                           0 
	   Memory (MB)          :  1475        5120      5120 
	   TimeExecute (s)      :   143                       
	   TimeSlotBusy (s)     :   143                       
...
006 (11548321.011.000) 2026-07-29 16:00:32 Image size of job updated: 1521396
	1485  -  MemoryUsage of job (MB)
	1520408  -  ResidentSetSize of job (KB)
...
005 (11548321.011.000) 2026-07-29 16:00:32 Job terminated.
	(1) Normal termination (return value 0)
		Usr 0 00:02:08, Sys 0 00:00:03  -  Run Remote Usage
		Usr 0 00:00:00, Sys 0 00:00:00  -  Run Local Usage
		Usr 0 00:02:08, Sys 0 00:00:03  -  Total Remote Usage
		Usr 0 00:00:00, Sys 0 00:00:00  -  Total Local Usage
	0  -  Run Bytes Sent By Job
	0  -  Run Bytes Received By Job
	0  -  Total Bytes Sent By Job
	0  -  Total Bytes Received By Job
	Partitionable Resources :    Usage  Request Allocated 
	   Cpus                 :     1.00        1         1 
	   Disk (KB)            :     1           1      2313 
	   GPUs                 :                           0 
	   Memory (MB)          :  1485        5120      5120 
	   TimeExecute (s)      :   144                       
	   TimeSlotBusy (s)     :   144                       
...
006 (11548321.010.000) 2026-07-29 16:00:33 Image size of job updated: 1518528
	1482  -  MemoryUsage of job (MB)
	1517520  -  ResidentSetSize of job (KB)
...
005 (11548321.010.000) 2026-07-29 16:00:33 Job terminated.
	(1) Normal termination (return value 0)
		Usr 0 00:02:10, Sys 0 00:00:04  -  Run Remote Usage
		Usr 0 00:00:00, Sys 0 00:00:00  -  Run Local Usage
		Usr 0 00:02:10, Sys 0 00:00:04  -  Total Remote Usage
		Usr 0 00:00:00, Sys 0 00:00:00  -  Total Local Usage
	0  -  Run Bytes Sent By Job
	0  -  Run Bytes Received By Job
	0  -  Total Bytes Sent By Job
	0  -  Total Bytes Received By Job
	Partitionable Resources :    Usage  Request Allocated 
	   Cpus                 :     0.86        1         1 
	   Disk (KB)            :     1           1      2313 
	   GPUs                 :                           0 
	   Memory (MB)          :  1482        5120      5120 
	   TimeExecute (s)      :   145                       
	   TimeSlotBusy (s)     :   145                       
...
006 (11548321.019.000) 2026-07-29 16:00:38 Image size of job updated: 1519100
	1484  -  MemoryUsage of job (MB)
	1519100  -  ResidentSetSize of job (KB)
...
006 (11548321.017.000) 2026-07-29 16:00:39 Image size of job updated: 1523844
	1489  -  MemoryUsage of job (MB)
	1523844  -  ResidentSetSize of job (KB)
...
006 (11548321.018.000) 2026-07-29 16:00:39 Image size of job updated: 1504428
	1470  -  MemoryUsage of job (MB)
	1504428  -  ResidentSetSize of job (KB)
...
006 (11548321.016.000) 2026-07-29 16:00:40 Image size of job updated: 1520412
	1485  -  MemoryUsage of job (MB)
	1520412  -  ResidentSetSize of job (KB)
...
006 (11548321.014.000) 2026-07-29 16:00:41 Image size of job updated: 1519168
	1484  -  MemoryUsage of job (MB)
	1519168  -  ResidentSetSize of job (KB)
...
006 (11548321.015.000) 2026-07-29 16:00:41 Image size of job updated: 1519820
	1485  -  MemoryUsage of job (MB)
	1519820  -  ResidentSetSize of job (KB)
...
006 (11548321.013.000) 2026-07-29 16:00:41 Image size of job updated: 1503276
	1469  -  MemoryUsage of job (MB)
	1503276  -  ResidentSetSize of job (KB)
...
006 (11548321.012.000) 2026-07-29 16:00:41 Image size of job updated: 1512712
	1478  -  MemoryUsage of job (MB)
	1512712  -  ResidentSetSize of job (KB)
...
006 (11548321.019.000) 2026-07-29 16:00:47 Image size of job updated: 1519444
	1484  -  MemoryUsage of job (MB)
	1519100  -  ResidentSetSize of job (KB)
...
005 (11548321.019.000) 2026-07-29 16:00:48 Job terminated.
	(1) Normal termination (return value 0)
		Usr 0 00:02:08, Sys 0 00:00:03  -  Run Remote Usage
		Usr 0 00:00:00, Sys 0 00:00:00  -  Run Local Usage
		Usr 0 00:02:08, Sys 0 00:00:03  -  Total Remote Usage
		Usr 0 00:00:00, Sys 0 00:00:00  -  Total Local Usage
	0  -  Run Bytes Sent By Job
	0  -  Run Bytes Received By Job
	0  -  Total Bytes Sent By Job
	0  -  Total Bytes Received By Job
	Partitionable Resources :    Usage  Request Allocated 
	   Cpus                 :     0.99        1         1 
	   Disk (KB)            :     1           1      2313 
	   GPUs                 :                           0 
	   Memory (MB)          :  1484        5120      5120 
	   TimeExecute (s)      :   139                       
	   TimeSlotBusy (s)     :   139                       
...
006 (11548321.014.000) 2026-07-29 16:00:48 Image size of job updated: 1519588
	1484  -  MemoryUsage of job (MB)
	1519168  -  ResidentSetSize of job (KB)
...
005 (11548321.014.000) 2026-07-29 16:00:48 Job terminated.
	(1) Normal termination (return value 0)
		Usr 0 00:02:06, Sys 0 00:00:03  -  Run Remote Usage
		Usr 0 00:00:00, Sys 0 00:00:00  -  Run Local Usage
		Usr 0 00:02:06, Sys 0 00:00:03  -  Total Remote Usage
		Usr 0 00:00:00, Sys 0 00:00:00  -  Total Local Usage
	0  -  Run Bytes Sent By Job
	0  -  Run Bytes Received By Job
	0  -  Total Bytes Sent By Job
	0  -  Total Bytes Received By Job
	Partitionable Resources :    Usage  Request Allocated 
	   Cpus                 :     1.00        1         1 
	   Disk (KB)            :     1           1      2313 
	   GPUs                 :                           0 
	   Memory (MB)          :  1484        5120      5120 
	   TimeExecute (s)      :   140                       
	   TimeSlotBusy (s)     :   140                       
...
006 (11548321.015.000) 2026-07-29 16:00:49 Image size of job updated: 1520080
	1485  -  MemoryUsage of job (MB)
	1519820  -  ResidentSetSize of job (KB)
...
005 (11548321.015.000) 2026-07-29 16:00:49 Job terminated.
	(1) Normal termination (return value 0)
		Usr 0 00:02:08, Sys 0 00:00:03  -  Run Remote Usage
		Usr 0 00:00:00, Sys 0 00:00:00  -  Run Local Usage
		Usr 0 00:02:08, Sys 0 00:00:03  -  Total Remote Usage
		Usr 0 00:00:00, Sys 0 00:00:00  -  Total Local Usage
	0  -  Run Bytes Sent By Job
	0  -  Run Bytes Received By Job
	0  -  Total Bytes Sent By Job
	0  -  Total Bytes Received By Job
	Partitionable Resources :    Usage  Request Allocated 
	   Cpus                 :     0.98        1         1 
	   Disk (KB)            :     1           1      2313 
	   GPUs                 :                           0 
	   Memory (MB)          :  1485        5120      5120 
	   TimeExecute (s)      :   141                       
	   TimeSlotBusy (s)     :   141                       
...
006 (11548321.017.000) 2026-07-29 16:00:51 Image size of job updated: 1524216
	1489  -  MemoryUsage of job (MB)
	1523844  -  ResidentSetSize of job (KB)
...
005 (11548321.017.000) 2026-07-29 16:00:51 Job terminated.
	(1) Normal termination (return value 0)
		Usr 0 00:02:09, Sys 0 00:00:03  -  Run Remote Usage
		Usr 0 00:00:00, Sys 0 00:00:00  -  Run Local Usage
		Usr 0 00:02:09, Sys 0 00:00:03  -  Total Remote Usage
		Usr 0 00:00:00, Sys 0 00:00:00  -  Total Local Usage
	0  -  Run Bytes Sent By Job
	0  -  Run Bytes Received By Job
	0  -  Total Bytes Sent By Job
	0  -  Total Bytes Received By Job
	Partitionable Resources :    Usage  Request Allocated 
	   Cpus                 :     0.98        1         1 
	   Disk (KB)            :     1           1      2313 
	   GPUs                 :                           0 
	   Memory (MB)          :  1489        5120      5120 
	   TimeExecute (s)      :   143                       
	   TimeSlotBusy (s)     :   143                       
...
006 (11548321.018.000) 2026-07-29 16:00:51 Image size of job updated: 1523612
	1470  -  MemoryUsage of job (MB)
	1504428  -  ResidentSetSize of job (KB)
...
005 (11548321.018.000) 2026-07-29 16:00:51 Job terminated.
	(1) Normal termination (return value 0)
		Usr 0 00:02:11, Sys 0 00:00:03  -  Run Remote Usage
		Usr 0 00:00:00, Sys 0 00:00:00  -  Run Local Usage
		Usr 0 00:02:11, Sys 0 00:00:03  -  Total Remote Usage
		Usr 0 00:00:00, Sys 0 00:00:00  -  Total Local Usage
	0  -  Run Bytes Sent By Job
	0  -  Run Bytes Received By Job
	0  -  Total Bytes Sent By Job
	0  -  Total Bytes Received By Job
	Partitionable Resources :    Usage  Request Allocated 
	   Cpus                 :     0.98        1         1 
	   Disk (KB)            :     1           1      2313 
	   GPUs                 :                           0 
	   Memory (MB)          :  1470        5120      5120 
	   TimeExecute (s)      :   143                       
	   TimeSlotBusy (s)     :   143                       
...
006 (11548321.016.000) 2026-07-29 16:00:53 Image size of job updated: 1521320
	1485  -  MemoryUsage of job (MB)
	1520412  -  ResidentSetSize of job (KB)
...
005 (11548321.016.000) 2026-07-29 16:00:53 Job terminated.
	(1) Normal termination (return value 0)
		Usr 0 00:02:08, Sys 0 00:00:03  -  Run Remote Usage
		Usr 0 00:00:00, Sys 0 00:00:00  -  Run Local Usage
		Usr 0 00:02:08, Sys 0 00:00:03  -  Total Remote Usage
		Usr 0 00:00:00, Sys 0 00:00:00  -  Total Local Usage
	0  -  Run Bytes Sent By Job
	0  -  Run Bytes Received By Job
	0  -  Total Bytes Sent By Job
	0  -  Total Bytes Received By Job
	Partitionable Resources :    Usage  Request Allocated 
	   Cpus                 :     0.95        1         1 
	   Disk (KB)            :     1           1      2313 
	   GPUs                 :                           0 
	   Memory (MB)          :  1485        5120      5120 
	   TimeExecute (s)      :   145                       
	   TimeSlotBusy (s)     :   145                       
...
006 (11548321.012.000) 2026-07-29 16:00:53 Image size of job updated: 1513164
	1478  -  MemoryUsage of job (MB)
	1512712  -  ResidentSetSize of job (KB)
...
005 (11548321.012.000) 2026-07-29 16:00:53 Job terminated.
	(1) Normal termination (return value 0)
		Usr 0 00:02:14, Sys 0 00:00:04  -  Run Remote Usage
		Usr 0 00:00:00, Sys 0 00:00:00  -  Run Local Usage
		Usr 0 00:02:14, Sys 0 00:00:04  -  Total Remote Usage
		Usr 0 00:00:00, Sys 0 00:00:00  -  Total Local Usage
	0  -  Run Bytes Sent By Job
	0  -  Run Bytes Received By Job
	0  -  Total Bytes Sent By Job
	0  -  Total Bytes Received By Job
	Partitionable Resources :    Usage  Request Allocated 
	   Cpus                 :     0.99        1         1 
	   Disk (KB)            :     1           1      2313 
	   GPUs                 :                           0 
	   Memory (MB)          :  1478        5120      5120 
	   TimeExecute (s)      :   145                       
	   TimeSlotBusy (s)     :   145                       
...
006 (11548321.013.000) 2026-07-29 16:00:55 Image size of job updated: 1505832
	1469  -  MemoryUsage of job (MB)
	1503276  -  ResidentSetSize of job (KB)
...
005 (11548321.013.000) 2026-07-29 16:00:55 Job terminated.
	(1) Normal termination (return value 0)
		Usr 0 00:02:08, Sys 0 00:00:03  -  Run Remote Usage
		Usr 0 00:00:00, Sys 0 00:00:00  -  Run Local Usage
		Usr 0 00:02:08, Sys 0 00:00:03  -  Total Remote Usage
		Usr 0 00:00:00, Sys 0 00:00:00  -  Total Local Usage
	0  -  Run Bytes Sent By Job
	0  -  Run Bytes Received By Job
	0  -  Total Bytes Sent By Job
	0  -  Total Bytes Received By Job
	Partitionable Resources :    Usage  Request Allocated 
	   Cpus                 :     0.97        1         1 
	   Disk (KB)            :     1           1      2313 
	   GPUs                 :                           0 
	   Memory (MB)          :  1469        5120      5120 
	   TimeExecute (s)      :   147                       
	   TimeSlotBusy (s)     :   147                       
...
